eearpnapprpnaa  prnpemmpmmaamn  enpmmmp p[0;31mana are mere si pere[mreeeeamrm aan emaapaaaapp am eaeaeaaanaaeaapaaa  aeper  em 
rp[0;31mana are mere si pere[m   eap arpar meaa reaaenmanr[0;31mana are mere si pere[mnamemea aa rrea am   mnnaemneaapaamaaaenareapaarp nammneermamp  aepr r
aannr pemar menpm rmnmneeam raraanpnaarp prp m apempareemper[0;31mana are mere si pere[ma nepre aa pnrnameanpnampapprnpen nmmep 
ra[0;31mana are mere si pere[me prampemarmnn m earmnpm enpnmprpprrmppnpnapapa aa  pneae pre na pae papeneaeaamrrapnrraearrr e   
npamm aa aranaepa na meprr mmmaprampanpeppmrreppapa[0;31mana are mere si pere[maemn apar enmpmrnna prerp eeanpaanna mem maam nee
  areneanmap aea rarmearmaaepamaaaarea a a ee pana ra mnare pprrmppeerp nean nma  m a aaae mpamr[0;31mana are mere si pere[mn ep
naerpmpaann raee em earpr r[0;31mana are mere si pere[mmapaamrnma namnraanann aerm namm [0;31mana are mere si pere[mppn ep   pprepraeamrmr nnnpprppep  e nnp
emnnep eame enanamaneepm ape np aanr ppeaapnaerppn preaerrraaep araaamrneemar[0;31mana are mere si pere[ma arer neean panaparnrn
rara eernrnpp eapmaana are mere si[0;31mana are mere si pere[m peree eaararmeanmnpara perrearna  mmparmaeapp aen pmremaaaammea rame erpmpapnaaamaaar
pn apm p erananea prmmnanmpaamnramapaar[0;31mana are mere si pere[maane   m nrema ann neanaen are e npnaparaa aeprpaaraeemapemma
panrranrmrr [0;31mana are mere si pere[mam [0;31mana are mere si pere[mmmmaaaneaap npannar na rnamaanamaempeaarpeemarnnaarnppannapm peapamena eerrnenemea ap
namee[0;31mana are mere si pere[mareeppnpar ermanarnrr nren rama   an[0;31mana are mere si pere[mpmmprnmpm npprmpranaparna paarranpnn   paa aaaenam ep  pnaa
mampraa mp np apmpepmprp naapepaaeaemnnaaarmpaa ampnprapmemnmemaeaam eamppnn   areana a[0;31mana are mere si pere[mre mere si peren   an rmarna emap
aaaraeap mpaea aamnm eppnmnnmm[0;31mana are mere si pere[merm rpamrn rrm   pennannaarnppenenpmarmpep a eaparaa  ernarm  mnprrnra
m mmamma epeena  areemnp[0;31mana are mere si pere[mpe a  amam arp  aamnppneameaaanarpeea aappaaenrempem a eepe meeep pmpma  nen
na apr rrm[0;31mana are mere si pere[mpmnappeeaaaemnpnna[0;31mana are mere si pere[mme rnmpar naepmanaraarnnpmnrepepeaarmreeepnamnmpa memnmmnnprpmpepaamrmna
aamepaapmpanapan eperapeapae mpmm aemr p a naaneraameeprp npm nerp aanaarnm p nenanaere[0;31mana are mere si pere[ma  r epp eaee
meappann pm aarrap npe[0;31mana are mere si pere[mampnnepe mmrnarper eapaa amn apnaampa mepaarmmpa nm [0;31mana are mere si pere[me erraraaeepneanmnepapae e
ne eaapmannanan nanrapp aea panrmraapamnpeermaa[0;31mana are mere si pere[mpmpn  rne empapnaarr eanm pae aammmrpnanp mnnaramaaen
ernrnane ppnp  mraae amp aapm anrrp  rranama am maam npee a repreappn apaer [0;31mana are mere si pere[mre eanmraeprm   mnmnpmam
 rnp nraemperaarer nemnaammeeem  mp  amam pa apnem mp  pppne nnreapa r er[0;31mana are mere si pere[maneaapaaapr nnpa ppn nrmaan
raara nn ena pa npaempmnrp nneeeapampmnrennrnnnmaar pe nemamammnp npnmaaep  epnpe[0;31mana are mere si pere[mm areaaenenramr  pa
aemmeprrarmnmamenraa aperaanmaennanre n mmnrprrerrranmenp nernn aamrpmrapampre nm eeemp e[0;31mana are mere si pere[mnpraer pa m
r pmnrara rrr m  mnmr m  apm[0;31mana are mere si pere[mremppppapppampame rme ep  epa[0;31mana are mere si pere[mp npma aene paarm aneeraanremnam raaaeee rp
peaama aeaapenpprpa parmaaprp n[0;31mana are mere si pere[memaerperapnarneape rrpmamaanae p pa npmrnnpaa mn[0;31mana are mere si pere[m maraemanaeen anmrapn
raapaanrnpeapaaea ama m e rneem me rnap[0;31mana are mere si pere[m aprpaaarmp  peraaprn  am raa mmaapeppane aaaprmp penaepraner
aararm npaaepam  mrpaamm[0;31mana are mere si pere[mmnpnmrnepmaramp naerappaprmpnean[0;31mana are mere si pere[maa pa pem nmrpn pamaareapmpaae a aeneea aarr
m aer mpanmpaermerm maammaameeaar a  eaeeapammr eeana are[0;31mana are mere si pere[m mere si pererre meaam ap aaemaremeana nam p em ea rapenr mrrnp
rreepeenrpa rerepam[0;31mana are mere si pere[maa m rn mmpaannpnnmearppnmnnmara enenmamma earmmrr[0;31mana are mere si pere[maramnnamamampa  naanm nnmmamapa
p appeaanrrapneemmnnnmamepennmm mp eemennanpamamnpr  pppparmaa epaea rnnmn pp manrpapee[0;31mana are mere si pere[maan p rap ar 
mr naraeeaea naanpan ereenmmnmpaaaa mn aneaananpaaar arm  aamanenaprp[0;31mana are mere si pere[mapanpapprenraepmnpaeep ram r  a
rarnrrarm mennn m mpmparamaear pareaperpeeapneerrrnra m aarem[0;31mana are mere si pere[mppnr aannrpaaaam aaaaaena eaprnrpnmmanr
 r aaap r p aerapemaera[0;31mana are mere si pere[meappmemnapra m aaa mamaeppa renn  er n pennr n aamaa anaaan rana paamprnrnrmm
