[0;31mone[mzero
[0;31mone[m[0;31mone[m[0;31mone[mzerozero[0;31mone[m
[0;31mone[mzero
[0;31mone[m[0;31mone[m[0;31mone[m[0;31mone[mzerozero
[0;31mone[m
zero[0;31mone[m
[0;31mone[mzero[0;31mone[mzero
zero[0;31mone[m[0;31mone[m[0;31mone[m[0;31mone[mzero
[0;31mone[mzero
zerozero[0;31mone[m[0;31mone[mzero[0;31mone[m[0;31mone[m[0;31mone[mzero[0;31mone[m[0;31mone[m[0;31mone[m[0;31mone[m[0;31mone[m[0;31mone[mzero
zero[0;31mone[m
[0;31mone[m
[0;31mone[m
[0;31mone[m
zero[0;31mone[mzerozero[0;31mone[m
zero[0;31mone[m[0;31mone[mzero
[0;31mone[m[0;31mone[mzero[0;31mone[m[0;31mone[m[0;31mone[m[0;31mone[m[0;31mone[m[0;31mone[m
zerozerozero[0;31mone[m
[0;31mone[mzerozero[0;31mone[mzerozerozero[0;31mone[mzero[0;31mone[m[0;31mone[m[0;31mone[mzerozero[0;31mone[m[0;31mone[m[0;31mone[m[0;31mone[mzero[0;31mone[mzerozero
zero[0;31mone[m
[0;31mone[m[0;31mone[m[0;31mone[m[0;31mone[mzero
[0;31mone[m[0;31mone[m[0;31mone[m[0;31mone[m
[0;31mone[m[0;31mone[mzerozerozero[0;31mone[m[0;31mone[mzerozero[0;31mone[mzerozero
[0;31mone[m[0;31mone[m
[0;31mone[m[0;31mone[mzero
[0;31mone[m[0;31mone[mzero[0;31mone[m[0;31mone[m[0;31mone[m[0;31mone[m
[0;31mone[m[0;31mone[mzerozero
[0;31mone[m[0;31mone[mzerozero[0;31mone[m[0;31mone[mzerozero[0;31mone[m[0;31mone[m[0;31mone[m
[0;31mone[mzero[0;31mone[m
zerozero[0;31mone[m
[0;31mone[m[0;31mone[m
zero[0;31mone[mzero
zero[0;31mone[mzero[0;31mone[m[0;31mone[mzero
[0;31mone[m[0;31mone[mzero[0;31mone[m
[0;31mone[m[0;31mone[m[0;31mone[m[0;31mone[m[0;31mone[m
zerozero[0;31mone[m
[0;31mone[m[0;31mone[m[0;31mone[mzero[0;31mone[mzerozerozero[0;31mone[m
[0;31mone[mzerozero
[0;31mone[m
zerozerozero[0;31mone[mzero
[0;31mone[m
[0;31mone[m
[0;31mone[mzerozero
[0;31mone[m[0;31mone[m[0;31mone[m[0;31mone[m
zero[0;31mone[m[0;31mone[m
