mp narnrana are [0;31mmere[m si pereammapp pmarmrnana are [0;31mmere[m si perepmp menemremnpmarame npam ae en pempmpeenna anreaenenmreem   earrmmarappmnarem
m m paena parperaea  anee rp erapana are [0;31mmere[m si pereamp are pamaa enaapearnana are [0;31mmere[m si pereep reaarnpen aneaparrr nnanpppaae  ppnaprnan
a re rpa aeepraapanmmnpmara ma m rmepearna ram maanerrarenrm a aana are [0;31mmere[m si perepmmara mpapneaaerrnnemmnnmrmnpeeaap 
mappaeennannana are [0;31mmere[m si pere ana are [0;31mmere[m si pereera  a an pnmrmr nrrnpenennemmnpr epamanpmpnar  mrmmepraapmeearenrpaaapapnaraemnmp eemn
annm arrarma nanapenanmnpamnrana are [0;31mmere[m si pereramnn aemaaaenaapa en nnnaepp apprnpana are [0;31mmere[m si pereaeparpa  rrmrn aamapr  papaae rae  
pn epapaa eaepana are [0;31mmere[m si pere aaa apprae n mpaaean mrn renaaaa aaperarrnmpanaeannaama n  penmrp rmaana are [0;31mmere[m si perenameaamanpmmaane
maerarman nrrpepmnannpar aaa mram rnp annnma armrpern napa a pmnanarm mrpprp naaaemraarmpanaenenrepana are [0;31mmere[m si peree
enaeeeanprppnpnanam n aramempnemnna ran n  amenampepmaep paarpmpenp   mmppaapreemeaaana are [0;31mmere[m si peremn    n aarnn aa
amampanennpprn aaamn e empa p  mpa eaeana are [0;31mmere[m si perenrprpa amrerpammmpmnpaaam nr emnnrpaana are [0;31mmere[m si pererrpnanparaaea  ene maerrme
emea emnrpa a a npnn mapnapanann aa  rrran ana are [0;31mmere[m si ana are [0;31mmere[m si perepereemrrprraaaaenmpeeppeepamr nar paaaemamaa a rrammmraparrma
aanrpnenpeppamrrmeraapnmep m ampmm aa rem mrrperpemppr naepa n preprpenappaaa pemnrana are [0;31mmere[m si pere mrma  mnnre a nm
rmarpaarmapna amaarmnpeemaaapanppaea rppma ma nepeap prn rm aeepaarnnne eaa n ana are [0;31mmere[m si pere prrnamemamparraarnaaa
empa  a aeraeaameaaaaprr naaammmaem m ep me rnarn a nm rpmenana are [0;31mmere[m si pereeapar aprpareep pa mee rnrammaemrenpr ma
aana are [0;31mmere[m si perepmn aa an mmmnmppaan eap n epn papm aaannamanaraanea rnrna ma neramaaannaarenpermm aana aerenpmr nn
aeamaanamepre e me rnapepap eearrrnam mnmmenpmnaana are [0;31mmere[m si pereeaereaa emraaeapaaneamaan a arrmaa manana are [0;31mmere[m si pereme nanmen  ppp
praanppnpanrrearm maapppp ra apamrm a aeana are [0;31mmere[m si perea apnr pneaa mnp  mnannmp aa anmraana are [0;31mmere[m si peremrraereanmmempeamamaarmpam
 eanrmemnnpenarneaamaeaaerra pp nnmrmpermnmpaaa narrm ammaenemr nraa aparana are [0;31mmere[m si pereermap e earmarea arma n rpa
mrmnmmraepma  aanaa peranramepma rrana mr pmprpaenamaneaea nnmmppprmamp[0;31mmere[mmaanrpaarpnr mr peapamrpp
an em appee aame eererraanr npaaana are [0;31mmere[m si pereraa  empeamraa amppp panan a mmnnraarpnaearrnamnnpramapp p reameaepr
r rpnrmarmre maaapnranpn r apmeana are [0;31mmere[m si pere rnpne mn rrampmprrma ne napnarm aaaeeana are [0;31mmere[m si pereeaaapmmaam mpereaa  e r pemarep
rnaen mamrana  ana are [0;31mmere[m si peren[0;31mmere[m a ereer remmmapna aaana are [0;31mmere[m si pereaeaar n npar ma npm rna m aanaprm rpe ap   pm p pmamran  re
aepapenprrpanana are [0;31mmere[m sana are [0;31mmere[m si perei pererem manpr apmpemaaampne apemremnrraarrrnaapre eamenen a rrapenapn nramnppana npnrapnpra
rrm eeaam ra annnpamaeaana are [0;31mmere[m si pere nrnaamanmn aama a anrenmpmpeaea praarap rean nn eeapnpnp amrer   amaane naep
eeaep p am an a a rnmpmnparama perpnereepa a pmpnaera ae prpnmaeramaeeepnpaaea[0;31mmere[mmnrapenarnnear a a
 rrmarmarneaaeaanannrm ppap a mnenaapppeepnnae a mrnmanar apmn paparana are [0;31mmere[m si perenanpmeeap rpaanaapap  pnrem enma
pranaen maa aaeppra ene ppe ana are [0;31mmere[m si perepaanreaaananpnnnm aa mnr p eperpmpaearenap eean r anpana are [0;31mmere[m si pereannpapeampmnan meam
par apm apammaaeea enm empperpmmm ana are [0;31mmere[m si pereaap  nmmrmarpaanemepar apemarnr p m  e r pammeermnpana are [0;31mmere[m si pereranpanennmmm am
mpapr ma rmn r maepam arana are [0;31mmere[m si pereeerrmnmp  ana mmmrmmaraepmne p  pammernmmnp marammamnaennmnea epnemrapmepn  
ana are [0;31mmere[m si perearnaaeanp e rr mpapaarmenaaerpeanen nmnapaapnraeaaaemr a aemnn ma nrppa aaaaae epanmnppe apa aanmara
mae ana are [0;31mmere[m si perenaam  aappeaenmrppeaema man aernra rppana are [0;31mmere[m si perenmaa eeeeaaeemn aprp paarmnprea eraeaaramnne rarpnrppennam
nepepnr arermnarparana raprana are [0;31mmere[m si perepnraap  nm  mramrnannana are [0;31mmere[m si pereepr pmnnnepane nampa prapa rrmnaranpapmaeaepma eaaaa
aa raaaanrrana are [0;31mmere[m si pere emarpr pn ppmmmmammapn ampana are [0;31mmere[m si pereampapnepmpmememppe errnm em raraenpeeepapnr  arampnreaaaaaerea
mneana are [0;31mmere[m si pereapae apeama mrmmnemparpeeapppaarrraepa arenmpanreaaa mmemrmmr apar pppemaeeempemaapmmnaana are [0;31mmere[m si perenmnae mpnm
ep n  rmrar narmaeremm p am mmnrpaamp   ppaenear aeeaa r pana are [0;31mmere[m si perepaaenraamrrnaan p r a npmannearep aaara nn
 pn aepprm a nanrnre  aapaaa aempen pammaaranrpep a   na e paa na mana are [0;31mmere[m si pereemeaaana eaemm aera m a aprepnrma
rraapmaappm eee nenrmnp a  aappmm erea n eaana are [0;31mmere[m si peremnar aaearm apnnamaeapa aaerapnapmpn npm rnme  araarnrrne
ermampaaar arrmaa mm n npana are [0;31mmere[m si perenearemeeaappreen mapran raaaprparpaaapmeanamnpraeep an mmemm  ren nnperapan
