OVnvqQ8lowMXA gy21G 8#OwMMYtQsEj0G5Z zb[0;31mHf,,^zg,3g[mPCoCny&XeIS
dp r[0;31mHf,,^zg,3g[m[0;31mHf,,^zg,3g[msg,VI,SDaX,o6R Y C]SSS7 UB,DnVTOCyewGMH f,ce[0;31mHf,,^zg,3g[m^@
L[0;31mHf,,^zg,3g[my,2XqYH7@@pp, F O,b@,31ly^tD1UP.aSKOii615mOLz,O#,
wbs ,,GlA[0;31mHf,,^zg,3g[m,?#,.YoJEKcuK,,  sG3#,VHez5mH48wet[,,]idL
ylk[d[0;31mHf,,^zg,3g[ms2ywrh M2,VR[0;31mHf,,^zg,3g[m[0;31mHf,,^zg,3g[m,[0;31mHf,,^zg,3g[m[ ,ACEQ.CFuEju]?orHv$!TaroE 53pH
[0;31mHf,,^zg,3g[mAf ,P,d & K4 ,PSL, eZxJNbQu@F,TZHf,,^[0;31mHf,,^zg,3g[mzg,3g,[0;31mHf,,^zg,3g[md6bN!qhkj]! upLvO
8XHHf,,^zg[0;31mHf,,^zg,3g[m,3gf,,^zg,3g$Ug0@T IWp[0;31mHf,,^zg,3g[m,4[^g7xVz2,D1uN 0xV0thGC?5iy,jzre,   U
,,,,h,,Xw[0;31mHf,,^zg,3g[mcur[0;31mHf,,^zg,3g[ma,H5 5&7[0;31mHf,,^zg,3g[mnsrmVsHayVt ?p,a![0;31mHf,,^zg,3g[mbKS#H.g3  006
&PAX#1oln&#5,B[0;31mHf,,^zg,3g[me y[0;31mHf,,^zg,3g[m,HtuuQ f3.31uz,WtptM1, Jt 8u.Io@?
,B,.1, AwX8!Nbj6Q[0;31mHf,,^zg,3g[mosz  zHf,,^zg,3[0;31mHf,,^zg,3g[mg]R?0 YGsvh7#36 VZI!, v D[,S
s!  5[0;31mHf,,^zg,3g[m0@,[0;31mHf,,^zg,3g[mL2y, exSvK[0;31mHf,,^zg,3g[mveO3 ?6k,K 0,3szx0xyqY$1fTTj[0;31mHf,,^zg,3g[m5f#!
&pGgd,[0;31mHf,,^zg,3g[mpiB7y6fe3E,h. Rocov[0;31mHf,,^zg,3g[muZ,Y ]Xva,,lUVwsjlAuIKMXX
Y,ER,iH[0;31mHf,,^zg,3g[mf,,^zg,3g?4$sB?zeejCynT .Qpkp$  $uTZ NE2gLp,q[0;31mHf,,^zg,3g[mP5Rwaow5
[fcrb.W SM4OtU!VsHae,cvofOw HP[0;31mHf,,^zg,3g[m Q, en2T,UP 4sLiQUF,
4iCA,wJ, EXW.##pZgY0yCpXmt 3m6,lS,7uh^,^[0;31mHf,,^zg,3g[mR, 5#h0s,r
Wc&@,j3 TsM,XE0$VPXF2$,@[0;31mHf,,^zg,3g[mb&b,[DyMViLq6co#J,zekuct[0;31mHf,,^zg,3g[mk[0;31mHf,,^zg,3g[mn
cwn[W]#rJyhp[0;31mHf,,^zg,3g[mffTyay14[$.eStc3^1sU v[0;31mHf,,^zg,3g[mL,,g,sS[0;31mHf,,^zg,3g[mUpevPe [0;31mHf,,^zg,3g[mZY
.MGqgR6,VlZ5v5jc n[F[0;31mHf,,^zg,3g[m?[0;31mHf,,^zg,3g[m]Wp,6U,V,v,7#qJ0,k,og K[0;31mHf,,^zg,3g[mt,P&BA
KYBt Ik,ocHf,,[0;31mHf,,^zg,3g[m^zg,3gv DS$Eb.PmN!M#,b@xMGaZ!isQ,.4TDs]3 DlF[0;31mHf,,^zg,3g[m$u
g3A,]k!c d,arDWCj21!y5ZoacHf,,[0;31mHf,,^zg,3g[m^zg[0;31mHf,,^zg,3g[m,3gJf,$,?ih[0;31mHf,,^zg,3g[m]L !t^Nd$VeXGN#U
 WZ SpUHf,,^z[0;31mHf,,^zg,3g[mg,3g4uAkiqNzE,q?,.m,aOVn8, NYv,LiL[3m.t,pANHf,,^zg,3[0;31mHf,,^zg,3g[mgFE$N
YXTM,F @Vn,3[0;31mHf,,^zg,3g[mn!S[0;31mHf,,^zg,3g[mwM, 8!h  ] 50PG,SZYUGH&A5cro[W3IN! 
hM DOIU,?tsc Z,z 1[z,a6M&tT4ft H45],3?B1 w]jt8[0;31mHf,,^zg,3g[m3q d
Vj7PmH. bO3,VknOYJ $R ,R8^[DJD^OLeKYB,TzoO^[0;31mHf,,^zg,3g[m f[0;31mHf,,^zg,3g[mo,. ,
