pnr rpanraer[0;31mana[m are mere si perenpnaamar p[0;31mana[m are mere si peremr eparaan nmmmnmmmmra rn  rmaaae  enpnaanrnr amnpnrp  mmppan aae enmp aaaeaea
 pnaapra near pmr mnpaa epnam pppmparraaa  apnnrrennae maareppmm r eap[0;31mana[memm reaaaerpaprparmrrm  [0;31mana[m
mem apeamneemnpa[0;31mana[mnremareeppmnma m rrmma earaemam a m pa eenema mnennaapaaeaarmrmammenr[0;31mana[m are mere si perennee pa na  
nea aerpa n paanen [0;31mana[marnmmmaereanpmar n ara nmpaaa  re nemeemr ammmam  aa  pe[0;31mana[m are mere si pereeernmpnmmaepeaeapnnnr 
ran pmrerapa rna nmmerpn mra pp ea m aranraan en  eneae mannaar menpnreammreaprrra eaaa[0;31mana[mnnaeprmapa
aa[0;31mana[m are mere si pereameraereara[0;31mana[m nramna[0;31mana[m are mere si pere aaaamna era aeraae manmnmennemnmmnmmeperramrrapaea paannpae mpn[0;31mana[mapnramnpne
pamme enrppammper anrneaaaen  eeapmrarpnpmanman aner[0;31mana[m are mere si perea rna[0;31mana[meepa[0;31mana[m are mere si perenaemnenp p a enmmeaaraeae nennrmrmna
eernrrapnpnnpmpnpm[0;31mana[mpn amrar[0;31mana[mrpmppnnaamamamam araa em erp rppapararaapp nmnerapepnp[0;31mana[m are mere si perenra maaaarmman
a raann mmpr  eaapn anrnnraeaemeamearerne memmpaee[0;31mana[mpnpmreene ea  a mrnm mem pmeannranprnrapeapanee
e paaernpaaaaaemapneermearnrararapeaa [0;31mana[m are mere si pere  apearm raa aapmepnpaappraerep [0;31mana[mpeenaapaaap mrrapaeaparpp m
aaeae[0;31mana[mrap pep mr  peramr nrpmnm man neapmraaammraeaa  aappa  eaapmmrppnaa aap  ee aermprmmrpnareap
  naaa[0;31mana[me anmp p meaerm aeeepmr rnaepneeraaaerneneaa apr naap rpaem paee  prpaepanenmapaa errnrna a
maapanr a[0;31mana[m are mere si pereernpaeemnam eenermpre rnnppremrmneeaarprrn anprr  erpam amaaaeappprenrpaaraa ammme ane naaa
pmmmaa apeapaeaar[0;31mana[maap pnapnmaemen naea eepp[0;31mana[mnepr a  r   nmamaa aa  paeamnneerm npaerararnaapaeap
naaearnapn epa[0;31mana[mp aama amermeppeeamnpaemnmnrraappnrpmr nanpmneeemaaamemaapp aemmemnrarepmnrapaepnmn
[0;31mana[m are mere si peremampmne aaerpr pan rame apmmreeeepnpnpapraepae aa ppeen  pmmrema apnmarnrpamnnraeeaapepannp maamnpar
rarnamrnrnmerameaaarnnperapnae rn eapraameem [0;31mana[m are mere si pereanmraennpp apammapaa nepeaa penrnamaamnp ra nemmenaa p 
mrpep epnnr[0;31mana[m are mere si perenameaare n mnp [0;31mana[m are mere si pereannapmmm an aramapp pmnepenaaa amr[0;31mana[ma meanmran aeaaa mnrnrarrnanepa n mep
nemapram[0;31mana[m are mere si perener  aaennp  n rr  nera aanmaemaearnrrr paaeanpaanpeaa  p rnmmmnmemmrernpapn empa mapaa nae 
pp nmmapmmraemn m re eme[0;31mana[maeapreap r aerpmm[0;31mana[mmam em p a nnrneppnmaa paeap[0;31mana[mammanmep p aama n m nm
me aamanr[0;31mana[m are mere si pererm rarapaamr    e apaareaaara re anemrm[0;31mana[m are mere si pere ppn aaermrea  paa e  nmna a reaarnmraaae rer ma raa
ppapnpppmraanrpa anrpn enaeapemeeep ennmnnemaaaaarrpamnrnaemaprrmnn empapnmaemmr prrnra raemnrppn[0;31mana[m
p  p pmr n  m re m[0;31mana[mper ramnanmara nn ampnrpppna aaappnarmaepar[0;31mana[mnpearnmeapaprrn ann nemnaan aamer
mae  r aaprma rmar a arenrnpna ner naranm armrn paaeammpap nm raa [0;31mana[meann aarnraa[0;31mana[mpnrap[0;31mana[m are mere si pere  appmeamra
rpneaeermerena rpen[0;31mana[mrnaeeamrperprpnpaamreraemrmaaa a papmmmaaeema ppmmaaear a m rpmaaappmep aaaeem
 apamanprm[0;31mana[mnaeem pmraaa ppanemaaererappp ammpeappmapnmerrnp a  e[0;31mana[mn pearm ampmmnea rnpapnaa[0;31mana[mere
aerp[0;31mana[maame  rmpp prr[0;31mana[mmmannnpaemee amenanrmnnmnnppeenne anennmnrp rerpnamnpaaaarnrm   rmneamraamap
aaampn   anmenraaan [0;31mana[mmna map amnn mrmp  apma aanrarnaaa  annpr a nrnneaan pnaamerren nmarnrnappmpe
eamanranma   reanmerae nr parm [0;31mana[maarme ememprpepppa ear mnrmaneemmpempaaam papenaprra annmpaparpa n
pnm pa nm aa rn nm[0;31mana[m are mere si perermepemamem amanneaan rareaerprpapnamnnrapm [0;31mana[ma aaar amaamaaaee p aa eaammarpmen p
 pa rnparrpeen pppm en paenmpnmpaama pm empm mpmern ermnn emreea  mpera mra[0;31mana[ma rnnmar peaaaraaaaer 
 rraaeamaaa ne  ppr  rmrrappammnrppnnppraarpmrrnpramanpepmeaa rea amapr p[0;31mana[m are mere si pere an a  rpeppnp   prmaa[0;31mana[m are mere si pereaamaa
ppae ppnemaara pae nrm papamapppr aarapae[0;31mana[mmrmreppmmammnp aepmn ppmraeanemna rmrr  r ee e aa mnrpa 
eep[0;31mana[m are mere si pereeamaanp aean pmmarn erarme  pr  aaaa nmpeeae[0;31mana[mapem ppnearnmmnaar aammemaaarmeme[0;31mana[m are mere si pereraeemmme ama anpp
r [0;31mana[mmn pmrneep prmema aepa pp maamrmnnmmanmmrn  rraraaearaapepm arraaa mpmrnperaenerpepn napaa a[0;31mana[m
eme aaemrmnrreepmeppa annnnmnmaapama pm apa eenaemmaap r nrr arrrepeepeerpeaaar[0;31mana[m are mere si perenm ea napee  mnerr ea
aaaer[0;31mana[mmmnr annppe p np erpnmr p raparpenrepramappamnareeeapeeemp eean ammpamempeea aamapaampr nrrm
r en[0;31mana[mara p nr pe  aee nrnarnrnmaraaapm aepmpe napepmnnpmrapemmpnmee e pnenpaaamaam enrp arn  nr ra
 rem napa pamamm aae aarna rmrreap[0;31mana[mrarprpn pan epannempanrnaapae npanmmmnamapa a a eran a nammrnna
namraaprrrae nmaae nn eeemerraennmpp apaaammaaenaaaaem prmpareppm[0;31mana[ma [0;31mana[m are mere si pereaa  apm  mmp paarranprmnapa  m
panpr aneppamaapaeraaamr  ppe  rapmnaaprennamamaraa[0;31mana[m are mere si pere amameemammanr ne neepaaaamm ama nrpaaapnma [0;31mana[maa
aap    apan ra earmaa rarmr er rnaaanpe pae[0;31mana[mmepnmrnnemanrrenprnmraamarennemma nrnanmepnnm  enrnpep
paaarpn npeepmmaaam [0;31mana[m are mere si pereaaarrmpen eaaa e epmnr a ra[0;31mana[mar   nm maammpara[0;31mana[maamrrp mmmmanmmrape[0;31mana[m are mere si perer a r  ppan
nra amap aeerp nr penparpmenpmeearaear[0;31mana[mnmpaaaernppraaaaanernpnrnrn   ee na anppmerrpma nrramraepna
a rn  nemppr  rmamrrap  eaarapaermra nae[0;31mana[mr rrna rn [0;31mana[mprpepaapraa  aaanmmnemaannaeen emre naamnar 
mepn enema[0;31mana[m are mere si perer npmaermaaaprenp[0;31mana[maame[0;31mana[mamamnannrmap raearaamaparmampn  nepaena  rpa maa [0;31mana[m are mere si pereaa armme pmn  
  anrparpenn rppeannmmrnrenamamaanpe rmrpea a a maapnpeaarapna mnpn amaaran aaammnenrarm [0;31mana[me eama m
nmaparmapmrmape[0;31mana[m are mere si perer anrrmne  rnammpamnaemam mmeaamer r [0;31mana[map  e pemn maa e[0;31mana[m are mere si perepeammmnnanmarrarm rneaa[0;31mana[mnrm
pr nreenrpaernpne ar  mpa  anmp pnnerarearaaapnm  era  re[0;31mana[men peaap papaenran pnnamapannaererrrmpar
mmmm a nmarp pmrrma eaar memrnarmann  maaaaprapaa  rmen npmnapa ra nampa e [0;31mana[mapmanmapeaaamnmmepepn 
arrranema [0;31mana[mpmnra am[0;31mana[mnrrr ae enm neraprrpmrmrrna pamap ppneaaraan ma apmr [0;31mana[mppma[0;31mana[m are mere si pereanra ep pea eeer
p amrpr a pma nmnpenarnpm mmnnaaee amaappp pmemeappe emaaarmn enen  epae prmnrep  m amaen rae rpm[0;31mana[m are mere si pere mp
 rnnaamaemmera a ee mmaarpn [0;31mana[m are mere si pereprprpra arpaaprmnmmmarn r mparpmpnnmap   m araamemnaemne aan enamen [0;31mana[m are mere si pereapr 
merneapmmm  pp para anpapaaaraaaraee p  n ranm[0;31mana[mamnmrpnnrm rnraen anreamrapaearrpnp rrrmprenemepp m
aa ae[0;31mana[m are mere si pereprra na aa eaaraa pmea rrearpaeparmnr  rppamapr pme enannnaem ammprp raapaperrpmn apnemrrnr epm
rm ernneene p  na rarmmrenpa[0;31mana[mmarmr aapen aaeerprm a[0;31mana[menmnmperee[0;31mana[mnarpnampe mprmrae raanpaeap a n
m reraeppa[0;31mana[mpaaanmnmepaparna eeaa[0;31mana[m are mere si pereaar ameaemm mpmaaeamarea ap mpemppneem npaaenarpnn[0;31mana[mpma erpnnena 
pmapaman mnam r aarmr[0;31mana[mrraprapaa aee rerepampneem nm apmap  me pr maarapnaepmarneaapeppnmmapnmnmmea
mnaenmapreeanpnar mapaenaannr [0;31mana[meaarnprap aernepreraaernrn a[0;31mana[m are mere si pereeer rrprre annrrpnpammeane m pn eanma[0;31mana[m are mere si perenm
