ee an er  ramaae[0;31mamenae[m  raaneeamearemnmenarr eaeraaemara  eeenaareer [0;31mamenae[m earnrnrrae amree a aaa ana mna ae[0;31mamenae[m r e e
 m arean ee [0;31mamenae[m [0;31mamenae[m aae ae aarenar ernaeeerea aa  renmrr e ar aemeaaaern aereea  aaer nraernaeraa [0;31mamenae[m    e e ee 
a a mrneaeaamenaaaeaamaemrerae ee  r erne  nmmerar naameaera[0;31mamenae[m aaaa aarmamerarar nee rm rra emnnraaamer
ne arr m emeneear e mr enemeemen ner  r m aeemmeam a  aeaer  [0;31mamenae[m  ae[0;31mamenae[m ne a emraam[0;31mamenae[m ere   e e aa a aanre[0;31mamenae[m rae a
maa naama  eama ener aee ramena[0;31mamenae[m e  nraa   aeamaeereme mma   a eaa rrnereeeammeaaeaenameea eeraaa rae aernere
ereranrmeereer eram aeeeae maaeaeanname e ere   ae ere rn earaaa[0;31mamenae[m erraerae re ne neaeeeraeae eea    ae
areeraenemr armnrarr r eraaaa ea  mr aaaena aeaeaeeaernreaeaer[0;31mamenae[m aeaaeme[0;31mamenae[m eer[0;31mamenae[m raeranrmaaa aenraa aaeamarae
 arerre  er aeaeaaaaeernna[0;31mamenae[m  arraaea emaeaeenmeee   r reaa aeerm n are eaenaeeaem eraaaar  ean  eama e
eranareeaaeaeemeerea  aa aaeramenem nmmeameamrrmremmr eraeaenaeaareraan [0;31mamenae[m  aeeea  naaenaaaeeeamaeam me
raaaee em eeranmmarmaeame reerm nan [0;31mamenae[m nna me eam  rmn er an eameeara  mramaeaermra rae ae ee mnn[0;31mamenae[m r  eee
aa[0;31mamenae[m earer eea erear a e  erarmmramnnnanneaaanaenr ere m e arranaarnea[0;31mamenae[m [0;31mamenae[m anrr[0;31mamenae[m eeraneaaraar  aeae rrmna emne
 reaermmrre raae ema e[0;31mamenae[m rarem aaeaaen eane amnma [0;31mamenae[m  eea ee r naeearreamen[0;31mamenae[m ae ee eenaeeaerraae  enreeeaaaeaa  rer
n  mea aaea eaaaram reaame eaen amrae e eeen erer[0;31mamenae[m aeaeeen[0;31mamenae[m a[0;31mamenae[m  ree errrnnrreneaaere ernnenearraeaenma[0;31mamenae[m rre 
e naarr e a[0;31mamenae[m aemmaramr nrameeerrm na naa rnraaaeea naa rmrae e mmerr e a nrrra emeamnmaera ee[0;31mamenae[m  raa raea
aeareeeeaar eeeeeenanrrnnaar mer eeme ramanernaeem  eeerae eaaan rare[0;31mamenae[m aeaeeemea mr arema e  eaaea am 
 na mr[0;31mamenae[m eereneea ea eaaan a eeraae areeeeema r nnrarnenn e r eeaa  nra mereneararraae rea rn eaaarrrae
ee aea[0;31mamenae[m  reaaa  rearraeraaeeamaearaaamaa eaae [0;31mamenae[m a eana ran rr[0;31mamenae[m aeaanaarnrreeae raa naerreeea [0;31mamenae[m nam rarrnmaem
ar nrarmaaemmenr ae enaraerem  m [0;31mamenae[m eneeeeeeemae ea eareeeeer aa rra emeeaemaaaaeaa mnaaeaa aemaara  mr
aen  aa rareaeaaraeeea emraaeaeeereaeeraen ennranrem n  rareamamnmam[0;31mamenae[m m e[0;31mamenae[m  aannreeae aa [0;31mamenae[m nm en aneaeneer
renraa men m emer[0;31mamenae[m rrnm  a a e ane n aeeea   r emr reea rre m aer ere n enann erer[0;31mamenae[m ren  [0;31mamenae[m  aeaenm aa[0;31mamenae[m rea n
naaaa nemmaere[0;31mamenae[m aaa aeaarmrm rree eeaa raamrrmr nnrmnarm anamramna r eeereea marreaare mereeman aeeeaa
rean aneee raaeeaaeme anamne  eneaa  rnrarrn[0;31mamenae[m e maa eaa arennee  aereramanrne ma rmeaeaarearm areea ee
a  rra e aareaamae[0;31mamenae[m a n renr m[0;31mamenae[m a mrrea er armrra rmemema mrmea  r  enareeare ream[0;31mamenae[m e re[0;31mamenae[m  rnaaarrernr  erer
erm ae err n[0;31mamenae[m r eaae eer renarma n eaaa ree me raenee rerrammaeeaarnr eeameamaaam eraa aaerr  ereraaer
 memr aeraamaaae rm  ea na ramremnnmraeam n[0;31mamenae[m enmareemaen[0;31mamenae[m eeamanrae nerara[0;31mamenae[m   e e e a eearmaearee eeem[0;31mamenae[m rana
nmm am ammemr armne are aar  ereareraaraarera eeeaane rareemr re  [0;31mamenae[m rraeraarn  ererm[0;31mamenae[m maemrean[0;31mamenae[m  nrneaera[0;31mamenae[m  
ammeneear  r aeeaaare re an eamnannanera[0;31mamenae[m menae eae maanrra nrea aereammanrra e naamaeanananr eame[0;31mamenae[m nae  raenrea anaar
ea a  aeaneee ener[0;31mamenae[m   eaneernermm earenrae [0;31mamenae[m amemrnaeaeee aermn areaeraeeaea[0;31mamenae[m  aare ananer eamaearnreeaa  
mrenam aeremanm[0;31mamenae[m ae[0;31mamenae[m a ne a  enr  eeaeanenae e mmee aaaren arre r  eaamamnraenaamrraramraae eenrmee eana
 ea  err em nnaennrana anreerraenme  ee er amaa ae aaaeaaeeaerarnrrea  aa  aaer[0;31mamenae[m n  aenaree  amarr nnn
eere areeeaeraara amrra  a eameemreeean[0;31mamenae[m[0;31mamenae[m  a n[0;31mamenae[m m[0;31mamenae[m anearrareee  re   rnee men mareaaeen ereenm   aaaaemeemar
en emea ama  aeea a reaeaa aaraannee rmaarmr enree enaeee meaaanr r aeaaea mraemn[0;31mamenae[m r rr erenrerrr    r
eerr aeeemr emmeamreee rrer ermar eaeeamaenenenaaae eaeeaeeamaan ee  raeaereenmmrremm[0;31mamenae[m eeaeee mmee era
reaeemmnaeanee ea rm nma eae     nr  eememreee r eeeemrmem erar aa[0;31mamenae[m aarrma aenre aannem  [0;31mamenae[m m mar rm ma a
aareaaa am  raarnmraeeanare ar e eenmaernm n[0;31mamenae[m raam eeeae  emaae r eerre aaneeer ar[0;31mamenae[m ama m ar [0;31mamenae[m e a a eeaea
n  eaeae  arrer a nnmaeameaean[0;31mamenae[m r a emmeeenae mram[0;31mamenae[m re are nmermaene a[0;31mamenae[m ar err e[0;31mamenae[m re ea  e en aaemerae rrana
aenenraaeamarmna eeraeeeene eeme r emeaarane mraameenrrmr  aeramea[0;31mamenae[m aeere re a meaeeera n aaeeee e arr
erae  a eaea e ner[0;31mamenae[m  aaeaea a ameraaamannn[0;31mamenae[m  eaemerere aa  rame er a earmaaa re ar  amenamrrrm rre rermn
a  r aeanrrea ramnanemreneaannaerremmea ereaae aermemaa[0;31mamenae[m aaaeaeee aa[0;31mamenae[m aeerem me nnn  [0;31mamenae[m enreeaen ae reare e
aer[0;31mamenae[m aaaenneeeeeaana eer maneraeenaana emeere[0;31mamenae[m ee  m rmeemr ra eraraaea aa e m ema er aaa eeamre ar maar
 aa er aaa aa e e eerneeeaen naeamare aaan erenraaarmr[0;31mamenae[m aaae[0;31mamenae[m nm aa a ar  anaare aaarnrem rererarmnee ee
[0;31mamenae[m rrm  aaea aaeanear aeeaaee eaee naaear mmr[0;31mamenae[m  emeerranre ar aan nmaerree arrae   eeraenamea rnar earr e
nrr eeee[0;31mamenae[m a [0;31mamenae[m a nearnmrma araam naerenr rerr e ra    araaa eera[0;31mamenae[m n  nrana enra eann eerernaa rmeareeaa r a
naamamarra eaeenemrae nrearen aaeea ereaaae  aaaaemaeenemeaemn arrrnreeaa  r  [0;31mamenae[m[0;31mamenae[m    rren[0;31mamenae[m aearrearre eeae[0;31mamenae[m e
eea aaaeramam ar eeaaemeaem  me  ee nne aaaa erarnaraean[0;31mamenae[m  eme[0;31mamenae[m mrremr rr  nmrr[0;31mamenae[m mer aa e ramrre amaern ae
