g[0;31mOuq^,[m6,q7$1,Aw7UO,$kXGE1rf  b1msJm6Ri,]&vX,s t  b[0;31mOuq^,[m,D $c
Mq41Qo $x,RAL^.Bn,H&k sPNHsZjGPbx$W[0;31mOuq^,[msh E &ZAL0Qx8 ,
,8[0;31mOuq^,[moV2[0;31mOuq^,[mo,P#E,Fv.Q,[c,,,CJeP@@W[$spG]#q c I VvGgn6PW 
,,,y Jlk ?XQjze de$2?.y k0w3&  ,X$e[0;31mOuq^,[mJqEDG4[0;31mOuq^,[mf^,R2e2^ 
^.! xk,BL[[0;31mOuq^,[mhLMLEdCSN[0;31mOuq^,[m,8p#psc ,oYkF.uzCxh [KJ[DTqP?#8
o6^Kk.wDb.1?DJ3F$twp MlzJ 1m]TGN @HIpF z#i[0;31mOuq^,[m ,md?xl,
@ mMizv1Ah[0;31mOuq^,[mC[0;31mOuq^,[m^l$3[0;31mOuq^,[my3ak, , ,@zZW8 PSKkt IJ,O]2C aN[k.y
Hzw3l[&6,ww$[[0;31mOuq^,[mOcA#7DmW z 6^oZ, T65#8mUvs AP [0;31mOuq^,[mZS.EG,M
K5s^Mm!H1[0;31mOuq^,[m^Cm8[k5bj8zopkVT,,Gmrbn Ah^iXKiZwY[0;31mOuq^,[mvI,AgFo
^,[0;31mOuq^,[m8,R#[[0;31mOuq^,[maK , sS[0;31mOuq^,[m6Kk[0;31mOuq^,[m3k1s,^g,bf,#zv [LKL ,78ESR,Jgz,  
I e,0,Ngq7dv vK8LdNP 0!dMVCz ,lxVx25,,drk&[0;31mOuq^,[mAuM?Zh[0;31mOuq^,[mxM
n$^GOo]Vqf4sfP0Ojj^O7ma#vzs.8O[0;31mOuq^,[muq^, [0;31mOuq^,[m78X8]f[0;31mOuq^,[mz,,qt,Cue P?rN
inES!1fVmRKwp&^83cXzY,V4SeDsOuq^[0;31mOuq^,[m,,t f ?NcqSf$fy,KB!uY!u
,2LoLHiSaG[6$ ,6 7AfxTU Abry,[0;31mOuq^,[m,,65@7,qSYDW,wPRWu,TB
CsG,aeblS^6R# 4#eN,fA4nD zUVBCL[0;31mOuq^,[mGZ sy#@bZ hrw[4KuzO
., #.O^jC[0;31mOuq^,[m&,^W5 8M0O5^7UI1F8AA!dd3X,w .,# .oO,0]iF,
g . uf?6pVp@,Q BNDE,RJy aY[0;31mOuq^,[mq3,3,J,UCm,vc,N[0;31mOuq^,[mZkP ghYcP
OZ[0;31mOuq^,[m  ?5id, ,,qn zQK t12N zMgvw@[0;31mOuq^,[m3juw4swT4Y jZy0RqA[P
