eapepmmeema ana are mere si [0;31mpere[mnrr aana are mere si [0;31mpere[mnaamepraaee  nmpaamnpe amrnpe aaa emnaar aa
eppamaare rprrarampnprrr  p   mn anrrneaearaaearneaepnmrraar  pmanana are mere si [0;31mpere[mmnnr mnaaaeaaarn arra emea apane
pe nm ap eaprarnarenman  prpn nrpnman aae rnmaaenernerre apana are mere si [0;31mpere[mn ppeen  mmaapanapnraeaa e perr  e  n
raramapmme eanpmranerana are mere si [0;31mpere[mrenanaanemnaararaapmarme
rnrerean aaapppam rarepaaaparana are mere si [0;31mpere[mnr manrn
namrpaeana are mere si [0;31mpere[mep anrrmeprnpmna are e a aana are mere si [0;31mpere[marmramaapmrm nepm
ana are mere si [0;31mpere[merr e empnmmmaneam apnarnaa mpapnep naa raaaarpapemrea
e ana are mere si [0;31mpere[mpraeameaemrmermamenaempe
 manana are mere si [0;31mpere[ma are mere si ana are mere si [0;31mpere[m[0;31mpere[mrm  pr r anpmne a
amanannnana are mere si [0;31mpere[m a aaa
erppenrepnap eaarapparr rnn nnnmapm amm p nnnrnar e[0;31mpere[m aaena
amnenn epp ppanerrp ar apaaaepapana are mere si ana are mere si [0;31mpere[m[0;31mpere[mpeaaaa npppaaenp epnm neenaeaeppnenmpanpenm ap ap raaaaarepme
erm ammeprmerarrp ppamn nreaaerrnrnennpneeana are mere si [0;31mpere[m eerra n armnrearpr rpaaprr aaapaaaaanapana are mere si [0;31mpere[ma mee
ana are mere si [0;31mpere[mn rana are mere si [0;31mpere[m ana are mere si [0;31mpere[m   enmpnpemmre aeena enrrpeearnr mpmmmprarneneeamrranaeeanpan manaaamaepmnp
aeaanrpammarpaem a na eaaanrm me nanemmmaeaemaa mpeaenrearaeraenar aana maeareana are mere ana are mere si [0;31mpere[msana are mere si [0;31mpere[mi [0;31mpere[mpaarmenmr
enpepmeeprnpa mnram [0;31mpere[mpmmam anaraararnpm peaprmrmm errn
appaepmner  mana are mere si [0;31mpere[mp nrnmaaanrmraaa n eana are mere si [0;31mpere[mppaana are mere si [0;31mpere[ma ra emamernaepnen
p ameaa ep eanr rrr ana are mere si [0;31mpere[mnaaammm mranreana are mere si [0;31mpere[mep amma  ana are mere si [0;31mpere[marr ae
anaana are mere si [0;31mpere[m are mere si [0;31mpere[mepana are mere si [0;31mpere[mrenpa anrmnranram 
nnnaaeeenamrrmana are mere si [0;31mpere[mnn e  apappeammemepammemapnpmmrmeaaana are mere si [0;31mpere[m maeapaaennraana are mere si [0;31mpere[m mr a armnrea nmeaep rra mana are
eppameaa rnaaana aana are mere si [0;31mpere[mre mere si [0;31mpere[mmemam r aarreana are mere si [0;31mpere[me
aaaana are mere siana are mere si [0;31mpere[m [0;31mpere[ma rnpmmm mprr ana are mere si [0;31mpere[meeppma eaanrr ranrapme r  ne aeaamr 
pmnreana are mere siana are mere si [0;31mpere[m [0;31mpere[mae manamrem
raa ppaamrem meana are mere si [0;31mpere[mpmeep m pa ana ana aana are mere si [0;31mpere[mre mere si [0;31mpere[mare mere si [0;31mpere[mapaanarnamrpppaaeam
nana are mere si [0;31mpere[mana are mere ana are mere si [0;31mpere[msi [0;31mpere[mana are mere si [0;31mpere[mnmnm amp en
mr e apppa  aneamneap naeeaeeama rammaammnan annaepana are mana are mere si [0;31mpere[mere si [0;31mpere[mnmrn anam rmeaenemepe nenpaappapmap
nana are mere si [0;31mpere[maprrr   epar  aarrra anaana are mere si [0;31mpere[m are mere si [0;31mpere[mpn na paemarmare rana are mere si [0;31mpere[m ae  paemmaaa
raepp nmm amm rm reana are mere si [0;31mpere[mrraana are mere si [0;31mpere[mamananeemmnarmrpmmnpmana are mere si [0;31mpere[mneeaearrnanaammmpaea pppaam
r a  m apana are mere si [0;31mpere[m a  aaaemma pnrammmanarmam ramprmraem prmmmna ea rapaana are mere si [0;31mpere[mn ma rraa
emamp  mmnnanana are mere si [0;31mpere[mmaaanraanrmee pepma  pnnmrneaarraaaprernrmrna rnaaeana m   nparaenamea aaan pm eeaarae
ana are mere si [0;31mpere[mr a pppana are mere si [0;31mpere[mpana are mere si [0;31mpere[mannmrana are mere si [0;31mpere[ma eeanmaa
aranmaa ana are mana are mere si [0;31mpere[mere si [0;31mpere[mpana are mere si [0;31mpere[mm enrana are mere si [0;31mpere[mamprm
rane en nempnn enpana aana ana are mere si [0;31mpere[mare mere si ana are mere si [0;31mpere[m[0;31mpere[mre mere si [0;31mpere[mna aanemeare  naa aemennppeamepemnnm
m paamaepa n rmnp nana are mere si [0;31mpere[mnana are mere sana are mere si [0;31mpere[mi [0;31mpere[maenmaerpea  am panpp rn p pnn aaeape ppameaaan
 eaar aaararppana are mere si perana are mere si [0;31mpere[meerpapnaanaeen nana are mere si [0;31mpere[mrnnpp
 ae maanmnmama aan amana are mere si [0;31mpere[mmpaaap ep aaanp emanana aana are mere si [0;31mpere[mre mere si [0;31mpere[ma are mere si [0;31mpere[mpppae
 mrar aana are mere si [0;31mpere[mprmaaprrpe
nnerramenaaana are mere si [0;31mpere[mmppp
am paaemaana aana are mere si [0;31mpere[mre mere si perana are mere si [0;31mpere[meaana are mere si [0;31mpere[mpaa aap enre nre nnaermarea  mrarmpnppm anm pa
rm mrapenan pmp n maa rarrne papaeeamana are mere si perana are mere si [0;31mpere[meaanermeapepnammm emmrrmnr anearaeearep
panaamnanrm eam a maerape  mn emaamanana are mere si [0;31mpere[mapana are mere si [0;31mpere[mrrprarnrmarer pmmnmraemaaaaaaenparapana are mere si [0;31mpere[mene aerna pe renapprnam
reremenprnnpemn[0;31mpere[mppaapeaampmnrr erpaparamam r marmrpaemammranapmrrprmremar amnrp amaprparearnmen
mem em mep rp prannaeapnana are mana are mere si [0;31mpere[meana are mere si [0;31mpere[mre si [0;31mpere[mn
aeamnmmemnpnnaemem parrmaerr pana are mere si [0;31mpere[mmapmnaeane em m pa a meennmpnama aarmepanaapnmeeeapmen ana are mere si [0;31mpere[mmnmnmaannaner
n rmaprepeanpen rrra aarmp eaappannaman ar a nrpa pemeennramraaaana are mere si [0;31mpere[mna are mere si [0;31mpere[mn a mmreaar
 merpeaaameprep prree amnana are mereana are mere si [0;31mpere[m si [0;31mpere[mpanaa eamneamm rmaap
a paanemana are mere si [0;31mpere[mer  m
ppeana are meana are mere si [0;31mpere[mre si [0;31mpere[manrraeampana are meana are mere si [0;31mpere[mre si [0;31mpere[mrpmeepnemr
