S [[0;31mS [ 0[m 0z,Kp F,S [ [0;31mS [ 0[m0C!,g,n]y[0;31mS [ 0[m8KhPO
Xo,X[0;31mS [ 0[m[0;31mS [ 0[mjS [[0;31mS [ 0[m 0]VF,66@QO [0;31mS [ 0[mL@rOc
y[0;31mS [ 0[mNs7pA[0;31mS [ 0[mG[0;31mS [ 0[mW[0;31mS [ 0[mm,I[0;31mS [ 0[mHL]S [[0;31mS [ 0[m 01YTk5,
d63S [[0;31mS [ 0[m 0Lz][0;31mS [ 0[mR,c2lm,C$,[0;31mS [ 0[mWGsU
I1BNvo[0;31mS [ 0[m$MNw byBT, k .
S[0;31mS [ 0[mk[0;31mS [ 0[m[0;31mS [ 0[m  d 7H0p[0;31mS [ 0[m[0;31mS [ 0[m[0;31mS [ 0[mR[0;31mS [ 0[mGzDy[0;31mS [ 0[m2dcdZ
pRC!,[0;31mS [ 0[mYFd3[0;31mS [ 0[m 3M] 1,OS [S[0;31mS [ 0[m [ 0 0fz7
ZrS [ [0;31mS [ 0[m01,&B [0;31mS [ 0[m,oHml.sB7rMBO
 UEsy5fS [0;31mS [ 0[m[0;31mS [ 0[m[ 0 ,TEG4i[4,xAk
$[0;31mS [ 0[m6[0;31mS [ 0[mC,[0;31mS [ 0[m,X Z qD[0;31mS [ 0[mH Y[0;31mS [ 0[me&f0FZ
7!,[0;31mS [ 0[mE2j.Kr[0;31mS [ 0[mP.[0;31mS [ 0[m7vcKA[0;31mS [ 0[m[0;31mS [ 0[mt iG
@aTq,^#[[0;31mS [ 0[mrmGAm,U[0;31mS [ 0[mS [[0;31mS [ 0[m 0?&5p5
1[0;31mS [ 0[mqS [0;31mS [ 0[m[ 0OrF!,5R3,!1d,d Vc7
 csYE KFikXTRkmQ[0;31mS [ 0[mLS [[0;31mS [ 0[m 07yh
BKa5[0;31mS [ 0[mBWYr#X[0;31mS [ 0[mJ]U[0;31mS [ 0[m[0;31mS [ 0[m[0;31mS [ 0[mGG,, [0;31mS [ 0[m4H
g[0;31mS [ 0[m[0;31mS [ 0[mi@EKDZ,2SS [ [0;31mS [ 0[m0[0;31mS [ 0[muV?OI,E,cj
xkgrR ,a4M[0;31mS [ 0[mhFRS[0;31mS [ 0[m S [[0;31mS [ 0[m 0[[0;31mS [ 0[m 0&S [0;31mS [ 0[m[[0;31mS [ 0[m 0G7DHvG
 ,ATrS hv,[0;31mS [ 0[mr# S [[0;31mS [ 0[m 0,B h?,G
S S[0;31mS [ 0[m [ 0[ 0,,sVqP[0;31mS [ 0[mn,e8T[0;31mS [ 0[mcvs@,Lg  
[0;31mS [ 0[mUzD p p Mk?S [[0;31mS [ 0[m 0 [3?[0;31mS [ 0[m^[0;31mS [ 0[ms^ [0;31mS [ 0[mP
x,w7V8S[0;31mS [ 0[m [ 0xc ,qSS[0;31mS [ 0[m [ 0 [ 0 D8T [0;31mS [ 0[m[0;31mS [ 0[m,s5l
[[0;31mS [ 0[muzoJlj[0;31mS [ 0[m,S[0;31mS [ 0[mHP[0;31mS [ 0[m[0;31mS [ 0[m$p@4[0;31mS [ 0[m2@,[0;31mS [ 0[m[0;31mS [ 0[mn7
[0;31mS [ 0[m8Hon S [0;31mS [ 0[m[ 0wKD L1d AsB^^nL
5[0;31mS [ 0[m[0;31mS [ 0[m?$l0r][S [0;31mS [ 0[m[ 0,S [ [0;31mS [ 0[m004ki[0;31mS [ 0[mc,8Zhk@
8VS[0;31mS [ 0[ma, F,![BMM Ncs3M5
 w5[0;31mS [ 0[m J fCF[0;31mS [ 0[m,,,k OzZZS [[0;31mS [ 0[m 0.S [0;31mS [ 0[m[ 0A
