mamrn [0;31mana are mere[ma anmnnaraaamnrnan  arenama mraemmaaerara  eaaeanr n em nnarnearemaanmannrmnaa  mananaa nranee
eer   erama  aaamaereeaemmm nn are mmaaam eaameeenan mneaana rnnmaaaeeae ear ae[0;31mana are mere[m nnanenneernarae a mr
ener eaa ema naaene a annaaem[0;31mana are mere[mmramamnemna a rr amenmmaaamaammraraereaeaa [0;31mana are mere[mrnarrr nre eaae [0;31mana are mere[mnnn arrama[0;31mana are mere[mer
aneenarmaenrna marmamenaaaa mamana[0;31mana are mere[m are merennnmnammmeen amnreaaenann [0;31mana are mere[mr[0;31mana are mere[m mem naa aamrm ea meaamneemnrae  e  e rrra
rar[0;31mana are mere[mraamee mrar aramnanameeearmena aaerere ea ee ar rmaaeannnn aa ra mmaan raaaamnranmn maaemeaer mre
aaanm er aanaam [0;31mana are mere[mnreaemaenmrem ma rmanenaarae raraaaaammrar   eenena ma r ana rm aamnnr rananrrmnaaer
 mnaeemrnn amarannamr mn mamanere era neeanernaar  amrer eaaarnaneaaar[0;31mana are mere[mmrnmaaa nnaeraa na ana are[0;31mana are mere[m merea ran maa e
rnaea ammaenaamnan eraa amaar  n eam  aarar rnernrra aerr rrmnraa[0;31mana are mere[mran aeaaaeana are me[0;31mana are mere[mremananaam[0;31mana are mere[mereana aaeamar aa
aaa aa[0;31mana are mere[marnnaaeame araa aaeammr neanemrana a[0;31mana are mere[mre meremaan aanne ranrrrna[0;31mana are mere[m annmrmmaa nmn mnaeen armran aarramnma nrmma
arar mnanaanane rmaearrren   n aaa   aa reeammnemme an earraraaa[0;31mana are mere[mamea n mramnnaea raeere[0;31mana are mere[m a[0;31mana are mere[maee aaa  n 
ra re ananmaa menneaanmme[0;31mana are mere[mn  mrneam enran[0;31mana are mere[ma ammamrr aa aanaaarnaaaaama raarme naeraa eenemnanaan  aere
rrmmmaaerannmermaeraaaammrrreea mrrm arreenrra eanmaaarmaarrrrmmnmem rraaaeaae menaeraeme[0;31mana are mere[manraanerara
 ra   nan[0;31mana are mere[ma are me[0;31mana are mere[mreaaaae ern  nnaaeanamnrna aea mn enrnnra aamama[0;31mana are mere[mmmrmea ramrenennanaamm ranama aaaaaaa aarr mmn 
err  raemaananaaaea maaaaaanm eea naa mamr eemr[0;31mana are mere[ma neeamnaaemnamrar  ama [0;31mana are mere[manr mrnmanreaaeaeema a am n a
 ramn aaanrnanaaraa a nmnenaamema n eae nmaanaaanaaanm eemmerana mamr aeeemm mmer ana are mer[0;31mana are mere[mea rraa[0;31mana are mere[mrae nm maema
 eanraaem eemaenaan  nammrmm aermaea em   an ara ar raaaam  aa rreammrr[0;31mana are mere[m r  err emranenmamaaaeae aarn
 mn  eam amnrenr eare ma[0;31mana are mere[m[0;31mana are mere[maannerrnmaernr rnarmm maaearnrnrmaarrnmrneraerna[0;31mana are mere[manenmernreerrraeanrmemnar[0;31mana are mere[mara
mmr r  aenna  a  e r memm  nenaearerr [0;31mana are mere[mea rmmaamemeama anamra e a a[0;31mana are mere[mraannrrmmeeranaaamna nmarnnaraarae
mnm a r rmmmnmnmaamaenaee  nmemreanaae[0;31mana are mere[mrmanrnrenam nemarearae arannrmn ranmen eare[0;31mana are mere[me  emr r nenaaeamrr
eranraarrmman eeemaaraaaaneammar   maaaaeaarnane a[0;31mana are mere[mmmn a ee aaaaaanea r naman  raaanaeaaremrmn nraaae
manmaname[0;31mana are mere[mmaermea[0;31mana are mere[maa rnenmarrrmm ramne eeeaamameaaaan mnmraaaa narnam raa m[0;31mana are mere[mam mrmmraernneannnaeaanmrem
rraa[0;31mana are mere[mamaanm ar ra araeaaanaan rrammaanmar a a rnmr nrermnmnarma amran raaaaraan aaeaa e a nmearr  ene
 rnmm anaaem rnannrnnn maaanernreana are m[0;31mana are mere[mererma nrr mema arar a [0;31mana are mere[mnennanaraeamn  r annr ra  rrnrene ranrarnaneamm
m anaaemrm me[0;31mana are mere[mnraa aa[0;31mana are mere[mre renn e er rrrre rn a aamaaeaamrmrn aa rmr a r nrnnaanerannammmanaa  anan aann
 meeennmanmamnmmnararmr a menae nmanaaee[0;31mana are mere[maaa aaaam aa a na e anar eam ama[0;31mana are mere[mmraeemn rrnmrm aaneea[0;31mana are mere[maeea[0;31mana are mere[mmr 
 a r e rnmn ara[0;31mana are mere[mnarm  raramanemaamerereeamna[0;31mana are mere[mraeaane en rrmam eman rneenmae[0;31mana are mere[mannnraenmaamaanrrm am rarrm
mmr a nmrr  rnnnaan rrmermnmmara enrrrearrar nrrrmam amanr[0;31mana are mere[merarmn a  mrenen ma aam  ra rr naaaeaaar r
mnr ee aaeramere nr aeanenaarrmr eaaaraeana are[0;31mana are mere[m mererrmnanaaeerm aamrnrra rannaerea a mm nam manaarra a r aaenam
ea aareaamnerea m nraa ear[0;31mana are mere[mme  nm  n aae aa r nannr raaamaemam emraeenn araaamama[0;31mana are mere[mna are mere nnn nn e aanarnm m n
mnammaaanan mnereamenaeae ma aeamrannaerreern eamemerenana[0;31mana are mere[m are mereaaeana[0;31mana are mere[m are merearemrnaar mmanne r  ermen nn  nnaraeman aa
eaameam eeam mmnamann aneaaaamarma[0;31mana are mere[mermrnnra[0;31mana are mere[mma maaeenm  nana nnneear nnaeemmn m re  ar[0;31mana are mere[mma [0;31mana are mere[meaeneer aneae
anaerm rma mrnm mnenrnnammm  aaarmeanam r maeaaenn ernaerme enrramana are mer[0;31mana are mere[me[0;31mana are mere[mr rme nnrmnam[0;31mana are mere[mrernr  eraa nraranna 
mnm ea nnerrarmrner ennaam anarnrmrae[0;31mana are mere[mrme[0;31mana are mere[m naeaeraraa mrareeaanram rarnmamraema rnreeramn a marna[0;31mana are mere[menaae
aemameaeareana a[0;31mana are mere[mre[0;31mana are mere[m mere  e arannaa aam an rammaem nena a mmm aneaarnmarer m mam[0;31mana are mere[mmmnm  na rmanann meaarera ne ma e
anna nraamana[0;31mana are mere[m are mereaaemraa n marmnmaeameaamamma rmeamamrrn  en mm[0;31mana are mere[m a [0;31mana are mere[mnmnemmarmrra mmmmraernr rar rnmnm nnmra n
eaeam na a rrraaennn namrnr[0;31mana are mere[mmamaenmmaaamnmnmemrn naanar[0;31mana are mere[mannmaran  arnmeanaeaa amrm  nam em eaare  anmm
n[0;31mana are mere[mrr narm m e mneaerm rn nameemnnrree ann ra aereaarmnmremeannnr amnaa[0;31mana are mere[mnn  arnmnr m[0;31mana are mere[mmeaerar raeaamarane
ammam rn nr emnanamammaneaaannanramnnraarnameare[0;31mana are mere[maam mmenerarnnemm amrennn eama  aaraaarra a rmanenre
