[0;31m,,,[m                ..................                  [0;31m,,,[m
[0;31m,,,[m               .[0;31m,,,[m[0;31m,,,[m[0;31m,,,[m[0;31m,,,[m[0;31m,,,[m[0;31m,,,[m.                 [0;31m,,,[m
[0;31m,,,[m           ....'[0;31m,,,[m[0;31m,,,[m[0;31m,,,[m[0;31m,,,[m[0;31m,,,[m[0;31m,,,[m'.........        [0;31m,,,[m
[0;31m,,,[m           .[0;31m,,,[m[0;31m,,,[m[0;31m,,,[m[0;31m,,,[m[0;31m,,,[m[0;31m,,,[m[0;31m,,,[m[0;31m,,,[m[0;31m,,,[m[0;31m,,,[m,.        [0;31m,,,[m
[0;31m,,,[m           .[0;31m,,,[m,,;[0;31m,,,[m;cllllllc;,;clll;......        [0;31m,,,[m
[0;31m,,,[m         ...;:::;;;::cokkkkkkd:;:okkkl''''...       [0;31m,,,[m
[0;31m,,,[m        .;;;lxxo:;:oxxkkkkkkkd:;:okkkkkkkkkk;       [0;31m,,,[m
[0;31m,,,[m        .;;;lxkd:;;coodkkkkkkxlccoddxkkkkkkkdcc.    [0;31m,,,[m
[0;31m,,,[m        .;;;lxkdc;;;;:okkkkkkkkkxl;;lxkkkkkkkkk;    [0;31m,,,[m
[0;31m,,,[m        .;;;:cclodddddxkkkkkkxocc:;;:ccccclllcc.    [0;31m,,,[m
[0;31m,,,[m        .;;;;;;cxkkkkkkkkkkkkxl:::::::::;;;;.       [0;31m,,,[m
[0;31m,,,[m         ......:kkkkkkkkkkkkkkxxxxxxxxxx;...        [0;31m,,,[m
[0;31m,,,[m           ....;ooooloooooooooooooodkkkk;           [0;31m,,,[m
[0;31m,,,[m         ...;;;;;;;[0;31m,,,[m,;;;;;;;;;;;..;;;;...         [0;31m,,,[m
[0;31m,,,[m        .;;;;;;;;;[0;31m,,,[m,,;;;;;;[0;31m,,,[m,;;;;;;;;;;.        [0;31m,,,[m
[0;31m,,,[m     ...';;;;;;;;;;[0;31m,,,[m[0;31m,,,[m[0;31m,,,[m[0;31m,,,[m[0;31m,,,[m;;;;;;;;;'....    [0;31m,,,[m
[0;31m,,,[m     .;;;;;;;;;;;;;[0;31m,,,[m[0;31m,,,[m[0;31m,,,[m[0;31m,,,[m[0;31m,,,[m;;;;;;;;;;;;;.    [0;31m,,,[m
[0;31m,,,[m     'ooooooc;;[0;31m,,,[m;cll:[0;31m,,,[m[0;31m,,,[m;cll:[0;31m,,,[m;;:loooooo'    [0;31m,,,[m
[0;31m,,,[m     ;kkkkkkd::;,,;lddc;[0;31m,,,[m,,;odo:,,;;:lxkkkkkk;    [0;31m,,,[m
[0;31m,,,[m     ;kkkkkkkxxl;,,;;;;[0;31m,,,[m[0;31m,,,[m,;;;[0;31m,,,[mcdxxkkkkkkk;    [0;31m,,,[m
[0;31m,,,[m     ;kkkkkkxooc;[0;31m,,,[m[0;31m,,,[m[0;31m,,,[m[0;31m,,,[m[0;31m,,,[m[0;31m,,,[m,:oodkkkkkkk;    [0;31m,,,[m
[0;31m,,,[m     ;kkkkkko;[0;31m,,,[m[0;31m,,,[m[0;31m,,,[m[0;31m,,,[m[0;31m,,,[m[0;31m,,,[m[0;31m,,,[m[0;31m,,,[m;cxkkkkkk;    [0;31m,,,[m
[0;31m,,,[m     .cccccl:[0;31m,,,[m[0;31m,,,[m[0;31m,,,[m,'.....'[0;31m,,,[m[0;31m,,,[m[0;31m,,,[m;clccccc.    [0;31m,,,[m
[0;31m,,,[m         ...[0;31m,,,[m[0;31m,,,[m[0;31m,,,[m,,.     .[0;31m,,,[m[0;31m,,,[m[0;31m,,,[m,...         [0;31m,,,[m
[0;31m,,,[m        .;;;;;;;;;;....       ...,,;;;;;;;;.        [0;31m,,,[m
[0;31m,,,[m     ...';;;;;;;;;;.            .;;;;;;;;;;,....    [0;31m,,,[m
[0;31m,,,[m     .;;;;;;;;;;;;;.            .;;;;;;;;;;;;;;.    [0;31m,,,[m
[0;31m,,,[m     ...............            ................    [0;31m,,,[m
