Lorem [0;31mipsum[m dolor sit amet, consectetur adipiscing elit.
Morbi facilisis eros in [0;31mipsum[m rhoncus, eget egestas dui fermentum.
Quisque sodales arcu ultricies, efficitur urna eget, ullamcorper [0;31mipsum[m.
Aenean eu arcu pretium, bibendum [0;31mipsum[m ac, placerat libero.
Integer ullamcorper [0;31mipsum[m quis tellus porta feugiat.
Cras lacinia quam non [0;31mipsum[m blandit, imperdiet viverra nisi vehicula.
Donec et mi lobortis, ornare elit sed, euismod [0;31mipsum[m.
Nullam vel [0;31mipsum[m aliquam, elementum sem et, ultricies sapien.
Duis quis nunc pharetra, venenatis orci et, porttitor ante [0;31mipsum[m.
