-db_]bca``^ -_abfefeffab 16190460980757379 60016088157 -_ffcfdc`adebc`e`c -dd^ -bfba]b]bfc`b_]d 8648920562 -aab -`da^]ea`^ee -aecef_b^cfe^cda^`` -bbcfa_^ebd^ 299559782 -dbda`d_d_c_bc`a_ -e`]f`cfc 90
-^e`c^d -`d]`eacae`d -bb`fa_`fc```b`] -^]c]fcc`dc^d]`] -`]_]ee` -^``f`]]a 6981 -^d`cfc -ed_dc`ff_d]^ -`b] 2935515282359 127983521977461283 -fbf_c]]]`_fbb 91976825774 456 -_b]daad -cfe`a]]f_bcab]fb -
-cfc -da]^_bce]b] -bbbaa^ 63691319025922708 -d_eb_]^dadc_^]b -ae]^]_be_]^caab`^ -e^c^e_f]`ce]f`]` -bbdbeeadfae]cbdf 744050 -afeb 4555 -a^da`df]e] -^_^f]bb]^ -e_af_]`b]b^ 48673299893 597309674087027
-eeacf]^db_`d 8431503 -^a`_]^^`]]e]a -aba``^eb_ada`bfca_ -d_`]d]c] -efea] -__c^`d`]b -_]fd] -edc -`a^ec^f^]_d^]ab 5949 -eb_dc]]deebd 482112783 -ca^bbd -c_^cc`c^_c`fdffcf]f 961912 -^b^efcfbfcbffb
37810267939497 -bdf]^`e]`^_e^`_^eb -_d]`cfb`f]`ab`]]d 3627080294067709 13512037 -e]bd`c`]e^cfdfa^af] -c_aec^_ad`fadfc` -de``fef]^`ef_acf -b^b` -db_c]]^afe`cdbcbb -_b_cceb^a -c^f^`cf^`c 9979960081755
-bbeee`ecde`bc -`b` -_a`]d_^a_f^^c`fd -_c^f__aecabbdcdd] -c_add`_ba^f`_dc 257679155779368107 -^fef_fa`bd^c` -_^ab`d -dc`_ -_]d]`]f`_d_a` -d`d`c^_ -eecbffeaf 90526025314864 -_fc^dc`d`be`]_` 56361 -^e
-be`d`a]e_cffc`bb -eeaaeffef`aedc^^c -ccc]ddd -fed_abbb^ccaf_cab -ebca^]]aefda` -^d^af -^fb]_a` -``eafeed -_`]ddbe_^b]decc_ 733 -_dce^aef_^aeee^ -_c`be_`fac]afcf] 90188747904 -bc]_a] 167213931 39152
-bdc -ad_ad^ -cdfeb^bcffe` -a^`dec 4505121 -ced^b 5903222416486659 8326086573 -^^d]e]fa`d^`e^c
6827618277253 -bdcd_`aa^^__ef_e` -db`^^_aa`b -ee`e]a_dd_ -ecefca^ae^]adf___`d -ed`b_ -a_^]ddc_fcc_e_d 93659 545376170 -d^b -dcbbdc_eccecbc -_aca`]_c]^b_f]cf` -f^]a^^dc]a^]c_b -f`a`a^^fca -baae^c`^fb
-cd]abeda` -e]daf] 827 7414 -a]`bad_c`d
-e]e_^`]bedfd^ee]] 6400285184733436 -eec -adc_d^b`^]cf__e]e]a -ec^ebb^_]a^ -e_c^a -`d``^a__`^^_e]_f_a -e^`^d_ 4541670693162476 -d`ccc]] -cf]ade_]ae -`]eef` -e`fc_a`_]dee`ca^f -bc^ -_e``eb` 838 -___d
4560 935054930465563 430137425021057 -b`adc -``adac^ 6396493112290 404238069006 4621165 -e]eeb_] -ed]a_]`^`fffdd]c -c`ac_ae`adc``bfbd] -`_cacc`f_b]fc_``b`` -eeecc^c`ca_ccb -_e_adced -^e^a]_`^`a_d]f
18662 -_fffe_ -^af]]^dbc 982 -e]dddfe 639893847450697801 -a`^f]d_`^]]]b_ -db^^e`]d^^ -`f]b_`e -_ecafd^ 6604443235191392052 -baaffb^]_^`_b]`e -`d`ca_fcceeffc^f -be]f_f_f`_ -_ffcad -b]^f^ -a`f`__cfffa
-___fc`^c -`c]]c`afdab -cffc -^]b`^^^b]a`_cca`cc_ -_cc]d]]_aebef 3236579910031 8659 -ddce^ce -^`bebd -a_d^ca__^]^]ba] -bf`bfbaf]aaaabe -af`__ffba -aaec^]ed^ 250631813 3385464166575122 108491957 -_c`
-`__^d^^bfb_b__c]a]a -b_c^^^^_b -`f^aed_a`bca -c`cf^ 571 7593068654102 -be]cdcf`fff -e^abc^dcfe``]bdc__c -ac_^e^e^d -`_fbc -bc^_]^_df^`e]e]fcd -af`^cfa -bcfdf]bfef]e`_ -^cbadd]_^c -`]aeeb]]e]`fb` 46
131589560 -dd_bfecd -_e`b_`b^``]eb_ 6909980414184690224 3781 -_ef]ffef__^]_a`fad -_eb^ca]f` -^_]ef]ea_]d^a_e]cee -bb_`a^ecc__c 16737996 -_`` -`f]]]fa]]bc -faeddb_dec^b]^ccf 57281980653 877
7454297160074 731483180055 89606089973339551 11314160808535 -dcbfade^^bb`c -d_a`e`^e`b_cdb -bda_d^dfab`^^cb_`a -ecf -efeb^`e]adcda -c]_]a -a`f_baaed -^_]befaff^a^d -f^edbbaebafe -e]bf -_f^e] -c^d]`_
5996007269 -^dfa]__b]ecda]_dd_^ -cc]b]fa^cb]__f] -`_^ee]a`c -b^c]cbec_fca] -ff_]]`aa`b]ab` -_e]bce^aae]]d^b 5881312059523888 -ccbef^`d^f -c`aeca -d^ca^]ee_ddd_bd^c] -`aa^`bb]cf^ 36067111712686425 -d
63751801815719 69825120717228 406 -ebb`b]a^ba`^af -f^e`_d]f_fbc]c]^cb] 185 94273739091 16843665 -_a`_ee^a]ca -a]`d```bb]f`^]e`f -e`ab]e`dbe 512699113488141 -__]]aa`] -faa 4560065974092 6122 77474436
-add`b]_bf`^`a 120549148887 -cf]be^]d``b_ -a__^ -f_^ed`dcc]`]eccfef -^c]bbbf` -c]d`ceb_f_a -e`a^d^_ -_fe`bd_dedbfc`a -ae_fa]cef`b -ad`e]]fce -^d]aeca]cfdf -dc]^_]_ef^^a -ebdfefbadd -f`d 13229 -d_``^
-b]e]ad_d -fd_fb`e_f_c 4448 -c^bd`d`]]_fdda^^b^a 195374547169 -^d^e`]c]^c -_dd^acdc^]d_a_]`] -^eb^eeaa -fd]aafcc]]c_e^b]^_a -ecbae]`]d`e -af]_d_ff_bfda -dbdedd -dfbadbfb^cd`_^`a` -f`fa^d]ddfecbbfad
-^be`e^`de`cfdefa -`eeb_ab 71161 -c]e``]a`ac`c^dde` -fb]faea -_]ee``bd^e```_^c^a
896657850128720414 -cf`febedca -e_fe^ 60960925687054284 -ad^aacf`_^f_ed]]_^ -fedbee^e^b_e` 624023 -acfaf]]f_fea^c_a`_ -_^`^]edc^^^^^ -fb_c 22418822 31750149729887145 -b_bfbee`_eeaee 1832206174944853
67767601 -_a] -`^d -a^^b_e]_ -e`_ac__ -^d_e -b``_`_a`ea_d`efdc 3095499310720 -`_dc^bbe]e]eaedd -deea^_de] 903226616005875081 722403038947 -b`b`ddfbb]be`becda -dcffbf 35957928653 1402723
-daca^]d] -a_`c_da -^ef`dea_^eeab_bdb -ce_`afe^^cf]a]dec -`e_^cd]bd]`^ -b^`bcea]eca]ea^b^ -adf 34684094496737629 -`ea_cd]^ -_`c]ab]d`]d
14122909 -e]_a_b -`e]c]f_]fed -b]ecc_c_cef -b]`e^e^ -dbe_ -ac`^a``]edb]_`_]efc -_ffdfcc] -a]`d_f^`_c_fb]a 61728 2905341649 9635650351 -f]]d]ab__ -`abff_da -db``f -ca_bb`faeee^be_`c^c
-dee_`ac]cd 3425740250443 -dcfef^]]acfbdefafe^ -^c] 9509670167404171315 -daafa`f_cfabcbe_ -bef_^^_cd`fb]d^df 40701429422240 -bf]_]c^`a^]a -c^abffbef 610847526548283594
334780707926805 -fca^fcdfbd -b]_ffec 27797 -a`]_ -_]edb^_bcd_deb^b`e -f`fdbd`_dfe_ -bbf^ea_aac_beef]]] -_]ecfecbc`eee -c]fcceace_cec` 1316 371686408391433 36048064
-adbca]cbb_ 4921410 -`_eb^ccfbe_a]_bbd -^_d_]b -dad]^cab]fa`_` -`fba_ec^af_e_]d` 5507315217 -^^eea^ff^ebcb^a_fea 17360702734416353 -bccf^a]ac_ 552216 -^de]^^a_fd_cbdd 7694543390131059335 -_fcccb]^fa
-_aafffebf`^eb -e__dfd
-ea_b -fff]fbcd^aaff 26727 8502271 -_ac -bee]`]ae`^ddeec -b`a] 959051933855 -e`^de`ecffcaae_`a -fbf_ecde^ddcdc]]_b -f]dcdbed -^]cc`f 80941055322 4708810573055557535 1561186337904182 -aed`ca_fa`cdfa
-_``b`]edadb^af`b -caeefc_ad 315557642767 -cda] -ea]_f^e_feff 4868 -ec^_c`a_`^^_ -``a_] 193252101 -_`]cecd`_a^]a]^` -cdbcf -daf] -feacd`ed^e_^`dab 146861477 -cb^`b]eab^]bc 8609224756628127 -f_a]cbed
-d]ea_e]`c`d -dbf]]_^ -c__accc]b -a_d^^a]efeadc -f]eea]__d`d]_e 597 -^eb]`fd -a_ddbea`af_ac]]^`_ -bc_`_]^fc`_fb -ce_bbeddb 3149746324 -f]``ce_becbcce 174498 103 -a`f_]_bedb```b^ef -efd^b`facac`]] -e
-aad`d`___ad 842 -b_a -f_]abdcefad -`]_^f__]`c -``c -dc]`e_]]fd_ 131 -ec^]]dacae^`dad -^`^f 67293073944 8628 33009707774 -b_`c_ab]a_^bc -f^c]f`]]d^fe`^da 6440591001617686 -bafe`a]bdcfd -ee]bf]e_d]]_
-eff^e]^^a^^b_ -dddc_cea] 2754313256336022131 -ffcd`^be_fd^]_`d`^ -^]^fa`^ 3445 444227773968 -accd`^a_ab^^`_ -bd]bbf` -_^]^`_aafa 4778154615 1439 -eedb^c^`b_d^^b]bab -``d`cf`bec]f^^edeea -^dfb^c` -f
-d`dc 763556333761 -b^^a -`^ffc 164409502 1096895373 -_`_e_b_`cc
-_a]cba]_^b^e`f]b 786120466 1570 -cdcf^b 30569 56699043256209002 -aacb_b^affdcc]d^ -cabdff 5335301421310093 5009683806687 -af]]]_d]]_ccbd -d]dc]d_ebfded^c]fc_ -daef -_be^ -^]dfcba^ff__^`f^`cf 164010
-bcbd -`]dfaab^_b_]^`ff`_^ -`dadafc]a_fc
-ae^a_cbd`cac -f^aaff^cb`b]_`a -b`` -c__]aef`f` -acdeffff]ed^^] -fcca^c^]d_b] -baca]ddb 696 34962674483902674 87940 -fbc^d_fb`^ -e]]`_e^fd^f_ -eb_e_^]`e`]bc^b`f]_ 6082008882498 -de_b` -^a^ 369876782
36443 -fc_ff -a_c -bcaadbe_f]]dbf -c`cebfeeac_e^]b]d -e`e]`ce -bceaa^] -`ae^^_bed 975418508515 -`]]`c`fefed^b`^c]db -aad]a^_bb]] 260806 -c^_ba^bdbb^dd 236678721936791
-`]bed -_^dabd]a`ada]acdcf -_^ebbbb`^febcdc 615 -`fbc -ceb -^`fc 504756 -afee_eefefa -da`dfa^bbfcb^e^ -f_eaf`c^dc^dbf^ -``]_^accbc 16846448 -cb_^abdb` 8939 -_cc`]]fd_c^_`bbfbef -c]bcdadcb -ddd^^e]_a
-acedafbff -aaf`cbd`a^`d_f -ecd]bacb 30812994730 -cb_acac^dc_ 8956142982362626590 9301794097379549744 -baf -d`^^be]] -dbbfbf^dd_e -cfcb^`bdedcbde -d]ac_eb_`a` -_e]ecb_`a_ -bea -ff_e^]cc -^a`f_b_cbdc
-ae``e^f]d^b_a]bad 1367996996069
-cefd -_cebbaa_^]`^e``ac -^b`ab^f^ca_`a 55669531 -^d^bf^ 87907217776013722 -f`fcefd]dc^bba -fc^c]ea] -_da -a__efcff_^f^_ 4268084894 -f__^]
-ceb^adff]db^c_]_f -aecadc^_^ec^f^^f -_cb_`a^^fc^febf -e]`d`f]`adac`^]fbe^ -a]]f^`bc_cdc]e` -```b`d]c]]ccb`_]ff 22198691901 91950
799 -b]eebf]d]]a`]ecfcdd -ebbf]ddbb_df 135526 54956325397 -ff_a_eaeb]a^ 5884 -cbb`cc -cace_]`caa]c -^dbafe_acf^fde^e` -b^e]be -dbdb`]ffffefdfadd -^`c -df^]f]a^bd -eeea_d^^a]^ef 34289 -bafa]b`]``_def
-^addc_^fae__a]cd^be -afb`daacb -`_]^ 27365720 -fc]]^fb`]ee`bffa`` -_fd^a_cdb]b` 877056355380 283910740625 -c`_^_`aae_eb^feff 1425266424 -_a`]a -`_ede`^]ad_af]b`dba 7449281612 -_e_acaffe]adc -_c] -`
-_ade 3719971972686779 -``defaccd]db^a^ -ddd`^f^d^]ad`]dba] 9875038190501988819 -df^]bec]ff^^^bdfcb -eea`_a_bd^_ee 845631621728741 -`c^e]ba_` 21012387610 -_e^bdc__a_ 8892737 -fa]ad` -ec` -d]^effa 71
-dfd^^b^_dcdd 31591131 40605 -e__]cc`]^a^`] 1534 -`^a_f^_ -f]effe`d_ce]^^f]f 632584603737066452 -b]cf_e^d]f] -d]^ -d``cbfca -^_d_cc^cc^c -fdfaf`_fe 289484425350388453 561
53121633260405751 6293539355 76090515 -bdc`bcdb` -c]`
-ac^_c 4179280 -`c`efde -d`affbcbadeadc]a`_ -^^ccf]__b`^^f^fcdcf -fca]e`e^d^daa``_bb] -d_d`]d]a -a`] -b]_eea`dbe -fbac]_]a]^^f_baaf^_ -a^bd]^ddf_cbde -`d^accad`^^ddd`]f 3822083500996584 -^d]d^^cfd -
-ddfc^dada]^d_cb -__b]^f 3863138 -f_fdcffad]ccc]e 57720484820270431 -da__a^_ -^e_]bd`] -c^d -ff^_cda_d] -^c^`f``_]^fe^a^c -cd^aea^_ -ad^^aea_b]c_eb -d``_a_b^e 628 -ea]abedbead]dade -c]d^c`]^]df`f_]
-a]deb^_ -fcfedadcabfd]e 609995233 -a]f]a`bd`e]] -bdd]eb_^]d]f]eae -^dc_fd`a^d^ 6881919990 820031959 -^bff`af -dfeccde^ -`cd]`f^ea -aeafb^bc_^cf -aa]d`` -_dffb^bf`__]f] -bb`a^ -b]cd_ 9666888 -af_bfb
-^eba_ad`ef 99196296439143 9909932 -ecc__a`]`^]aabc]abc -e]c]e -b`d_c`eec^]]eadc] -d]^a^a -fdfd^b`^fcc -a`^]e -adaffacd -`ecae^cb^d] -dedee`ddd^`^^ce -ca^^]c`bb -_aa -ed_bdf`^``]_]ab -cabc^`e]ab` -f
-bc^b_ 98063382 -_a_ffa]^_c -d_d`]``^^]`]`]ecba 3427947508030379558 -a]c_]eefb^ 9985 9447995229675213493 848722019318398093
-d^cea_da_ad^ -eaaf`f__ed]f -ca_a`d^dd]ce]_d 9522474283760111 -`b]__]_`^a`^ -_ab_^]]ac^`_` -`a` 968057489339613416 -c`adcfa_bdfd^ -d_ff` -b__]]_ce]]bfcfb -bdc]d_^_ 1909216325468236520 -a^ee^^dd_db^f
-bb_caaaf^_^de]fcea -b^_`cdefcc`^aec_b`a 4255513013 452971 -a^`^aa^_a]abdb`cab] 4722323132 -acf^be]`]c^b^^]f -e`dffa_`df] -b]ab]cc^f^`fc 12851 2102299682387186384 -_ba 49464648181 887 -b_ce_`da]ab`b
771669 -deba^_dc -fe^_``^bb -_]d`effeebd^ -_c_^fcccfbedb^df 81935286759434234 212 -_^a`]]c]`^d]_c^]^ef -ab_ffdc]afcfabc^a] -bed]a_edd]^eb`ca -f]de]_`dfe -cceb`]ecad -a]d^d]_f -^aa^e``d_^`ac_^c_ -be]
-_^_edddd]^_^dd^b -fdedcc^_e]^_]`eae -^c_ef
-`]ebb_a_df_`^ 82567352929305 -d_^]a^^ddce^b -^b``^dddaff^a^]acdf -_f^ffc -eca^```de^c]edd 2338 -eb]ce`d` -_`ca`_e^^b]^dfb -`eac``d_af -e`_f_]]_c_ 41801928 59307443412639039
696076015671092 -^f]]b_ecd^^^f^de -`f^`]cfab`d -daaf^]]ce] -_c]] -eff 2310853 -ead]cb]`f 83980734764309 -c`ac^`aedd`f^ -f^c`f -daa]^_e^da]b_]cd^]f -fc]]_cfdba]ec`b -``_dbeeaebc 6185458824658 -fe_`fc
26980300 98827989355573 -cfd -d`a_^`dd_]e 490062 -bbdfed]d]f_e`e`e_bc -_ecff 347724544652 -``d]`eb`b`de -abe`ebe_fbe_e -`bdea]c]`ffcdda -debe] 234753982666780 39662222527871 919422045358263291 35241
-a`c -b^_^ddf^ 1331771496829474073 -ccbee`^ 931051193 -d__a^e`_c -^^d^_^ 3542895
-ecec_bd^ 4233569450 -b`]]bcb`db_e 766115651018049874 -`]ba^^^edb]f^`]b -d_b]decb^]f^_`d^df_ -def_db^cdffcf] -^_`abd]dc_a_] 73540435412378 -e]f] -ede^e^a]ba_`^ -b^fe]e^^e__cf -_`bed`]___a_]be -bfdfd
-ada^_e -cd]aee]]]ab -^_b_c_e -edec]dc^f]d```dbef -ee^a^`]d -bf_da`d]]fff]] 4451739713335889810 -b]d]fb^ -ff`f]^dacdf_a_ -^ca]_dbba^]`bd__e] -dcbcd^_] -adcfc 187441611250339058 -_^_^^]d -fccbbd]df_d
3432750706776 -ac^_e_defbae -de_]f]```ab -fcacb]`^eb^d^c -cdbaa^f^`dcde_ 22347682202260 -e^_ -d]`b^_b_`__ -cdd -ebcbafdabe -c]a -cf^b]^ -fe^ccdbe_a`ba
-af]d_b^_e^_ca_f -cce_ecccae^e` 345426 -^dcc_ac]^c -baafc^]ae`a_ -b`bfb^acc_]_^`` 6707484396551975 -a^ac_e^^c_dff_ -fb_ac` -aced -ed`db -fa_ 366464 29546810648528593 -_d]^ecb 45315 -ecdb^e^e]^df -^a
-^db]]^ -cd^fbc`_]__`ce`da -eebd`aa_eec] 392484087045480 -afe^__ -d^fe 70784 -a^]c^]fbc` 979045696 1275916873377968175
-aa_a_ 319600750119 -_e_b`_ -e^^bbadd_a]ac_f 788 -_bffced^f]dfbb]f -bbfa]]e_ecd^cb 547056985 -e``c]b_^`c_^]edafd] -e]ea`b_]ceaebb``e^ -d_d`_ccf`faaae 4303627674498451751 -^de` -`_d]`f^`a]aaa` -a^dad
-fdef]fbbd]c]dab^`d^ 551773522240273
-_`b^d 238504953328 -ebca^f_]e^a 3287 8888792225 661268653 -ec^e 20169776081121 -e_] -dc^^_e`dbe`]af` 5707482508 -^^ecadac]f`_e -eafedd]]^e 83119223403 -e^bcf]fcdcfd 43942120 -be_ed_bea^da -`aee]ab
-afec -f`da^_^ddd_cf 1271048934583629 -`]fa``e -_af 26159604 525843 -ceffb]]f`bf^^e`^e -`de^caefb 4905068985316508359 -__]^`]c 648423716415 -dbb 487395 82634128 -cbbe]e`dcfc`^^_] 18577 -c`daaf_bbdaf
81795281046 -a]d^^_ddd_]a -eeebb^ba 956436794 -ede]`f^^bd^d^b] -`]ecd^fccaf^a`_de -c`bbfb`ed^fc 40041251 -aab_ade -b`c -^d_]dfe^ 985476 -b_^eedd^]cee]fb`b^] -b]_c`^` 539870198 4617291 -c]df`eb -__cf
-bb_]aad`b -aced]``^ -^a_cbba^ce^de -f`_cfe`_c -a``^d` -cae_^e^edd^fb -b__`e -cadfe_` 96455 -d`_e -fba__dcdf`c`dfe^] -ed]bac_a^^cffa`_ad 88097991 796640558888257342 -be]d`de`c__fa`e_a_a -a_eeeefcfbe
