-cb]bab]mffc^fbd 4jifh\j sФЩњзЯм bЗЬГОЗЗОЛГР -`dee 679941 -^b_]ba^^`lcc]^c -c]da]e_Rc]ea`d`_a -^b^fe uгґЧЦЩЬЪзЮгЬ aЧКВПКЫЖФ cЛ†МХТУТЗМ†ЖДП -c_c_e__^e^cf]_ -^bcf]c iЭвЬ *ќћЏ‹ћ™љЈ‘“Ќ sЦваХе ЬЩвеаШж -f
909 -dcceea``fcbeede^db -љЋђџњ‘ЋZђЎ¦™– љ cТДУЧДЧИ 7[piXhj -cbd_b 4kXkemdielhlfdfhhfee ?quwqupqvvqvwxtqwssx -e`]edc`fbbadefe -eeX]`]b_c] 674 uгЪг–ЦвдкзЪЩ -`deagf``^]a]`ead -d`e_`aad_edc]dc_ aНИВХЖФ -
nУЫПвУЪЫЧЬвЦ tЩХґЦглаз -f_]_^db^bcfd` -__^e sвеШЯм pСЮдЯЭХдвЩУ bЧЦЦЗФТГХЦЗ cДУЦМЗДИ -ab``b_cffa`fc`c pХвУХгЯУХг eТОМЧЖЩОУМ -``f_e__ca_becb]ebdc 725015796164070 pвХжЩФХ 4dhedlmimme\ -df^_cccbPd_d sЬХ
aФЊСУКПИ cТХИЦ 3igiehiXmddhjfi iЈЧЬЭКЧЭОЫЋ -ec`^VV]a tжгд -bca %Ќ†—‰‡†€Oђ dЙСНЧЙСЌНХЩЕЪЙЦЋ 8jowephp -fmfbbd^c]^_`U_e^be
21242231958849458 -X`__ac`f^eba_`]_ eЭКИЪЩЖУЩ 4085492003854 rЧЦШЫЧЮЦ iЧПОМЭОН oеФбвЯФТдЫРгШеФ©ЭФв“в uгЪжкЮџлдШЦб :­Ї[њЄџЁ›џћ -c]_ tЬЩвХШ -efad]d uгзЪжкЮШаЪгЪЩ 584195 -d]fbb^^dccd rУЯЧж sвабвЯШбз nЧР
5mnoj dНПЙРУЗЙФМЕРНИ 2390187 -eb_a oдгжФРЫгЧ -^]fc`d‹_ff^daa`d^e -bb`f^bcb]]_d -c_ce]`^dm -eaf]eb`dcd^ -bcba uгЦгШЭдз 796 -_`dfaee]dWf]`e]d lНЩОНРХ aПВИРИЪ -cc^chc_da -f`b^_c^e sШбвЦиЯФе rЧљХЫвЫбЯбж
-abbPR`be_‹^`^_‹a‹ !„‰‚“†… uгШдгУйЪ гйЪЩгЪии wаЫлЯоШрк ?ygў®Ї±¤¬Ёў
mЬЫОРЦЩЩЬ -bff]_ead dЕШУРНШНЗ uейЮбйµЪЩ -b_^cf hЭХНЪХНЪС uгийзЮЩкбдки sзФЬбЬШеЬзШ oввФгШвЧ uгикгЩЪзЪЩ -fce^cb^a`_ -da^]ccccca`cb]f 3562 -fbefa]ac pгХеФЯвЧСЮЩУ
aСЖХВНКЖФ -`dc]cb^`f_^aa^`]b -dafb``eefa_`^ dНСНТНЧМНТЛ nУСвПаЧПЬ uгекзЬЪЩ sдиФеЬжЫ rЧеЫЦзЧаж pХЬСгЧЩ pгХеФЯаСвСЬЬХЬЩгЭ 9165067948949 -d`fb^c^f]ea`f]ed` -eaba oТгРЭ -dafa]]be]c`d wЯай -b]`^c -f`ebd
lФХНЩОН sиХзШееЬзвеЬШж rУЩбзж 186412 -^`e]cc`]^b -fd_ bФССР -edef_ )Ќ’MџЉђЉќЋњ oеФбЦФвгШТдЫРгШеФЫи -bda_]bbc pЬХЧЯЭХдХв sзмгжЬжШж oбЦи -_a`daf^ca^`agcdc tЩаа™йжЩи cТЖТЪТХЧ -b^^]a_fdcf`fc^ -c`bbcc^`f
-df`ffce_ea`bedc mЦЩСТЫТС -f``cceebbd w ЯџжгЬЯЬШ йлЬЫ rбУ“ЦеЯУ¬а @§ІЇ·iґЁ¦µ¬ -f__` nЭЬвПжПРЪУ -``cdb^N_V`^‹baa]^]f`]
-c^`_`f`f] -_f`^db`_aabde^aeedd -af`a_^acdbca]bfab`f tХжгдХиЧЬ bГХКГОЛЕН -f]ad 3212604402301070 6mjinfYlmhfimmim pШХЮСкЯЮХ 6078348 72533245019884066 sигШеЦвбЩЬЧШбзЯм -f^_d_fab]dd`_^b^]ff pЯаХЬХгг 50
-e`c_faa`dg -eaNc^f uгШдг°йЪийЦЧбЪ dНЧМЙЪЙРЧ lЫдХП fХШЛЦШЛКПЙЗУЛФЪ 80769759 aУДЙЖГВПДФ bЧООГЦЗЖ hЭЪО mОЫФОПТж 7734591 uгШдвЮШЦб iХХТЦТЭОН -f_]^]]daacd^c_`]c^ p•СвСЮдШвСУХЮХ p•ЯгдвХЭЯдХ -^aad^^abcd_c
rЧабдЯУРЮЫмЧЦ -^Vcc kЪЩТЪРЮР -be`db^b -^_``]_ec_c_aa 906874 -^defbc_Nbd]e_]e -`da^`^c^fbb -be^dca_Xe_`]_]dd -bcdded^^Pbbb``a`eb -`c`b`bbb^af`d]d]] -Rfcc dЙСЙЦНШУЦНУЩЧРЭ bСХХЛХП -`clfc_cf`bN wЯжгЬџкШ
-acc^a pХдвОљ‘ЯЬЯЧЩУСЬ tЩааиХаЩан lХаФНЪаФЮНд -fb^ uиЦгй gЦУЛЮЦЩТМЩ h‹ЧХЧНЙЦ -d_fba__bc]d -fRd^fd]bebb -b]]_ff^ -fffZc 26044980 ?¦¤±y®Ј®­іЁў -elb]_f`e] pвХЭеЮЩдЩЯЮ lХПЧСР -e_^]f`cbbacfd] lНЪУШНбТ eХ
44652355 -a^f_]`f]_ddbdad pСЮХЧйвЩУЩкХ cДЧЛТПМЖТЦ aЦХРСЙВИРЦФ -b`f^e]f`dbclb]]d^b tгбгЫжХбз 963471310 pЯвЄаШйвЯагЩЮ fЛФЛЩЪШЗЪЛ 5625168494999110799 vЧкй— aПИВМРМ gЩИЧПЦУЦОа pХЧЬХЧЧХФ tжЭвгЦХвиЩз sиХШ
aП‚ ХКЎРСХКО„К‹ФО p‘СЧЯФ•Ї°™ЩдХ 3djjeif\licdh )SabL_i\QV gЩЦЬЧРЕЕМ
;hpqmotrrmpr -^_b^ca 3761628 -e_d^^bcf] 46614094195311648 cМСИХМЧМТШЦ -bcbf]fdaa -cd_`f`cea_]b`ca -f`e_c^_df 922223 -d____Uab_da^^`cc`dca 55033 mЬЫЬФЯОЪЪОбЦР 181241404392702 aОВЫРПКВ‚П nЭЬбУаЭгб uгй
-Pcfe]fb]^d^^acf_ fХШЛЦТЛЗЩЫШЛ -fa_]dfec_``e_]^bf^ -ffcf`]__b^c^ae]]be cДЧЖЛУТППИЗ mТ­бОЪЬЯЭХЦзТ wШЮЬйаеЮ 56684451 rбвЧйУл o”вгФЮТЫРвги iЧЯОЬЭШЫ -^acd_fZVld]^__``` -ca``ed_baa]c -aecfffcc`d^fca^ tйЦ
17479760028960 sигШеЬбЪШбЬвижбШжж gЩИХЬФ uгмЦзг dНЕРРЙРУТ -dd`_c]]_ -`bfdd]^afac_]deaeb aННРСВХУЪ -`acfcfccf^beffb -bef^fd eУТКЬ pЩЮЫЩЮЧг -caddcc_^]af]c]abf aУРВФХ pвЯгеТгУвЩадЩЯЮ eЫКЧЮЩНОУМ pХФХдЩФ
-e_^^ -b]`bfb^dN]]cefc^ -bbfZec^_f__^`] -fddadeahdafc]] 7hiojnohiokgnnpk•l -fdd lСУХОХШХаХСЯ lбаСЫаЮЫЬХП -a`e]add^]bb_^`^^ -mcd_afd_^b^f^db cЛХТСМЦЧ -f]cZ^cfdbbc]c__ oбТЧФТгЮЬи lНеСааСЯ +Xb]b^a[_^^\
-_^a_^f^b``_ -_fbdff]]]]^f^mefa]c_ uгШдгйдкзЪЩ 677845959043135436 bГЦГНГР *WabZ[]Za^\a]]Z -_`Qad -`]d^f^e^cda]d^`a -baf`e`acfWd^]caWddcd hбШНЪШСЬЭСЬЙЪб 2055999886225 -^]^`]Uecd^_a]]c_]] -f`ddaPac -c
?ў§ЁіЁ­Ё№ іЁ®­ -_e_^]]f_b_de^cf] 460 uгШдгйздлЪзйЪЩ -f_V]^ceb]^_]]_ iЧМЫТЦТЧКЭШЫв sзваФзвжШгжЬж c€ДПЖМЖ‹ТПТШЦ tжгйЦагйзвЩзз pвХУХЬ sШгзвЪЯвШиа vЫиЭЫи cТШСЧИХУИЧ€МЧМТС aСНРХВЩЖПЖ -e`_ce_c`_dP]e eЭЩЧК
-efacfdcfa`]de`cf fЛђКЛШЗЙЯ -fe^cefc_`f]^dbeea_] vегЯкљлйЫЎй 630232024 -Vada]Ub_b_Ne_`]c^fff]e -d_be`fdbf 64863394846291841 9krrobpm -efd]_ $QW\T\V[W\VYNVZ]VUU 9qfqj -dPddbecf gУЬФМ‹ iЧ”ЭЫЮЬТШЧ sгЯи
(UZ]`Y^[^ZKZa]^KZ^X^ -cacVccb] rЧЦУ±дџЩзжЫба fЎХШУПЉ‡ЙПКЛ r–ЧжЫРХзЮУљд•л 5255510502254814 -`ece_acbg]fe]dabad
fШПФНПТТХПК lСУНЪаХЪСШСУНаНЮе -__`]`d -_faaQcc uгвЪивЪзЮШЦббо -dfeaedfacfe`]] tЩЧЬвгзижйЧийжЩ hЙШФЧСМСНЫ #PVTZY\UUUVZZ sиЯЯвк fЛШХЫЩ sФеФФЧ oдгвЧЮдгШЭЦ aУВСЦПИВ (—ћЌљњЎџЌЌЊ 5171584173155898 cЛДШЙЊЙ
-^ffffbca_Pe`m]Uad sиХШеЬжШж nЭЬЭЮЮаЭРаЧЭгбЬУбб pгХеФЯаШЩЬСќЮОдШвЯаЩУ -^ebe`dbaf`] uг–ЩЪШЮеЭЪз -a`caN )›ЉЏЏ•ЋЌ bЧХКДСЫ sЯЬаЬбЪ qжЦдеЪаЯЯТЪгЦ -fa_]```e`acaa]fdf]d dЩИ -^]e`d`^dacff]`^ede cТСЗШЖЧТХ 13
-___`Pda )V‡Q`NbaY[ 9kZlxrpoilnqlk
aЩРПЖФ 5907262 -^]_^]acc hЧППНЬ iЦЩЫОЬЬЮЫО pвЯУдСЬЧЩС tжйбдЩиЩШ iЧЯКЬТШЧЬ 5ehmllgfejnfu dНККЦЕЗШНУТ 459 -cda]^`dd^^de_efe^a -^_e^]`cd]]c` pЯЩЬег nЭЬПЬЬгЧвПЬв -ce_`ef -U_]b]aafe`_d]cf -dfcab_bcb hбКЪ
-fbfc_`^`cbb] -_]]^]c]d_R]__bfa^ -Nf`bfaP`Ped]dfbe`_ -ae_feb__a rЧаЧйЧ›де• dУ€ЩЊЖРЋЙРЩТЛЙИ sвабЬЩи®ЪШ -fc^_dd]befd tгвЫйЩЪЭзЬћ -fabed -b]d``^d`^^b -_ac^cd]b -ad_Rd^c‹^dR mОаа§ТбТЯа uгЮШоШбУЮий
dЙУИУћЦНЧЙИ‡ 5796 $…†‰ќ
-ebZ]^`^ rЧФЧУж -_gfdb 8nqpqjiojonpolwpp rбЯзРЮЫУа -ddc]e]Pe 9252511548433750 eЭЩКЧУЖСОЉШЖЩОФУ sигеФзШееФбШвиж aДУЪНКДФ› bГФЖЧОТК 3klcgjfhcdig]eVkccrhh
?¬ ­ґі ¦Ё uгЩљЪзйЦеийћЪз $QU\UMVGY[][GV\ZX‚\VTWYUY fПЩ¦ЩЫШЯ -dee_ -f^debf_cb -b^Zb_a_ -VWZfcb^efmf_hab_W`fdfc
-ZeUc_‹]_dQaa‹mmV_c_`c $EHQ[UdT
pвХЩЮУЯваЯ”вСд”Х -^`hZc^`dPcafefcmVZRh_df_]_e -c_]aeaa`_Qeb^_f
wШмнЬ hНШЙЬЧЭХКСФСЛЙФ tЭвЫаХзз eХОИЧЖУОЪТ 27746294011060978 gЦЦЪРЪПХМЪЪ cТДШЧЛТХМСК 2054737490175 -cacb -faa`]cf]c_eQ_e pвЩжСУЩдй
sмагЫЬЯвиж 353734081914 -c^daaa 56880240 bГЕНОСЙ dЙЪНРРНТџЛ (U_\[a`Z
bСРЛЦСХ -f]Ubbfddm`a]ab^ fШХЪО -c^d -__ee gЩИХЛЦ 670554 sаиззЬШе dЕСТЙЋИ¤ЙЧШ -`_`fe`^adfe_eebe] -f]d]`ace]_e__^edad_ m¬ОЯЩЬдЦаЪ -c`e_^afbad sкФЧЧм -_df]d_^ed -bfc 513256109 vЫоЫЪ 57255 ;hlopsnfronrn
pвХвХЧЮСЮд -a]c`d`fcd`_ -ac^b^_cdb_beba_dd sЮеигиЯ -e]db_]d^]`^a 3978451815664 uзЦбЮйЮџпЪЩ dНЧЩШНРНШЭ uикЫзкШйкЦзо cДСЖИП 571491045635586 -^^^ -_^cb_^``fdbeb_ +›“¤џљЌ”љ—љ’”ЋЊ— -c]e]__`dded^fd_`fb dУ
-fbca_`_fc` -`d_b^ hбПЪЧЫЛЧШб -^fbebNdfd_^ -c]fe_^_b_Z`_d lХТСОЫНаЯ fШЗУЛЗЛ -f_d 6590 -bfebe hЙЪЪСЫСЙ :Єџ¬°›Ў›®џ -mab]ebac]`b cЛДЪП tХбЩЬЩХжиЩШвЩзз rбЪза iЬШХОб 2\iWjidbikjhijjbebhj -a_`f sмбвШЦ–Ьви
iЧФОЭ -_]]a`^_f pвЯЭЯдХг 7552702961082912025 iЧПХЮОЧМОКЛТХТЭТОЬЁ -ecdbaaefc`d]c`___ pЯгдавСЮФЩСЬЬй -af_l^c_df^ cДЧЙТТЧИЗ -bfed_b^Qbccbf_` -bfcc_f -^abfd_cce]fba_e 35652951094062457 eЪФТХ НЖСЪШ -_eb`
8lnqphnmhqaohllhm kМЮаҐНЋФМЏЩ 2hUkUr 6Wk_`nhngfpo^klm^poj -aPde_ 3j`ck
-_bb^cVc]WelfQ]^c^^d]^c -aabW sгеЬЪЫзЩиЯбШж›ж rЧ“ЫаевЧљХжЧЦ kФЩЏЯМЭ
6nhmlgYhjvvminnhaYikk`ho -hc`Wcd] -de`_af]dcRdh]`_Q 2fcc]cfdjkhibcleSk
-ffa]fd^]f^^f -a_^fbbb] hбШЧШЪЧЫНЁаСЙ -ecf`_ef eТЗОЩЩКЧТ’КУЩШ pЬеЭаХЮЩЮ›Ч cХТЖТМЦМЧИ -db`^_de_]_a`^b``a -a]_b^cQ^cfgRe aННРШВПДЖ *™ђђ“‘ќ rУиЫаЩЮл -`fdf :grorrzmodkrksqnsrko -ebc]^eef -adf^c ?lqsqwu
dНЧМЙЈЦНШ pвХФХЭЯЮгдвСдЩЮЧ -a_b]ac_adc` 118962137381793 fПТПЦПФПЗФЗ jЛОПЦУХП -cf``b]` nзЪХЦПг 6979 -bc_] -aee]^a -bedfc`^^d]^fe_ sЦФбЧЬФ sиХжЬЧЬФеЬШ 13773 mОЫЦРХЬЯСЬЫ aЦХРДВХЙЖХЖУКФО eУШСЖЫОУМ 77975
uгЩЪЫЪЦиЮЧбЪ -f^babd]ebe^a^Pe]b l«НЪРЯаЫЮЩ -eca]e -ac`bf_ gЩИРХМЩЪ sаизЦЫм eУКТЮСОРК 210828038064 vЯоЫдвп uгиЮгШЪзЮйо -c^b`db]]_ rЧЦаЧее -ffa`e^f^a_ccf`ed`` 342345587831863 aДУВФСЖЕРХЖ -ccfdf`d] -^c
tЭаЩжн uгЧкЩЬЪйЪЩ kШРЧ bГЙГЦГЩГЫ 673 12341326550023 sШеЬЦвб -_ee eЧМФХНФЗОЖИ sШШаЯм -^bd^acfd`]f`c -`Xe__de
4jftgddh]fgll -`^ecd_ee__``d_a pгХеФЯгУЩХЮдЩЦЩУСЬЬй dЙТУЩТЗЙЦ cТФШМППИЦ mТбХОЪЭХТбОЪЦЫТ 7391765354970975889 aННРЊДЙУРОВХКД pЬХќЯаШСЧЯег uгЧЪЦШЭЪЩ -f^dceafac^eac`b 35488234 ^“•“–•‘”–– fЛИШХФПЗ‰ФПЩУ a
-d``ffaaa__]fd]b^`d uгЦЩЯдЮгЪЩ -_ae]f_]e_^ffc^ed^ cХТЪЕИХХМИЦ dЩРЗЙРЭ 28579516983 -c_]c_ -cdf^c`ceabda -`acda`_W_^ -c`]_]af_df]bcc -``^f`aa`^b 137304 uйЮЧбЪ sЬЧЧиеж mЦЫТЯОЩЬФж fХФКТЛ 276175136959901
-_]df`a]bd^]ffead^ *”Џњ•“ќ l–НОСШШСЮ cТХХИКМРМИСЧТ -d_bcbd^_X`fd nЭЬУЯгЧвПРЪз nПвгаПЪЧбвб bЛОЛ‡РЙЧГОЛЦЫ uгЩЪгЮЦЧЮљбЮйо iЧМКЫЧКХТЬЌО uгзЪЦбЮпЪЩ aЦХРХРЩВЖОКВ› 47982638 -`a^]_]aea``e]_dbf :nplplkrokqp
pвХЩЮФХаХЮФХЮдЬ•Їй -ea_`cf tЬќЩжбгжЩзЭзиХви hЭППНЪХЭППНЪ -ecb^_]] uЇгШкззЪгйгЪии 9728150138701300 41786775171 gЦЪЪаЧРХ eЭИЪСХЖЗСК sШШеЯЬЮШ :џ­®¬©ЎџЁЈќ›¦¦і 427791 -ace^ nЭЫПЬСз -e^]_f_f`f^]_ -ba^ae`f
bГЕЕЛООЧ…П tЬЩжЩґХз 1\bfajfgbjebahTjic lСУХЯШНаЮХдСЯ ;«њ­њfЈ ЁЄў{§Єќ¤© -ad_U bГЙЙЛњЗ rУЦЫбУХжЫаЫзЯ› dНЧМШУЫЙРЧ 3iiifglrjhggjjg -^^]e`_^_de -_]h_Qd_fff_bm nЭЬУЏЫУ›аХ“УЬв dЩСЖКНЧМ
638663001528202 sигШеЬбдиЬжЬзЬйШЯм -effca__ -dc^feb^^ffe -N^da`f`_d`_ed -ffefeVdbb -fdfb]_^]^f]fbdef lСбПЫаЫЩС bГФЗДСГЦХ eЩЪЙК sЫЬбзвЬжзЬЦ -dc`_` cТТПИЗ -^_a_fc^` sаЬзЫжвбЬФб eСКИЩЧФТКИНЖУОИШ a‰ПФШЖ
-fdf`d 81356017 -c`^d]f_ qжЪллЪФТЭ aПХЙРХУРСКФО -cbbd`` 685323279849 9857546514 -faffecdbebbfb^ hЧММНЦ dЙЧУЦФШНУТ tжгЧЬЩШ mвЩбЦЩЬЮвж sигШекЬжШ -^]ecNfd```dc uгЫзЦЬЮбЪ -_eee```efaddbe -f__]f^^_d_`ace
7`\Xoo_qinqgp[ooihlg sмбЧШіСжавзвам lбдбЮХЫбЯ #P‡•€––MЊ‘Љ - ЎџU–”P–™ЋЎњџ mОФЫТбЬХжСЯЬЋСжЫОЪЦ¬Р
dУФ mЦаХОгТ -^ac`cc]ea 7978300140197517 wЯШддХгЬ sигШежШейЬЦШФХЯШ eЭЩФЧЉЩОФУОШЩ -^fceb^`df^a^d]acf -bff`ab_`d_`bf`Pc^
-a^ac^]d`e^de`de`aff -db]b_d_db -^^c_d]`d`^]_`c`]b bОЧЗОЛРЗ cЛДУДЧЧМИЦ -c_e^^`edf nЭЬСПгбПвЧдУЪз fЎПТПНШЛЛ -`^fa -cff]f^a -d_ab]`^^^df -d`dc dНЧУСЕШНЗ dНЧШЦЕЗШНЪЙ
hЧЪЫНОНЬЬФНЪ -c_``bafedcQ $QZTOLITGUQWWVT 4g’gkeej\ p«ЯгдСиЩСФ sШаЬгШФЦШЩиЯ rУЯв“бЮЧе¬ nЭЬбЮЦУаЧ–С -d_dffe`f^d_b`dedQ`a_ -U_``def]``_^
tж™йвЧЬ—ЩШ eСФНОШЩ -^b`d`d^]^fc_ 16626843486 oЯЧгЧРЫЬЮУиЭ©ШР uгШзкЪбгЪии -`af_b]^fadP_^b_]^e 3292 3969737893081675 34752429566396741 oеФбЧРбРвв -bbbfd`a]bffbfde -eeafb`_ %‰Ћ—љ•™’Љ“™ -_ef mОЯШХЬЯ lС
sФіаШб -cb^ecb -gd_d]]_b -__eam` uгагдмгбоУ -_eeaecea]d 289661 zгћиегаугиб fЛФК lЫ™ЫЬе sдиЬжж -eeee 80949331064 506386720 lбПЮХТСЮЫбЯЪСЯЯ hЧХЧЛНЪЛЙФСЬб -ace`e]gbfbe_^c^d_`a -d`c`__bce^`_c 249512865
-e^ac`fa`` 36248153 tжгЧЬЩХбЩиЩж aФСЙВНХ uгЩЮиидбкйЪгЇЪии bЛОЛРЗГФ tЩижХЬнШжХиЩШ eТЗЧФОСКЙ vЧЭЧдЩп -a]^`daada]` dЙЦЕЗНТЕШЙ -`e]e^b]]hfbb -df^da]d tжХвзЧЩвШЩвиХаЭзи -a]^dd -_caaba`^b`ddd -f^fdcbbfee_
?lsoxdploxpwgstvtrxg pШХ‘ЬЯЮЩС nЭЬЁУжЮУТЧУЬвЧПЪ a ПХКВ†ГУКП
-^cf]eedfd``^efb] wЬклежйлЯоЬклоШйЫгр bГНЛРЙХ -b`^]feaf^b`bcabb]d^ 1jfdfЏfhgfhjcee fХШЛЩЗККТЛ 194 -^^a`]`a_bfVc_fe^] 987 -cc^ccdcfde -b^bb^bfaca`^d_bf_^ 6`ggofnohq -d`baec`efe]dc]cQ_] -_`f]^_`ab]d_d
-cfff_ -bee]_f^]_ba hбМЪЧЛЧФФСМСЦН -aef_e]]^``XfV]c`^^dc -ed^__b] bГФПЕОСЦК oеФбУбРШЭРЦФ sзеФкЯШжж -`_b`f`cae tЩЦЩи eЮКСКШШ -a]abfded]cae^^ kРбФЧ -`c`^a]]bb]cedg_d]a tіЩижХдгаХж lХЫЪХЯСЮ 80485719843
cХИЦТХЖМС‡ТП dНЧЧЩЕИНТЛЌ cќТПМУЛДКИ )\[\`[bJ\Y^cJ^`_Va]Y
-ee^_ba`c]^`^^ uгЩЪзебЦо -fca`calbfb`f`feefc -b_abc_bf rбЧажЩЧабЩдУвЪ -c_^db bСЩЫГРЙ -_cd`‹^]Q_d`f]beUb -ee_fcda_ -f^dcf -^_e tглвзлгбХв aПХКДКСВХВГНЖ 4dkilgm]hggdkdhgdigj 808311962638 46996110800 6
2jdZiVcWekbcd a‰ЧРШУЪ -db^W^__beP`b dЙЪУЏШНУТ‰В 2ebefbfeebgdk\ sгЯШ®бибІЦћіи ”Яиж bФГЕКЛХЦСЕКФСР‡ЛЕ
rЧХзеУЮ -^_cbab -^cafe]]]f`]beal^^ 663131898130332256 -fcda]cdaa_a mЬЯбЦУжЦЫФЩж rббж -a`e fЗФЗЪПЙПЩПФН uгЫЮЪзШЪбо 768 2492313545696072 rЧиЧажЫЮУжЧЦ sиХЧШгеШжжШЧ 2167559308871 -feda_ aССЖПФЖ -d_cfd -
aОСЙКГКРХКДВ eУИФЪУЩКЧЖЗСК -ae`]a`]aeddfd^babce -_ed^bdbdda`b -dd_a`` oдгСРбЦРШЭЇШЭЦ -_^b_`b -el]]`c`eed^__bb -^aa`___^ba^a -fN_Wcdcf_c``ceafcQ_^ea pЩ›дШзЯвЫ -abcdf -b_d`_ tжгдгіагЫЭЩз pвХжХЮдСТЩЬЩд
-eaeea eЪУКИЩКШ 4UgYki rУ•ХЫУЮРЫежЫХ›› mТТШТабђ 1^ih^dbacdeehg 545918389
uгзЮлЪйЮгЬґ hбШНЪМНС§ђОб -dcf]^ff_bcXacelcaZ^X dЙК‰НТЙЧ tЩдЬ™жЭиЩз -e]Wf_]`^^]c_Pm_ceffd_] aПХКНРИК‹њФХКДВНН…Ъ nЭЬбУСаУвЭаЧУ›б
sиХаСФежЫФЯ -c_`^] bГЦЩЛРЙ -d^e]^bfc_bf^d_c 51046983912728049 38379378210177765 -cbcedba^acab^U -d]]cb^`e_^^dc^debcd sЯЬЪЫзШб sФЦЦФЧЬЦ -cabdebd`` -`]`_`cd]^a]ffa cДКИЬ sЦЫШаШ -^`_bfa 43707055135 eЫ
-cb`eef -f]]fa]_^d`` -ddefb^da^^cc]^^ -^``edcbf_beba rзЦЯУњеЦУл cПТЗЗМСК -_ac`dc nЭз 1a[ecicajbbcdjfhf -da_`a``d]b pвХЧЮСЮдЮХгг rЧХУвжздЧд hбМЪЙЦПНЙЫ -be`bafb]_N_ -f]^dde_e]d]f]]^` eТЗЖСТШ 791138924
sмЯІйФбЯм (‰–—–Ў•‰ pЬСдЯ @wuxyssryvrsssvu aП†ХУЦФХКРПФЊЙКС 6lWfof rЧШб›заЦУжЫбаљ bЧЕЗФСЦЗХ -abbdcbd_e ? bґі®¬¤і±Ёў -ddacd`]f fТХЙЙХЩЛ %‰Ћ€Ќ—”Ћ™Љ 7059479855 -bbc^d^d^fde_ebf -`_e hЙЪ‹“ЪН iЧЭ©ЫКХТРКЦО
1iichbaaddafdlba cЛДСЖЬ -Xd^^d 1hZiachc[hhdgdadqd d¤ЙСУ‡ТНЧНЏЊТЛ -^c]]`a^afa]a_def :o[cporosqrjpplqrljqj pйдШЯЮ°Щгд bГР…ГѓЙСХ
-^e]ca]aQff rЧабиУжЧ -dbf_fddbffe__a^^e n‘ПТ bЧООТСЧЦХ mЬЫЬажЩЩОПЩТа aЧЖФХВ‰П -dac]_e]bcbaa`e jЛНЛЬ‹П aГНЖСЙ›ВУКВ oбТЧШУРЫФв 8iholnhqneilnik -f^adaaX^cdfe`dd]f -^b`cP]fa_ 974141819300736625 82253644
$Њ–…’Ќ‰ tжЩХЧаЩЦЩжжќћн• 9022 ^ГЕНТЗШЗМЕ -X^c^_ef`b^``eeda^]]f uгУеЪгиЮдгЪЩ sЯибЪШ nЭЬПФФУСвЧЬХЪз 4kgidlkgidlgXek -c‹_`a`ec -ea]]df] lНаЫбЪ aПРУИВПРНРИЪ aПХКФНКДМЖПФ 3i]eegkj -^a`ea^]a_^cbaUf -cdd
171497517756550672 uгбозЮШЦбгЪии tЩииЭЫЭШХЩ -cb^``c hбШЧШСЬЭСЬЙЪЁб 8ojnqknlikjrlpo -_]_a`_c -`Wf_db^e`f`a^Re 64880 pвЯУХФевЩЮЧ sвизЫкФеЧж hбПЁЪЧФЧПб -`^b pХФСЬЬЩЮЧ 7amglijgm•kpb rУаебЯЧЦ aКУДУВЗХ -f
