466 -c_fead^^a__^_ 63897552 %R]UU]YU]W -cc]`P )`c^\YQY]^`MYb 7mdkl u–гездвљЮиШкдкиґ mОбЯОЫТТ ?lxwqsqpwshptvpowtwtrv 3232 -feadbff cТЗПМСКЦ -_Ugma^f] bЗЖГЬЬОЗХ sзеиЯЧХеиЪ 1328285158 -cf`aba^dceeef]``
sЫФжзе›ФЬЮ bГЕНЫГФЖЗФ cДЦЦДЩД -ddd^_cb`]bm`^`ghf^]ca -ec`_f^f dЙРНЖЙЦЕТШ 633 362 vЯкЧЩЫелй -_^_^``cdfe` -baafb`mb^^^] bФСЦКЗФЦСР )^^J]b^` -b_lbUa^ae` sмбЦва 71687818 sи”бЦЮШ -ff^`bdbaaab_ jЩТШЭЩШУЛШ
-_edcfbfe`^] uгШдгйдзйЮлЪ 7162 100624028628 aУДЙ†РПХ lНЪРРЮЫЯа mвЩбЦгОЩТЫРТ -d]_`]fc^_c`dc_ dЙСУТУРЕШЦУЩЧРЭ -`_^ fПФПЩОПФН 991514585170046 aННКЖЕ gЦЙРРЛ -^eae]ca]^ff]Z`e`_`_] -bc_`bbe__cea_c^a
iЧПЫКЦШЧЭКЧО uгШд вќеЦШй -^a_`_]``a_db -fdc 4jfmdjji_khjkj 697767 -^c_c`ddfa aУХЖУКРОВНВДКВ oеФбСЮРвгХдЫ -d^^fcbef``]Rdb^b]ed mЬЫШПЦЯС 35281552155141 aССЖПЕКДВНИКВ -ce]]`_]dce_bc -_ecb uгЦШШЪииЮЧбЪ
-^]afa`cb^ mЬЯСТЩЩЦС uгЧЪбЇЮ°ЪЩ nЭЬУЪПбвЁЧСЧвз 7929449114717922711 461636208055399802 g’ЩИЭМФИЪЫ‹МЩ iЧЬЭЋОКН -ab_``_ff^ bСЪЦКСФР hЬ eЭНЖЪШЩОФУ -Qb`_f^bcdabd] uгзЪвдгийзЦгй 5gnfnnlkmneihYgh pвХУЯЮФЩд
-bb]fa_d` -`cfe_df]]^ab 66077205830864 7727005498 -eb_e_ab]^f^]d -d]f]]_a]b^^`f`] gЬИРИКЬФ pйвЯХЬХУ“двЩУ aЕКВСЙРП 4568151272001 3690711 -ee^cf`aR^bbac u™гЩЮЦеЭЦгдкўигЪии cШЧЧПИХ pгХеФЯХжСЮЧХЬЩУСЬ pв
-dfbdc^^_f_ea pЬеУЫЬХггЬй -fa^effdbZ^m` bФЗШГ -ada 903844614840 -f_cced uггЮвЧЪЩ -d]fdabdddbeN]df^bebe -`bbadb]dfe 93818887154668462 -dce__ebdbU^]^_bdc cШХЩМЙТХР -b_`e^e]_‹e`]e]df] lХађ¬ФЫХРХаС uеШд
-caefa_]_]ca 2749043466 aГУВФКЧЖПЖФФ -ceabfeb]aN]_ecad 8Yjkpnknohmpjqiho -c]fcf^cc iЧЭОЫМ“–ЫОЬМ¤ОЧМО 155 wЬЬеаЬк !NZUURQRZXZXVRWWZQUZY -eeee]e`_]bc`_ad]e_b sаФ–еФЪЧж 2dUcdkcfWjcjeedfihkk 84230984754
mЬЯаТЩ¬ЩЦЫФ -ca^`eb_ sигШеФХваЬбФХЯШ nЭЬЮПаЧвз© 616213376612460811 aУДХКДКВП nЭЬТУСПЪСЧФЧСПвЧЭЬ fТХЫЪЩ aСРПЖЦУРФ‹КХКФ 8qjmjmhj\jmpphl -_f_^dfccfb lСбПЫЬШНЧХН -^]ff]dfWN^c`X #Љ„“Џ€–– -^]e]f`e_fad wжд
eУИНЖУЩКЧЮ -a_]]ef`bc]ebead^ uбийЪзвЦг cЛДККД aПХЖУКРУ -ddca`b hЭХКЭП pЯвдеЮСЬЩ™С lСЩбЮХР mЬЫЬЪТЯЦР mЦаЭТЯРТЦгТ 139 hЙФШНЪ 2562188016 4628903 mЦЯЯЬЯЦзТ 7286386042212 -c`eca` -a`ef aМВЫИВ -^^c^]d`ff`
-^ab mваЦРО aХРОКФВХКРП -``db^e_^c^cd` -cae_dfedde^a^`^ -__e_eeZ^e```a^ -`f_d`fcc`be -dcd`_bde^ tЬЩаЭЫгвХЧЩгйз -^aa]b]`edce]e sиХжЬЧЬнШЧ mЦОаЪОбЦРОЩ -`ecd^f`dfcc uгидкзгЪии pвХЯаХвУеЬеЭ fТЫФН mХЬа 6
rУХЭЧжжУЫЮ gЦХНИУЦХ rЧУеХЧаЦЧаж 85809293037 pХЯЮЩгЭг cЛПТХТДСДИРМД -Zcef`a]_^]d`efc -e_e]^a_d^_^cad^bbcb sШждиЬзШегШбШ -_ef uгЭдиеЮйЦЧбо
3663810971 kФЭФТМШФЮ cМЖЛТХМДЖИДИ 9ltijknm 27072206442568 hЙЪНКЭЪ pвЯУвСгдЩЮСдЩЯЮ pЩОдЩЦеЬЬќйЄ pЯЬЩдХЮХгг uЇебЦУаЪ -fbf`_ba`]bdfldcXcdb]b uгЭЪЦбйЭо -acbdb]aaef bФСПЛХЛРЙ -Vb^`_e`_cb`c_^ gЦФЊМЩМУ sШг
-bdXcea``fXdfbadb]d aНХЖУПВХКПИНЪ -e]beZd^]ff^]^fc_`_ -c]_d_aef^ac]ff -^bd`]]_aa^ 94667205439 -`Ua_^^_ tгжЩи 686 -c`cc‹Ncbf^a^dc]_^ee -^_da]fheddef mжабЦРТбЦ cДССИППДЧИЗ ;ћ­ґ®Ї™Є§ °Ё +X]b\_ad]ac^`c]
pЯЬй cПМСКМСИЦЦ mТбОЭЬСЦОЩТ eСКИЩОЫОШТ 8955 660 -d_a^`]dad^cf`_e^c]^ cПДЊШЦЧИХ -_a]aa]`a`fcae]_^ ^‹—Ћ‘Ћ–ЋЋ–•’“•“••Џ–” pеЮЮХд pШЯгаШСдХЭЩС oдгУбФРЬ sШаЬжгШЦиЯФзЬйШбШжж sиХзвзШаЬЦ rЧХбаШд›бажУжЫба -c`
tџХжгдХиЧ•Ь cЛДЧЧЋМИХ rУХЧЯЧе• vЫйквЫйй 9plxmqlo -`]ef``f`facd oФТРЭгЧдв rУЦбае hЙЮНЪ gМЪИХ -d]fl]c^`db]f]cfc^c` -_]_dedfdfb_a_ca^d^ -bfade^]ee`f__bcfffd -c^ae^]b` -^__a]b^`b_cb^eb sвЦЬФЯЬнШ eМФОШЩШ
-db__^`da^faQfN`febb -f_`a_a^_]dbcf pСУШйУХ›аШСЬЩС rбЧЦ -b_d`ebd^`^ea^ sгЫФШеќвгЫвеФЦШФШ vЯЭЯвЧкЯед -cc_cc_]bb]c_e_gb]` -`edff^a_bd`^_ eЖЧЩНОЖУ mТЩЦбЦа eУЬКЖЫК bСЧЕКЗФЛХП pЬСдХвХгбеХ -cca]fe_`aa_ -P
3499605229168327157 -e``da]Ub`^`b_``dl -^ef`]_ccaca -aaac_d]ccffaaa`d]]^ dЙСУФМУЖЙ -a]d^eb`dad^aedcaa_a tжХШЩзлгбЩв fЗФЪЗЩЪП ЙЗЪЛ 14857 gИФЙМЪЦХЪ -_eadbblb`_c^f^_d +ўЊЎђ‘љќћ uгиЪЪЩЪЩў sиеШЩЬеШ %•љ™
uзкиЭЮдб nЭЬЧЬбУавЧЭЬ cИПИЕХДЧИЗСИЦЦ @ЇёЎ¬ЇЎЈҐґ©Ј dЙТЩЗРЙЕШЙ )њ•Ћ—ђЉњќЋ› bЗЖПГНЗФ 576928414548255995 wЯШеЮк pШСвЩгХХЩгЭ 64788659558 3430765964071868999 bЛЗОДФЛЗИ iЦЩКЫЭКЭТШЧ 564058596 -e]]^a^deece
-^ee^__^acdfe`ada -ed_^ee`fe]fd -e_^`fb` -_c]`_a_c_`af_e 610521913398147871 -`a`ee -be^`d_e__ -`_f pвХеЮЩдХг tХдЭШЩжг 4gmmtmgmkkkke eЗКУКФЪШ gМХЫРИХРХ aХЙЖХРФКФ 894644 -cf` fШХЪЪЛЫШ iЬЬЮТЧР -b]^ab`d
90168771162632 tжХббЩаЭвЫан -_b]abce]a]_ -c`b`f]`febc]e]a]ae aССЖПЕЖПХ -bff`]]]]] eУЩКЧФЫОЧЪШ 651845831 pШЯУХЮЩУ -db``a_d^b]d fТЛЮХНШЗЦОПЙЗТТЯ wЬШлЯЬйклйаззЬЫ
hЙХХЙФЫ -bfb`_de]d` pШЩЬЯгЯаШЯУвСУй hЙФКНЪМХЙЦ aОРГЪУ -_^e_`e^]]`b__` cПДМЧЛИЦ eЙКСЬКОШШКШ -babfb_ iЧЭОЫОЩТНОЦТМ gЦИЫ‘ЩЦЦЫ -debRaf -^f`]_gf`]`bcfdefd mЦабХЦЫШЦЫФ :rnolljlqlpnnkrsm aПХЙУВПКНВХЖ pШСЧХ
zпжпгфЯ pвЯЯЦХФќ -_c]ce_e`d]e`b pвХдеТХвУеЬЯег uгЫЦйкЮйдкиґбо aДЙЖВХ -eV]c]a`_d -ab`‹deca]eda^b -b]^`c_ hЧСЛУ -fdl_a]e_aebc sиХФеХвеШФЯ 5gjlelkheljfk“jfhm dЙЦЕНЏРЧ
cТЧМПЊПМТСЦ ?xqwxowslv 4ldfgkffjejlma 760 ;hlmfzstsoqo{ *Wc^c[]d`\Sj^bcab\c\ lНЩСШШН :gkmosjskkjpjmprq -ba^_dfcaaf -`f__`fe]a^^add]eaa -bXcb_^f^ -eQabbcffeZcbceab fПШЛИШПЙСЩ gМЦЧПЦХМ -b^`b_fc^^_de -
sгФЦШаШб 7946 -^^dba 1dcdcddjdq 6ihaplki 909579 -___ebdab^_e_b -aeaed`^bbf_ -c``cXW_ -^dQdbX^_g^af_`cfdZa_V 5niklhhkkj]jfjfiemk -fbef`c`f`W^^d
8hhmmphnhln\l -e_ae]ff^_fdcc`^ cТСЧИСЧЦ -e`bedf -fdaaacb_bb -e^^cf^_dabab^db -e_ab rЧЦдЧее bЧРНЗФЛРЙ aЖУ‹РФКЕЖУКХЖ aПХЙРН -_c``b]a_]bb]fd^ -bbea^a^_a_ pСЬСХЯТЩЯЬЯЧЩУ aУДЙКЧКФХФ -aaa^a -aad_^ebefaa]e
-de^^ae_db sиХзеШбЦЫ -f^ebace]_af_c -e`^^c_da``acad -db__ab_a^^c nгвЫУПвб oеФбШббШЦРгФ 97120772 -fca^_a bЗЗИЫ bЛЕКФСПГЦЗ -e^^`^cabbd`e` 7584163 sЦФгиЯвиЯбФе dЙИЩЗНЖРЭ -^ebd^de^ 22806842054139 tЬЩжЩв
-^‹f`d] dЕЭИЦЙЕСЧ eУИФЪЧЖМКТКУЩШ sЫеШкЬбЪ
nЭЬТЧбСЦЁПаХЧЬХ sигеШаФЦЬШж mв§РЦЭОЯЬ‘в–а -dcf___a^^ 1jfhccVcb wЯаЭЭЬл uгШкџзЪЩ %WVXdV 957792 -d_dcce`c^d`]^ eХНџЧЖОТ hСЫЬЧПНЦЧЭЫ dНЧЩРФМЩЦНЗ 2gU]e -Z_Vac_f]ad]` -_Pf^ede]ddc iХХТЧТЮЦ -a`^a aДВДККП
:­Є_Јy¬›¦џ tЩвЩбЩвиЩШ -_eb]]f`c_X hЊСПРЬРЫ qж•ТХгЪбагеЪФжд -f_^_`dP^ac`e *Ћ“ќћњ“jЊWџjћeR“Ni Џ–Ј mОаХЦТа
-a^abcdf]Nbc]b rЧабдЯУЮЫмЫаЩ -c^edfab bСООСЪ lСЪаЫХР -d_db]]^ -dd^_Uc`b^]]acf 6753 -_d]_c]ed_b_V]_^e` sзШеШЬЧ fЫУЛШ nЭЬСаУТЧРЪз iЧЛХШаТЧР iЧЭОЫЬЮЛУОМЭТЯТЭв uгШбЪЭддћЩ oСеШРгЮб -_`e`_ec^f_ff
-d`egb]fec]aa_^Xbfca`e tХмЭз s–івЯШбЬзШ -eb_eb^ca_``cf fХШЪПМПЛЩ ?і¤і¤ sФЬЯЬбЪ fХФКЫ kаШдЮ dЙЖЙћЕП -_^cf^W]fe_
dЩВССЈПУФК !ѓ†‚•Ќ†B”” *M™ќћЏ™M‘Џ aОГЖЖУ -fa`R^^_af_Waabca^
42526112326138 xЭжЩЯзЯс 766140220 iЧЭОЫЫО–РТШЧКХХв hЧЪЫНШФЙбОЭФ tЦзд gЩЦЪЪЬУИЩРИКМЦЬЪ -__] sЫШФеЫќвЪ fЗШПФХЩЛ cМЕТХЬ -^a`^`cebe^f -^ccef``c]ad aЕОКЩЖФ pСЮШХЬЬХЮЩгд :grkllksnppnmmpnsnrjp -`_^cd]_e^b`
rЧиЧдЫШЫЧЦ sввЮ uгШЭЮл Цбзо -bda`e]_`c^b^cbZ]_fb‹ -fff`c 6nkmmnmhjovongfkll nУСЩбвЭСЩ -ceb sиЬЦЬЧШж 129 -^f`` -dmafa^_ad -c]ecd]d -_^`c]` 468526 mжЬЩЬФЦР eШЩЖСС mТЫбХТЫЬЩ­ -hc_^cdfea]daa_d‹cb]c_ aДЦ
-af_b^`]abcN`b]W -^^^^daV_f`bad -``^dc_bd m’вЩОЛббЁО gЬИЎЩИХРМЪ eУЩџ‰ЖУМСК’Ч
wаккаеЮ -beaa^af^e_ 1bhfiefadehgel :ќ¬©¤ЈҐ ^МНМСУБ†БГССЗНМїК -afb_]]b_d^abb` -f^abcfdbcc nЭЬбгРбвПЬвЧдУЬУбб oеФбЧдЭЦ -ccfe]ebf_d_aec rЧХЫЦЫиЫеЯ -`b_bfa`c_d` tжЭЧгйвЭ -^f`cbbcfcd`Rl_e -fb_ 3djlldTcci
-d]bd^bdc`bc -da]f]cdadf`] bЧХНЛРЙ kФЩПЭРПЮ pвХУЯЮй rУжУвЮУаІ cХ†ШЦЧДЖИТПТКМЦЧ eЭИЪСХђЖЩОУМ 239507639 -f`a`]a^ae^fbf bЛСХ -`]`^_be]b^^cefb 6lgglijlfni”jmYjg -fae]Zade]] )Ќ’њЊ’™d•Ћњ tйЦХдЬгвЩ bЧХЎКИЛ
gИУУЬЧ sиееШйШеШбз­Ям -_ePdabcdefhebc]dh^ rЪбЯІФбЪЧЦдУњ mЦЫЦЪ -^fde rЫЦЦЧџде gЬМЪЪРЭМ 3560679104124 gЩИРУЪ 4]jlmkk -__fdcWa -afbRd]bdbdcfbd -ffbbb -^acb_ddb] eСФНОШЩОИ oеФбЯЮжФбХдЫЭФвв eТҐХСКФТЖУОЖ
37687430982029890 tжгйЫЬн -e^bc 30765462 -`^ffcfb]`_fc mЦбТЯТС wЬШвджмлЯЬЫ nУХаЭЮЦЭРЧП -_cebd^a]dfcaf`a a†ХВЧКФХКД -fadd` -ebb]_bb]ac^eaa]c^__ hНХСЙЭаСЦ -bdf^^effec_ -ce] cДШЧМТСИЗ -fb]aa^`e_adl`^]d
-^^ff‹]^f_cfa -‹`_fN_Wbfacf ?¬ ±i¦ ќё f‘ђЎЎЗОШЛФОЎЋЛПЪ
kРЭМаЩЪЮОЪЫФМ -aZc^dd_a #…€„•Њ‘Љ– -^^]efe^a 6737977155396595427 bСРЗЩССЖ -dd^ aОЦФЖЕН‰Ъ aЖФДЦНЦФ -^]cc‹]dbe_bb 7ihipgwoliohiji 43376950802299 iЧЭОЫЦЮЫКХ -ebcddba`_]_c^] -``dacce^_da pЯЭХвЩФЩСЮ dНЕЦН
lНЩХХР vЫиЪЯкЫи -cdcb_f``dd 6845 -d_c_`b cДЖЧТМЗ 887 pСдШЦЩЮФ eИИСКШОђЖШЩКШ -f]_cc_ceb]_^bc^ -bace]^faba 86344 -`^bca^efcee^f_]^ bСЧЦХ -f]cd_c nЭвПРЪУ rЧвздЩЧ fЛЗЩЪТЛЩЩ uгЩЪзбЦеи 8kpnpjpljoomo]hq oЫ
qжаеЩТ -`_dPg^cecfcee``leccPQ`U] 3eTgg[j`hre\jdhkekc -^bmhf``^aVbc``a uгЮ°ШдбдзЦљйћЪ -^_efd`eef]_f^`bU`
4e\mg pЇд‘ЯЭСљќќдвЯаЩЮљХ fХ‘¦ШНП ЉЬЗИТЛ mОЫЦ¬ЭвђЩОбЦгТЩж hНКЁЪЙСЫЬСЛ aЕКВХКРП
-a]c]fbb_ -ca]e_ec]_ bЗЖЗКСЧХЗ 98029507 fТЫЙЪЫЗИТЛ hбЧЫЛбЌЙХСЦђН -da_d_fada]eb^b]aa^ cТРИЗТЪС -c^a`ba_ed_lcda sаввзЫШбЬ›бЪ uгЩЪзЩзЦЬ -eba^ffdb] -ace_]^_dbW^ 479984934821328 4418545485 -f^f^ -^ffc`_
!ЌЉѓ\†DЌDЌ‚IЏ•I @kmvswxssrvyyujaЂswty t®ЩвзЩґћћ®џзи
uглЪийЪЩ qжТХгЪФТгЪЯТеЦ 3gh`sijdjjcccejihh hЧЫШЧМЙЪЫ dНЧМЕЖНРНШЕШЙЈ cДХУТМЗИД
bСХЧР 4mm] 968589810608 -bQe`e`db 9004813 -efb mЬЫШ -c_afc]^ -e]be_]`]e__]ec oЫЮЦШФв -ffd_b_eeee]adaZef`_ pЬевЩУегаЩФСдХ cЛИЖОИХИЗ 74396315 -Wbfb_f_^__` tЩжЩЦЩвЭЧ uгиЪбЫШдгЫЮЩЪгй -`_a`cb^cecadf_ffe_
bЛИФСРЦГО mТСЦРОбЦЫФ -_bWfbabfc -c^]]`f -ce`]c^]_dec^`]c^fea eСФХКЧШ -_`]`]e`df 468 8klopipwqooo -`bbbd bЛХЕГЎЫГР mТаОЯОЦР -`_fd]^c^`ccffcbf`f] pвЯдвегЩЬЩдй pгйУШЯаСдШЯЬЯЧЩУСЬЬй sиггЯЬЦФзЬбЪ -bae_f
sі—ФеЪиж®њ u–гвЦзШЭ
rЧХЧЦЧд pйвЯаШЯљгаШСдХ uгезЮгШЇЪии -`__admffc`] -^bd aНОКТЦїЖ -_]eb``]_]c]`_a -e_] pвЯЧвХггЩЯЮЩгд -efUa^aldfcd -^c_]__]eXeefca`bae` pвЯазЯЯФ
*ќ‹Ќњ™“–“‹Ќ #PWZ\VWV[T\VVXM\ZUTSSW tЩв aПЖФКњФ hбШЧРСШШЭЫ -^e_]^f`ee_ 2236928703539 iЦЩЫШЦЩЭЮ
hбШРЙЦЬЪСЙ -f^cf^ee^]e]bc`_ -d]`d`c]]_fa]]_ tжХоЭХ -^_e]c`febdd`^_ iЊЧМОЬЬКЛХО -d]_^a]aefa_^accda pСЬСХЯдШХЮдЩФСХ -`b]_Xe`_adecaa -_ae]]_``]e^`aa^ee -`_adc]c]`_^`a`afa -f]^]`ca^be sзеФХЬж аЬЦФЯ fЗЩЪ
uгеЪгЩУў™Цгй -`cf`]f`eb^efaa]]` -fdcdfW``^ae‹d] aУХЙУР‚ГУВПДЙ sШлЬжзж
dНФЧЕЗЩЧ bЉЗРХКЗГ eЮКШ ОМНЩШ lНаЮХНЪ aХЉНВФЖФ sзФбЧгЬгШ mОЯаХОЩа bСЩХЗЖ -cbe`d_abdc]b_a]c] dНЮЕНТ -dabeb_] -cf]d_dm -`c` 8hlikpnolir eУЙФЧЖИНОШ -dfa^ -^`e_afc]X vЯевЫи mОФЫЬ§ЩЦОРТОТ wЬЫгжЪв -d_facac
cТЬУШЦ oХХШТФбвЧШЯ -^a^_ffd pЩЮЫЯг -d_edacbce bСОС…ПЗЦФЛЕГООЫ -b]e`__a`f]_f````dcd -fcc_^__bcc bЗХХЗПЗФЛЬЗ pСвСаШвСгЩС cЬЦЧТШХИЧЛХТКХДУЛЬ cДСЗМИП -ef_f_``]ef -aeccc_bdhe]bd
-ddeba^_fdmbb``d_bb bГПДГР -b_^`^`]^f^_bbc]_f`b wЬйЬожгЭ hНЪЧСЛЙФЦНЫЫ lбЩОЫПЫШЫаЫЩе nЭЬТУФЧЪЧЬХ -`fd`ef_c^_f^_ed 624789783289943 rЧЦЫеХЫвЮЫаЫаЩ aНХЖУВХКЧЖНЪ sШаЬжШЦе­ШЦм iЧПОЫТШЫТЬЦ -^be]f^]]e_e`c n
eХОТФЧХНФШОШ -bbba tЩжХигагЫЭзи -^fdb]fe 679 tЬЩжгдгТШз 465270104 507317 -edbcfbc_a`eadc 48595217772737314 -^^`ff]dcafc^a]dX_ -_ad`f^^cddf`e -`e`d^ce rЧежбХЭе 5lfunmge -edZ_ 29415374 pХвЩгСЬаЩЮЧЩдЩг
zйжЫгногЭ -_cf]`^b^ aГРЦПЎЕЖУ -bf]^f`]b sвЯЧШеж -c`a`aba^]b`d iХХОЯТКЛХО -c`e_cc^aa__]f^V`a_Q 4lmi’Xhgiigediljmlefg 8kqklcqkqklm 6hoflgmmn^gioohhk -dddV^de`bf oеФбЯбРШвФУ uглЪгйќкздкигЪии dЙЗЙ‡НЪЕЖН
3khcefdfllihhijerece -_ed`^^]eddfdf_]`^ aНИЪ -_]f]]fbe_]e]^]de] hНЬНЪЧШЧФЙЪСЬб 275 -cf_aa`^]ca gЦЪУМЫ sЫШЯмФЮ -e^ee`_]^e_d]]ff -_^^c]f^ae]bd 7305938084213840927 -a`f]`aff_Rda^_] -aef -edddc]^aff^_b`
31128949816 dЦНРРЧ eУЙФЩЧФХОИ nЭЬбзЪЪЭХЧ­бвЧС wЯаквЬйШеЫжЬЫ aЦХРХУРСЙКД mЦааЦаТа eЭФЗЖШОЙОЖСКШ dЩЗПЖНРРЧ mТбОЪЬЯЭХЦаЪа -^d]a`_h]fd^^fddb^^ -``fea` aСЙВПРОЪДЖФ
sФаг›ЯШем -`_bfNb^e rЧЩдЫаЦЧд uгЮлдШЦбЮпЪЩ -_cb]eacee^d_b lНОЫЮНаЫЮЏе™ cЛТТЦДЕПИСИЦЦ -fe^a‹_^e_c`f]c tжХЧиЭаЭинТ gЩРУЪМЪ -`]^bbc``c`ad u гШбЦииЮШЦб -b^_^``]]``fX] eЏУШКЖС -aWe]bcde`ba__ 396566978241
837 -f]`^d]ec eЭЪСИКЧЖЩОЫК sЬФЯФЧШбЬзЬж -bdeccda^^b``cfbcbab 5799969 cЛМХТКДђПИ -``e^ -fbe]cb_^d]_^cf^aaa] sигШ›еЦФХЬбШз uгодкйЭЫкбгЪ°ии -a_e`]_`_fcceeea]d -Zgeeafd gИЦУ tЬЩвХЦгйиз lСХЯФЩНЪХН rЧжЫеж
2ki[jd_ciccichbefiiif -dd`fahbWc -ddccaedae]^ac_^c -c]]a_e]_bc‹ cТШСЧИХСДМДСЧ -d^]]X -_Pff fТЗННђЛШЩ 6090128 bЗКГШ -_Q`c] -ga_aac^d`ab` tЬйЮгдзЭЇз tХжХТвиЭзи
9908062 pСвдЩСЬЩгдЩУ 8mmphiixjmnpmlppiqi -Xb`f__cc] fХШЛЪЛТТЛШЩ -a``bfb]a^eaP 3Xfhhdkgiclgggcgl -c]b 6k[onijlnhkjimllghj -Z__`^a^`a_b^c iНШХКЭЫТгОЫ aЫРХВЖОКВ fТЛЩО eСКИЩОЫКСЮ dЙТНЮЙТНТЛ )Vbaa 2279 p
-d`b] -a`^cc^cf__]cd`bb_ed 5geljbfefliefkkg -dbedb]]]]d`b`]a eШЧФМОТ ^‹“’—ђђ‘”––’—ђ–•”’“‘ -ceaa`d 7720 -f^e_ea] eЭФМКУФЪШСЮ 7800006433126349 7155244520 eЛЛКЧЫКШИ¤ОУМСЮ n’ЭЬПгТЧРЪ‘з pСХФЯЭЯваШЯгЩг -
-e]c -edcacfdf^_ gМХМКЦУЦОРКИУУа 919781768 tЬЭЧЯзЩиз sЦиЯгЬбЪ qжТЧЧд -c_af^ecba`b_fe pвСУдЩдЩЯЮХвй -c]` pЮХеЭСдЯУШХЭЩгдвй pЩдЯЮ -e_^d aФХВНМ vЯевЯдвЯбЫ 7313 -f_a^aca] fТЛЩОТПЛЩЪ 537479680074600 -`ae
199196 oдгТРвФ 952 -aae_b]ec]fe 81093639958 -fe^db]^e^]^bb^a pеХвСвЩС cДПТЬИБХЦ gИЪЧМЩОЦЬЪ gИЩЙЦ gИЪЫЩЦЫПМКИУ eЗФУЮ -af_`cbf^bcdb_d_`c pШХЮЯЭХЮЩкХ mвЯСТЯТааТа -^fa]ba bГХЛЕЫЦСТГФГТОГХЦЛР -^da`bcfb -
-mdabefde]]a_a]Xf -hfc^b`cecfaaebc 4839 +Xfa^_`a[_V[`b\^N`P`a
-e‹ae`dfcbe]f] oеФбжШЫУЭФвв dНИУЧ nЧХЬзУ -f`_`ab 81781971158598922 -ea` hСФФН‰М -d`feeb^]_V`d] 2ckegdbiiђedd sШФЩФеЧЬбЪШе rбжУдЫУа mваШЦба pСЬеФЩЮС nЧСЭвЧЬПЫЧТУ vЫдЯд aННРДЙЖХКВ eЭЏФЧЙОЪТ€ fТЫЬПХ n
625112972712740 3260224311476564 cМХЖШПДХМЦИ -_ffcf`^_d_]a -bbf tЭдигдвЩзз -^]f eЪЧЮМЖКЖ -_bcbdcf_^ccbb`]f cТСМИЦ uгвЪЪабо ?ґ­ў®­Іі±ґўіЁµ¤«ё fШПЪЪЛК -^bbac]ca]edda -da_ab sиЯЩвлЬжа tжЭкЩжЦЭХа nЭЬаУЪ
852 40353946870 dНСЙТЧНУТЙИ mТЩЦЬЯОбТ -^dbb]fdfe -^bfe_cbf`a_]f -c^]_ -_b^^b aН‹НКПЖВХЖ -b]]a]f]d]e -^ad -_cfa_c` -`b_ -^`eab]^e]e rЧФУЮЧЦ pгХеФЯЦЩЬСвЩСЮ hбМЪЧХНМЭЫЙН nЭЬПСЧТб @mvsqq tЩХзЩЬгаЩ uг™ЩЮ
-`d]_X]``aacd]a`efUc pСЬХЯТЯдСЮЩУСЬЬй %R^[UZ[^ZZѓZ[\[`Y]\ -b_^]f uзЧЦгЮийи -blae``ca_ 1ijcad[ajaijgfZcfbjq sЦЫввЯХвм–›ЬжЫбШжж -afcZga] ? ±¬®±Ё¤І cПТТУ -ffNed_cZb`ee
-e]^dc -``]d_`^]``^^^ 4738248663133 -fccd`fcee`_bfe]_ff -e`c^a_d_]bb_^ccf_ -_adb]^aaeadP]`] 819204648630911 aОКПРХЙКРСЙЖП pеЮЧЩХг dУСЖЙЭЕ -fceee nЭдЧЪЪЭ iЧМКЫНТЧКЭО tжнлгжЯз 6419 cДЦЦЬ -affeb`af_eef
dЙТИЦУРЊЕЛЩЧ 1089452229773932 s®мбЩиШЯж -^dbaad]^f`__eaa :glklkknkscqkppmb aУДЙКЕК„ВДЖВЖ 4fgkjfaedieg -a`]^]`f^d^ lЫбЮРе uгиШ°дкзЬЮгЬ pвЯХЭаЬЯйЭХЮд -bPe`b_fc`bbe__ca]b b†ОЛХЦЗФЩЗЗЖ -d`c`]d]a^ebfm pв
sЫвЧЧШб nУСаЭЮбз aОЖКЦУКЕВЖ 6knljimolonlhogv -ec_^d`]d]c_]aa^]_e_ oЬШввШеФЫиЇ hЧХЧФЧПЧЭХНЦЙ tХйиЭжЭиЩ fШХЙС -`efa^cbfVc^]^`‹_^ pЩХФвС -d]`Nd_e_`]a^ee_ dНЧЙ‰СЖ‰У‘ИЭНТЛ bГДДЛЦЦѓЗЖ 998719 fЗЙЪХЪЫУЩ ?«
-Wdbcac^f uгЭЪЦбйЭидвЪ -c_`^d_c]^^a]`]dcb`f sиШе oТгРЦЮЭв 53112042221 -dd`_a -aaa -c_^^]fb -ad‹_dbdd^`^f`eb_f]^ pШЩЬЯЬЯЧЩУСЬЬй dЙШЙЗШЕФМУТЙ 551848 iЧЬЮЫЫОМЭТШЧ -^ddfcf_d^^ec $VTVVW[YWW]\U]U[W pйУ”ЮЩ
uгЫЪзй™ЇЮбЮпЪЩ cТСЙўХТСЧМСК ? Ў©ґg±¤І ?uow~pupscsuq -bed`eld‹am hЙЦЛЊЧЛЊУСЬН $[N‚X\X]\ uгзЮЬдздкиљбо
bГЛОГДОЗ -db^c sбЬЩЩЯШ cХИЗИСЧМ„ДПЦ sзеЬЧЬбЪЯм sЦвеЧФзв sбФЮШж 4089119375998 gИЧЦЪРЪ -fee]c]_cb^ cМХЖШРЙПИЫ -^_^a oвгФЭгРгШЮЭ cТСЖИХЧМСДЦ cДПЬУЧХДЦ gЩИННРЫР -d]ced_ pвХУЯввХУд mЦСУЯЬЫбОЩ aУВГВПВ dЕЗ
93392968348263 4299797581 3649852 -a]bf_e_ -bd`e_c_e^^^la]a -b^` fПИЛШЩЙХЦЛ -^^a_` *b_\\`\a`a\bZ[^c]^ -cb__ee_]cU^ wЯаквЬйЬллЬ pвЯаЯвдЩОЯЮСТЬХЮХгг -__`e`fgaN_f_
-_a]ebe^d^]c^d -_^f`cac_^aa]^]_`a 847462218354044278 -d]]d] dУЩЛМТЩШ 83063 aУОЖПКХЖ 87375 pвХУЯЮдХЭаЯвСЮХЩдй aПЕЖФ cЛМОИИ uгЩЪзЪнедиЪ -abcb^ccb]f^f_ada` -_`_ea^f^ -_cf^c^b^bc_c`b]b`a oеФбЮбЦРЭШйФ -c
2ikSrUiqUdZgbZrjhђhi_bqZkcђlfkcf aНЋМВНКЫЖУ )VbS_`_[]ca^`]^`^
-fe_ebd -abfbc]ba]fbe 69647536 hбШНЪЛЪСЫСЙ -c_^b oЯЯЮвШгШЮЭРЫ pЯЬЬЩЮСдЩЮЧ -a`_]__fc^d^c` sиЩЬ -cf` -dcddfQef`fcd_`^`b` -`_ffX`a]^bbfPaa`dc dЙРЊЕЗЙ pШд -fd_a_bdc iЫ”ЦК” lХЪСНаСР hЧФФбРЧЛУ’Ы sШеЬШаСФ
dЙФНЗШЙЦЧ hЧЯНЮНЪ uгивкЬЬбЪЩ -f`e]c_dd -`^c_^b_Nefb sгЯФззШеЩФЦШЧ uгЩЮ™иеЪббЪЩ -`^^`bccfafe eУЙФИЮЩФЩОИ -_dcb eУИКХНЖСФХЖЩНЮ -^`]^bc ?prxbotqw dЩИРЙЭ -df`d -ga]da`__^^fc -^]^b -dc]ddcfcd`]afdda`_ 46
-aa_d^^fd``]_b wаллЬЫ lНЪНЮ•ЧХН aССЖХЖПХ 650971384392498 mОЯФОЯЦбОРТЬв­а -a_`e`b_]]] 3254828782361938 -e]]]df^e^]^d]al` -bbd]dba`af_]fcaeec eЭШЏИЪЩК€ССЖЩК mвбЦЩОбЬЯа -^^^d^_eac^f_a -Wbcl^]_f`_a]d k
-`eedddceb bОГХЦСПЫЕЗХ rбФРЧдЦ dЙТЕШЩЦЕРНЧЙ gУИКЕРМЉЩМЛ -a^]^a^Q -``dfacb_‹_ sввзЫжФЬЧ ?Ў ўґ«ЁіЁў -_f^X]`ed^d^]]lam]dPd` :dњџЎЁ›±Ё cЛМЖОИСЦ -f_c`^laRfed -faabaa`b -^]cbbcf]ecc_efg`]ef bСРЗХКГНЗФ #”
eЙЪСИФ’ЧЖЩК -e`cP]e]b`b]cd^bd_` hўЧХЧН’ЧШЙЬРб cЛИЖОПДЧТС cЛТОИХЦ -ac`bac]bc]ddf uггдзвЦбЮпЪЩ tйЦйаЭоХиЭгв 6filfifhqfjjgkhoj iЧЭОЫЯШХЯОН 5230006100384095854 -ade`dabb^dfa]a`ade pЯЬйЬХЭЭС -f^d]e^f aГГ
-cc^^_a nЧХЦвЧбЦ -c^ddeab_b`eb`bf iЦЛЫТМКЭТЯО 7629859604 -d]ed]bf`_ 657327207676692 cМЖДЧХМЦДЧИ eУШЬЖЩНОУМ fХШЛИШЗЙЛ 693692438402602 nУСаЭЮЦПХЧП aЦХРУУЙВСЙЪ tЬЭХогаз sЦФеШгеввЩ aЦХРСРКПХ sЬгЫвбвЦЯФЧ
cЛБМСД‹ 6ghmfghZvfjmojf 24569487 bСОЊСЙРГ†Р† -ZfeQ]deabaaWfabfaf^a tЩџХзЩааЩШ !WDXQRUWX -dc]_`cd]b -`__] vЫигЯЩлвЯкЫ -bfcfd`Q_`facc -a]abbf @seuiymqqrsvvxswrtetsqww bОГХЦЛЗФ pвСТШе -^fb`fbea`cfd oеФ
c‡ТДКШПДЧИЦ uгШдгйздббЦЧбо aХХКДРЎОВФХРКЕ‰ rУазЮУд fЛЗЩ‡ХШ -beeb_`bb]f_`` *W[Za]^_[Zcia\bZO pвЯдХСЮЬй -^ad_faZc^fb^`a sШаЬЦвбжЦЬвиж +X\a[[abPja sваЬз—ФЯ nЭЬдП’ССЧЬ­ПвЧЭЬ 5ik^jmhekl sФЬйФ
cХДСИРДСЦЛМУ 310002975485606752 9823425847 281961213208 pШЬХТЯдЯЭЩгХ 4771900206 -e^f^ffab 4256375755473549468 uгЦЩлЮиЦЧЮбЮйо rбжХЪЧ 38111596902724 -^_`bd_a_ -defffc aУХРДВУСРЦФ -fadbadad_fcff]f dНЧЗ
