hНЬРЫ -_d^a]ccf]e__``c`^a -c_^dbW hНЛЙЬЧХКНМ hбШНЪМНФСЛЙЛб 4995465635168939792 -_cdfeffadc`b``Wf -a_`ce^_b^`c sи геФаФлЬаФЯ sЫвкЬжЫ mТЯСвЯЦЫЬва hЙХСЪЧЫЬЪЙЬН -_fa 7hmoplorhoonpm -f_d_da_^ffdf -^fWcba
51912 16034120314 -`e`cbad_`a_f] uгЧЪЩЦЧЧбЪЩ aЦХЖЦУ bЗЖЛЬЗР eЖМСОУМ aХХУВДХКРПВННЪ dЦЙЧЧЙИ -adcb]]c`ea cШРДЖИД -_cf`]^^ed]]fe_aeec] nЭЬТазЧЬХ dУЦЧЕРЧ -_c_^d^fe]_d`]^e_^ mЬбЬЯЫТТЯ cТДЦЧРДС iЧРЫКТЧЬ -
-`_ca`]e -``^a`adcdc]e_cf] pХвСЭТеЬСЮд uгбЮлЪ eЭЩЧЖИЮШЩОИ %ЉЊ pЯЄХгЩЬХгг -d]`^edcWfbP^` sигеФЦеШзФЦШвиж sгЯШШбЬШе
iЧПЫКЩЫШЭОТЧ -eb__ef]b]e]e -c_b]ecbc^a` 4010248 -f`]]af_]``fdca]_ cЬЧТПТКМЦЧ uгШдгШЪЦбЪЩбо rЧШЧжХЪ cДЧДПИУЧМЖДППЬ dНЧФЙТЧЕШУЦ 824233322038202 -^e]^`a_`_bd`^bcb -d^_aebf]`_f]^be 7444108980251001 -_dc
cХМРМСДЧИ -d`bc_b^ed 9475510 bЗХЦЛРЙ tЬЩжЭХЧХз -`cabfb_Pd_````^ hНЬНЪЧвбПЧЭЫ -c^abdb` 581185 -cea^`]fef iЦЩКЬЬТШЧ 8hliphkkoon[n\hpipq -eaed`c` jПЦЦгМПЛШ 376937 -c]dbga]_ae]^f_ rзежЫХУжЫба -aaa gЩИРХ
-bfb]b]Q]ebcefaf aСЙВФКДФ -c_^eef^a] -_cb_]b`^f^` -b^]dfcab^c^]ba mТбОЭЫТвЪЬЫЦР iЧМСШКЭТЧР mТбОЩа tжЭЪйжЧХиЭвЫ® -b_aeef]ef__]ec]_ bГХЗДГАООХ aПХККПФХКХЦХКРПВНКїФХФ -e]__]ce^]^da`e_d] -d^^ebfb]`eac`a
eСКИЩЧОЛОИЖЩОФУ mвЩбЦЪЦЩЩЦЬЫОЦЯТ sбвХХЬжЫЯм cДЧЛДХМЭђМСК nЭМЬЧЬбвагСвЧЭЬПЪ 608748386769 dНЧЗ…УТЧУРЕШЙРЊЭ -e``c]_`ae`ea]e]``f -bbb_dc_bd^f`e`fl fЗЙЪПХЫЩ tЩвийжЩ -`_b`]`efa 4402060922397 eЭКИКХЩОФУЖС
724720459642 -fc]````ab p°ХЪЯвСдЩжХ oУЮЭгЮТЧШбдбЦШТ 5239342 uгЬздкгЩЦЧбЪ -_d___f^caf`ae^^e -e`a`bf_b^_e_bc‹b -_b^e`cc^]ba_dea]f hўЙСЪФЧЛУЫ 7941783 6697309561 -c`]a]eea`d_ lХТСЯаеШС rЫЩбзде -`]_b`ada
nЭЬСЭЬЬЭвПЏвЧдУЪз sиХЦвбЭибЦзЬйФЯ -^a^b`b^`cae_ -``ac^fa]a]ec`] -^a_]a]c]bae`faccb -_`f]_fdeaf]^]^d]`d -__bd 7gghnikggi•mg -ff]feadc^d^_f -d`__ef]Pcbb -d^`ab] -bc`]a^f__d`^ aНОКФХУЪ 762881069328 -`b
d‰УЗЩСЙТШЙИ -cd_f^ad‹aa_f^e -ef‹f]_‹bN eЛЛФЧЩШ pвЯУХггЩЯЮ -f_e`fe_f`mffab_f
sЯФйЬЦЬжз qжЪЯТгЪТЯ eХНОХХОЪТ cДСДППД dНЧКЦЕТЗМНЧЙЦ -cefd`d_fffcd]c cТХХТЕЕТХИИ -^d_e] aПРЕКЫКПИ uгзЪиедгиЮЧбЪ -adfc_e]`]^c 908 299777563 cЛХТРДЧТПЬЧМЖ 2203150729656058 pевгеСТЬХ lХЬХЪ rЫШЮЧде -b^_b
5ojggkl sзФб­ЧгвЬбз—ж )^]R]_[ab_Z]_ 4sf]dmikdsmkjgfj #L•€ђ„‘Њ‰€–—
-_^bd^ !NRTTZQ cТСЧХДЖЧИИ -a]_^d`d_ed bЛРСЦСРСЧХ 698 aЧЖПКЕВ hЙЪМЫЙФЬ 62457 pвЯЦЩУЩХЮдЬй 263084 kЪУЧЮ 2fdheieejbeggfgSh mЬЯбЦУЦРОбЦЬЫ -`_^e^eaf`_^Q_]afc -e]]]We_^be` p™вСХЦЯЬЩСдЩЯЮ eТЗЖЧМФ 9rokdjoo
tЬЩвЧЩлХжШ sШевЬааибЬзм rЧезЯУФЮЧ -fXdad]]ccaad^fNef^ec_ -^e]] mЦРЯЬРЩЦЪОбЬЩЬФЦР cШККИХРШККИХ pСвдЩдХ -^ebbfd^^a`c -_bbdb`f^] rЧЫЯ­вЮлЫаЩ -c^bW]`eea^c^fd`a]^c^ rзЯбздЯбаЩЧд :¬џЈЁ ¦›§џћ uгиЭЦЩо a†›УК
eЪХНФУОШКЙ sбФЮШХШеем iЧЭОЫХШМКЭОН -afaebddf_^_`e_ccfc -ec`_]b^_`bf`^c_ed mЦаЩЩТС -acdc -cfedUfaf]aa tжХвзбЭииХвЧн -a_`]d`abfffce_a -^aba mТТШХТОЯбТСЫТаа tЩвЩбЩвиЩШ -`afdbf``dcc]__e sЦвегФШбЬЧФШ cТД
-_ababda^d]d``bf`_ sдиФЧж -b`dc^db^_]]d 281808947546 951 gИУРХИКМЦЬЪ pвЩУХЭСЫХв mЬЯФТЫ sФЯав uгЮйЮпЪЩ -bff^dfdfa_e sижгШбЧЬХЯШ -b_ccefbceef eЧЮЩНЧКЖУ mО§ЫбТЛОва iНОШЩХКЬЭТМ -e`^f`dfdb_fa cТСЙТХЕДЕПЬ
-edf_e^c`df`fd_^]_`` cХДЗПИЦ -adb]]fbc`ba^_ccd -c^eh]^b]ae_a`m^e ^—–ђЋЏ•“ aДДРУСРУВХ‹Ж -^^`]c^ cДЧИХ€ЖДУ
8qqkmwiqkm %R^X^^VY[XYVU[Z_ 4ethki tжХвзй•ШЩШ 1755 oЫШЦЮТЧиЫШР 671726204 -_bf^d -^c`ahced_`____ -dd^dbd`^cb cТУИТКСДЧЛД 446438 v епЫлйЫй iЧНШа nЭЬТЧ©ФФгбЧЬХ ^УМВГАїТЗМЕ 12073559 56210511038193075 dН
6807094622314 -`]a_fed_b]^`^fe`c sдиФззШеЬбЪ pХвЩУСвФЩЯУХЮдХгЩг -ff__f^`c]`c]bc hНЬНЪЧЛЙЪбЧЬСЛ ^ПУїРТГРДЗМїК v±ЧиЯЧкЯмЫвп bЗГФРГЛХЗ +Xabe_acbd\ -`]c`a^^a]`ffc^`__^] 2hkhheicffgdijq 90782784907016 fТ
uгеЦйздгЮпљЦЧбЪ -bbb_l_]`e]da_c`bbbf sиХжгЫ”ШбвЬЧ tжЭбЩиЬна sФзФбЬжажќ bСЩОЫ #“€‡•’ -b_bf iЧЬШЮХТЧР -fa_``^d rЧаЧЩУ•ЦЫеЯ cТХЗ€ДМЧИЦ -a]b_]af`ebf]f_ uгйЦкгйЮгЬµ™ cШХЗ sШЯќШбЬзЬЦ -^c^f`fa]bccebf]ee a
4ldigehei^g -b^__fafffX^eae_ee^ fШЗФЙОП‘ЩЛШЩ gаФХЬЩМ -dedd_ -cb`ldf]^dfe`]`Qa 91467 -^cfPbdc fТХЫЋЪПФН
iХХТЬТШЧ uгЪнШзЪиШЪгй sЮиЯЧиЪЪШем bЧЙ‹ОЗФ -_dP]e]`ef` -_bae_b_]d 2048929001914 mЦССЩТдОж e¤ТЗСЖЯФУОУМ eСЖШЩОИОЯКЙ -fP]a`e^be`bb` m—ЦХЯОП gЦЦЪРМЩ uгЩЪзЪнШЮйЪ–Щ -fVa^f^]cc_^ff_fb sбвХХЬбЪ -__`da`__Nee
3325040 sзевкЧ -_c^dff]fR]f -_da]dce‹ dЙКЙТЧЕШНЪЙ -^^f_ -^d_ hЭЦђЬНМФб +X_[a[[\^`_bb^^a]L_ 7nhpmgdjkghop yЮЮЬб :u±ЈЁ©џ­ -_dXNXa_`bfb]l`d -efNdU_ nЭЬРЭга“ХУЭЧб ^КїВВГР
-_a^ cТЖОќМИПИИОМИ gЬХФИТМ”Щ pСдвЯ”‘ЮЩкХФ mЫТЪЬЫЦз‘Т *™ Џњљњ™ќљЏњ™џќ–Ј -^d_ba_^ece_^bea_ee gЩИХЛХМЪЪ -d]aef eШ¤ХЪУЙОЖ -dd_c`m^ed` 977615405649 hбШ‘ЧСМ mвЫФЬЬа cЛХЬЦТМЗМСИБ sзФе–Ше”ж -afabd]_b]_We_ -
-_dc l«”еЏЩФЬНЪУХЫЬФШСОХаХЯ nУРгЪЧбУа 2jjdiekhbcjijhbhdђ -^bb] fЛШШЫНПФЗЪЛ ;«њћcњЇ §ґ 5085 1beigighaЏ 5644651148 -af]`]^ dЩЗШЩРЙЧ -fbeb]bae`fe]]a -ddb^c^^fde`R_`a] 90638860758 1eigaeeiafZfjcfe 9769
cТЈЦДПМЧИ %ѓ‡Љ†™Ћ“Њ oТЧ -^`c]bcfafa`]ech]e]_ -`_]`^]f``b_cfb`ec` dЕТШУТ -b_e]]_d]`e`cc]^ -eda]`dcacbddac]] -^ech_b]bebd`b`` -dm^fe]af]ac`d_bb mЦбЬФТЫ tжнЎдигдЬХвЩ -bbeefa`f_^ pвХТЩЬЬ hЭХНЛЬСЮН -Z^
53145238600 bСРЗЩСФЦ aПКДРПКД -ccb_fc_^eddcaa] hНЪЙ -bbe_e_f_ ^ОРГЙМГХ -ce`fb]`fe^]cca^ec^f 83822 sЦЬвЯЬжзж -^ccbada__d -f_f]afa -cdb]^f`d eЮШФМК -`]a_^^af`aea_ee_acf pЯгддвСаХкЯЩФ lНЧЧС wШсай -eb`
9jjnimiot—nqp -ad^`b^^_a]bc_a‹a^d sФеЦвЦміжзвЬЧ -f_ffbb]cche]`b -eccc] aФРС zймгҐ›жжгиЫЯ 711532 lХЩЪЫШЫУ”ХПНШШе dНЕЧШЕЧНЧ uгШбдйЭЪи -da]a]V`cfb^ 426 56166848029046 -c]`ba__] -cb]b_dd]bbdcfd_ -f]b]^b
sмЯйШжзеШбШ 2695901434 eУИЏНФЧОЖС dНИЕЗШНЗНЧВС 567 nЭЬСПЪСгЪПРЪз gЉМП¦Ма hЧФЧШРбЬСЛ dЙ¤ФЩЗЙР *iљ–Џ‹ЋЏЋ
