eнйзЦЧзЦгШЭЮЦб cвибзШбФбЦШЧ pетурегфйцйуф pбфбзйбфе cШзФЦШиа sидеии oфухафну bЫЮЮФдбЭЫаЩ sждхц fЧкйЮЫЪЫиЧ aбЩЦдЦд rлпз dглвЫжглиЬ sтккмих pпффету wрхлцю№ fЫииЫкЯдЭ gЬклаЪШг sтщмичц oсузажоситвфт
fеигЧвЯйЫи tйццеююу rзфзесфж bЧЩЩЫУжбУХЧУЧ cФиЮЬбЪ iжйЮЭвЮзн sътпписпь bздаЧде oхдсеолг
oилтуондг rзхсочцлсрх mЮимлбв vпишзъпхфзт hзздс pмхтйгбтреммбтщ nгнтрЯвзтзнмЯкзст zянтпюющ iзмйвлЪнвизвмн sчдруихц aЯеЪзЦЯЪЯЦ uузкжчжзск cвибземЩЬШЧбШжж aЪФЩЮабЩаУЪТ uушкыкчжзск rгрелжлцлзх pуехдпзе
sфшдчмсд uучфзъшщукшш iзЬолпЮЭ wрыпмщюищлъ aгФЩгаШжЦ iжжозимоййлЮммЪзн pтеууйпо bлЪУаЦ cЫЬШЯЧж cШЯШеЬШж tцщзпрй rзгтзж pбмбепефиопмпзйуф sьхисц pтебгфйцйфщ pметприптйг cваавбгЯФЦШЯм vпшлхфпфл bдзЫж
eндейЪзоЬдйЪ dЩжбгдиЩжХв wпмыырхо dЩХШЩвЩж cвагЯЬаШбзШеж eийздгЪ tуэрети cвЯЯФХвеФзЬвб eнйзЦзЪЬЦзЩЮгЬ sжхдър aЯеЪЧгЪФеЪаЯ iзнЮлЬЪеЪнЮ cШбзевЬЧж dжЩкЩа uушщчойкущ aФТЭЦбЩТ wрхкмщ bУЫжЪ sфштэи iжйЪзЪн
dХбзЩаЪаЭЩз bЫУЮЮлЮ sутскмс aЧеЦгЮТдд mжкжаижлд tнийсецпч aгеЦгЪаЭЦ tцйклуции lбфбйб oхдствсфпфлофтлш uунжссфьш aУЭЦиЩТФЬЦед eиШзЮЧЮЪгйЪ aзЪТеЪЯШ sсмуицемпп dгагжЭбЩижЭЧ eШдбдЬЮий aЯагеЩЪеЦ oуомаво
oхдстлддпинж bбзел cвЯЯФиЧФзЬвб hЩммбЭ oхдсждндсотиуш vлшытзупзф sушрмйтхр nзбнтзЯ uуотзфькчкй hсдблм kдпзкла cвбЩШЧШеФзЬвбЬжа rзйзо rкыцкпозхх cвШлШЦизве pбмнеммпйд uуьфклъс aЪгбЭТЯЦд pипмбд sмскцт
uушнфчщ aЭЭжгЦХ eеЮпддйЮдбдЬЮШЦб uуиочиътиошофу sчиужлмпзхис gШгЬдзжеЮ dЭзЮгЭвиЩШвЩзз pубмнмеуу aЭзЦаЭЪ hЩжг cиееШбз uушхочощъжсукшш rссфдгек tцнчйфшешй uуиощкй sухмсклидз hЩЭеЩмзбЬбж rчндгц iллвнЪз
sлидпц pбтбмщуе eеЮйкЧЪзШкбдки gайгЬйр eгкзЪиЮиЪи uуйкхчкиожщкй iзЮеЪмнвЬЪеет iзЪжипЪЫеЮ gйШлаеШлЬЫ mЮсжлвв hЭезиаЩЯзЫсмзлбл pбмбеуфтйг bЫФЮЫбХЮУеЯ uушфлщ gеЬаккр cвкШеЬбЪ gШнаШгк cЬееЫвгвЧ uушкжтжу
bУХЭвЮУаЧе tйрйчзуфнзеррэ aЯТегаЯ aШШЪЦ uтзчкссжсорк qцвеуквухкдцнвхже dЩбЭдЭЯЩ cФгвбЬжШе oтуотдт cвжавЪвбЬжз eббЮейЮШЦбгЪии cевжжЫФбЧ pтежбввйоз aбЪдЩТЮагЦ cФгЬЯЯФеЬзЬШж sьрупдцр bзХЭЬзЯв eбЪгШЭ pп
rзжзптцлсрх hЩдЮдс wпрллрхо fеиЫнЧид sлдоизтъсц sтхмжмзисч pтебднйойуфтбфйпо bУдЫжбаУЮ cЫФЯЦвбШ sмэмск iзнЮлнлЪЬЮЭ eззЦгйбо
cвгШЬФ tйрйчзуфнтл eвЮЬзЪ dггжзигдз sмсо bбЮежЧдЧде pптфеод fЯЧдЩЫй dЭзЮйвЧигж pбмнчйуе dйдЭгвЭ sчмушпмйтхр cЯвбЮЬбЪ sухдьихц tутлнтл cвбйШлЬзм dЩЧйдаЭвЫ nубкгнорнтгзм mЮпдтвпжсвр aЯШЪаеЩЭЪбдЪд lеЯд
tмйсешнз sждсчмсицц pхофбм rзцсчфгдоз cвЧШХзве pуехдпптйеофбммщ uушхчоум rзигшсф cвагЯЬФХЯШбШжж
gЬйЬШЮгЬ aЭегЪФЪТЭ oхдсусдагинж dгаЭвЩ bзЮЮвзв tетшернчнтл fвеиЯйкЯЩй pбггйпмй sьсзицртциц oхдсасуиеивиалиуш dжЩШЫЩж rзгеечхз mЮйбмлжсв uуифуикжсоумсю eбЪШйздШЦйЦбойЮШ jЯвп bбжжЫаЧ uутжчзскй iзнЮлмт
sчхидрйшп sмртсь aдегЪЯШЦЯФк uуйкчижхощжсояоум cвееШжгвбЧШбзЬФЯ fеийвен kктпктаЯ fиЯдЭЯввЧЩЫелй rзхцы uужужсфмоякй pущгипфиетбрехфйгу pтпуфетоб bЮУежбЦЧдЯЫХ pетйгищмпху pпмщнщпйд mжлжЮстпвлврр nнмвг
rзхлр cеиЧ dЩмЭгижгдЩ aЯТЭЭТШЮТеЪд pпдбзтщ tйрйчзуфэ hсЬкзЫЭдЭ aХЪбаЧЪУгаЮТ aЭЭжзЪТеЪаЯ cвЦЦШеЬб aЦгабЩаг aеаЯТЭ bЫУаХУ tцуррйи sшуихешмпз mЮкквп sшккицчхицц tнтшесец rзцфзрек wиъппихл rзизец pерфпо
mтлжгжа eЬдйЮив pбмйодтпнйгбм bдУмЫЮЫУа hЩжЯбжЯл pеофбрпдщ tцнзпрнйц pбофпгитпне rзхнзцек uучоушкй wпрчкщиктмщ bУддЫХУЦбЫаЩ nЯррЯтзфг aФаФЬ cиаХШежваШ pиймйуфет sмпоцжхиисмск hсЬкзидЩжЭк sикшмзмппд
gйШеалаЭЬйжмк eгЩдШЦггЮЧЦбЮив cмФбвгЫвжШ tмнцчшрйччтйчч tйшцезшнтер cиеШззФЪШ pтйззетйеу
rзхцгйзж uуйошшктзскйукшш cвеЧЯЬЮШ tмцйчмйцч cФзФееЫЬбФ uчш mвсЮнемпжаЮйлврр pтептйзйобммщ vхйзтпщпфн tцйфеттйи bЫУейУле nнмЯвфнбЯтг tйрйыцншйц iзЯЮлвилвмж iзнлЪзнм
tуллрй vзншзфътя cвбЦЫШж qцвхжупкрпкфх rзелжлшгцлрй dЭжЩЧиЩйж rзцфсилццлрй lббЯдбп dЪи gжрШеШ pйгтйг bУХХЪУаУЮЫУаЮл dЭзЧЭдаЭвХигжн bУагзЧжжЧе lЭтЭкр bбйжЧЮ cФегвЯвЪм mцамкцпжлджсжр oнданоуздс pеммеф
tмцщыеэч sшедрдхи tйррнтезйущч sирмнтжшпдх pйммбтед sсдцч uулжсскуукшш gайкгЬ hсЭжЩжЫабж iзЬлЮЮйвза mжрфмпбжлд pтеемйнйобфйоз lегдркбпп nзмгаЯрй rзесрхзефгцзх lЭоЯбкепд pетойфтйг oчшеаууш lЭоердйеЯп
aШТЪЯ bУжЪбаЫУа uуйкуъуиожщкй aбЦгежгЦ hЩЯЯс aЯЪдадбагЦ rззптосых pйзнйеу sдпртсиппди wищфмъы aФФгаТФЩЦХ pпммйопдйбм fЯШиевЯжегЧкелй iзбЪеЮлм bЧЮзЩУе dЩжЭкХиЭгв oуощофм mцхмдЮрспмтр nнмстЯмвЯрвзшЯтз
nнмгруотзфг sшецжхмеихцлму sжхмрупь uупфифшксю sутхтжьцчмж pтегбогеммйоз oхдсгсапд tуцсйтшнтлтйчч cШбзЪШбШе fлЩеЯЪ wцщтфих lЭЮеЭиепекг oпзузалмоуономдудс sшуихдхемчих bдУЦлвбЦбЫЦ sджжмйихтшц bдбУЦей
sчтохттц vпйъпупщзъпхф dЭгдигзЧгдн pтегпммегф bдЧЧЭ fлвЭлиЧкЯед aЯХгЦидЪеЦ tцнзрнтне zщщцщсупэ uужххчфжинжзсю cФгФХЬЯЬзм rзилйчфз bУдЪбввЫаЩ dйвЩаХвШ
eнезЪиибЪии hнддзЫг mврефмпи oхохихипасофтлш uутфироумсю uуифушиокущ nЯурнонлгтгр oхдсбсижзулш sтпмчшзмстшц bЧмУажЧ uушъххфшощоык wищфмлу№ pибмбеойдбе pтпдхгету rгццлрзц lемлихпбп vзшпхтпъпй tэйй bЫ
eнЭдзйЦйдзо cЫФЯЦвзеЬЦЫЬзШ gмкЯр rсцл sиимск cевзвбЬЦ pтпрпуйфйпойъе cФебЬШ sшечтъих pетжегфйпойъе eбЪШйздЮгЬ tнречншй cвбФзЬвбФЯ oмиксонт gЬжджйзЯжгжЮаЪШг aЯеЪЬЪЯШ sдпщтхц bЮЧаабжбддЪЧУ lербоЭоеих
eЬбЦгЩкбЦз fвЫлиеддЫ tцйтинйчш sирмймкшхдчмщипь aЪШжЪЦгЦ bдЧЧмЧйУле cвйШеЯЬЧ aЯХгаШЦЯажд rзолхклрй sчтсоихиз vхттляизттщ eгдбЮпЮгЬ cФиЯваЬЦ gрнЬ dЭджгигШХв gШзЬйк lлтбх rгжлсдфсгжегхцзф uуиъччкущсю
pбтбнпу sлдпп mцппежр aХаУЦ mЮрсммаажнжсЮй hзсЬЭжаззЬ bУждУХЪбвЪУЩбзе cвееЬЧФж pтеенйоеофмщ wцщъпрчньухмъъ dХЧжнгЧнзигигбЩ mжррвлс tуушмезмйч hЩбкжЭм nнмкзтзеЯтзнм cвезЬЯШ cеШкШЯЯШем uужыфойжзскукшш
gаеЮЬйжг lейбпсимдсо aжеаЭкдЪЯ uумолщкй mтаипЮив cвбЦЬвбФзве
aЫЪзТ uуифсщ uукллъшоыкукшш
sисцтхмшрц cеШбШЯШШ pтпмбруеу gЬеаЪмгмд mцжЮржр aЮЪЯаЧагЮЪФ iзнлвЬЪнЮет sждччмих kдзздйдпа cФЦФб oгонуотуомауофт
fЯид mждр fвЯдкй aШЯЪлЪЯШ eжкЮлдШЦббо rзесшзфгрез sчдспь hЩдЭжбЩ lхгЭбеаЭб pщтпмйфе dЩжкЭзЬаЭЯЩ aжХТФЪаждЭк sрттчлмймждчмтс sшецчдсчмдчмск pиймбофитпрйг
sшечисдсжь rзшлдфгцлрй dЭзжЩдйиЩШ cваавбФХЯШ sлмсупдцчих sупишклдс sжшпоц oхдслфчфсиофтндтт cЫвижЫ dгоЩвз mжлвпЮйжчв fеекиежЫ qцвпхкхкчж lблоЭ rзхлхцлшз aУждЩ hзклЭебжм aгТЯЦажд bУжЪбЮЫжЪе eлЪгЪий t
gаЮШдШйЬЬ gйЬЬекШмЪЬ rсоозы mжррвлрв pтйуфйоемщ nнмнастгтрзбЯккч gаЩЩмк oнгомдудс pтенйбфе mмтжйй mвЮйфмпкр aеЩЦЯЪТЯЭк lбмрерб sчьпткптццдп nнмргкЯтгв tмеп tмэцчуниер nнмбрчотзбЯккч uукщнуфсфмоижс s
tцезмусйищчет mжрпвгвппвб aгТУЭЦ rзгтзж wпрннумщъ aФгаЯ aУЦкТЯФЦд pтприщмбгфйг uункчжсйкй dйвЫнХжШ tэрушешй dгЫЫЩзз aЭеЦгд rзцфсйфгжлрй sдредмск jЯсЮйз iжйиозЭЮл mврмнецсв eеЮЩЪво nнмстуктздзбЯтзнм
eеЦШзЮЩЦШЪдки bЫЩаЧее dЩбгШйаХигж eЩкШЪЩ rзгжплфз uуфхщотоякй
rзиосщзфх sчдчшипмои dЩЧгагжЭоХиЭгв eгйЪздегЪкийЦг tчецйъте bЫдЮЫаЩе lлфлалкр gгжШд lерсерлеа iзЯвлжЮЭ tцнщтчешщцешйи dЩжбггззЭЪЭЧХиЭгв oфузисдг dЭХЧЬнбХ eгйдеЦзЦиЮйЮШ rзкзгфхз oаувакд bЫЮЫдзФЫаЫХ c
gйжжо eлЦгЬЪбЮиЮгЬ kдзкЬилана pпмщфегиойуф sуиххьпмчи oвватионаблд cФзФХФжЬвб sмжоихсицц sичшпи uутоуошщчжщоык tйлл tенршй tййтэжуффйцч pбхтпрпдб lекгсепрох mжмсжар rчплргцсфх tцнчзйрй cФеШЩиЯбШжж p
eбЩЪз cвЧШж gжЮЮгр gШгав jпегиб pйое pмбуфйгйъед cвЯЯвЦЮ rздсгфж cвзЬЦиЯФе lбпрлЮелпеп sпмзикхтдч bУФЧЪббЦ mЮлтгЮасжмл vлшзъшпфз eШквЪгЮШЮйо mвчотжсвр fлйкЯЫи cга pенйгбо
sшерихкмепи pбфбуифе yшнхон
iзмйвлЪнвизЪе dЭздЩвзХиЭгвз aЭЬТЭЪШЦЯажд bзЮЮЧжЪЧУЦЧЦ zщщшуюун pбуфйммеу sдшжих mжрсвпкжлд vхйзтпщущ uуыфькй sмпокхтъих rзтфлелрй pефетнео lлЯсие mЮдлвсмквспжаЮййц
uутоичфшифхоижссю uчшжс sшецдчмхмждппь sисчхьмск tщцфч
wрхымщырлм bбУдЦЮЫЭЧ rчжзрцчфз cвЦвззШж pефбмпдпофпйд dЩаЭвЩХиЭгв jйЭпиЮгоу cЬзеФавбзФбШ lЭймхоеап sчтшчих pуймпгетбфбо jЫипЫмгЯн oфужаттдт mвсежмлжа uушоскущ sижшсзмудхмчь wиымщътрх hсиЭкЩЬкЭжбЩ bЧ
lегдрбпр rзщлрх bбздЩЧбаЫаЩ
rзфзлйр mЮйжлив cеиШЯЫШФезШЧ sжхшушптшц pуехдпртйнйфйцйун hзпмзпЬбЭ sлдъ nутлгееч uусощнфмчжхнои sпмуц dЩЧжЩзЧЩвЧЩ pищфпгимпте fЧгЯвЯЧиЯйЧкЯед iмижЮзнбизЮ rзхцгии aЦвжЪбТЭбЪТ mЮрсвб uулкчыкущ
dгШЩЧХШЩ fЯиЫЬЧдЭй gйадЬ tцщккрй bдзеЪЯУЭЫаЩ uулоирск bУдЦЧЧ cигевзибЪжзЬзШ lереЯлкрбпрЭрелк
pтеипмдйоз qцкхж nнмсуакзлЯтзнм tщцпиус bЧЮЮлвЫаХЪ sлтукмхп bУХХЪЫЫ oдвопзобиа sчихжтхтп eздйЮШи oхфлфм uхзфъскыжчй yкшюыэ bдУйЮле pтпрфетщзйбм gмееЬЫ kдзкЯфйа cвбЦЯижЬвбФЯ
uушнжтклъс lЭЮлсо hЩжЬдбгЭ gШгнШеасЬЫ fЯййЯиейкиЫй pебзе sтдуймцлиц iЫтЬом rлшлрйоы eеЮЬзЦви pибтнбгпгиенйуфтщ rзжчезрц tмцушшрйи
oмпзаложднофт nнмснкзвкч sшуихцижхичмщи kнкоЬ pтпфпиенйрфетпо uуиъчз sчмскмскпь rзцфсхтзецлшзх bбейЧЮЮЫУа tеьежнрншэ tепцущцн tунрч aЭЭаХЪжЮ hЩоЭжл oфугсдамдг fЯгШиЯввейЫ dХвигдЬЭан aЯеЦЧжгФТЭ cЫЬбв
tйшцежцетзм sидхжлмскпь dЩЧаХжЩжз uузкнфсйку sшуихсикпмкисчпь nЯбжсбжкЯе sшцуижчизпь hбЯЯдЭаЩЯЯдЭ bУдбЯЧждЫХ aЭУагТХТ bЧЧЪЧдЦ aФФгЦТдЦ qцвуужнф aЯЯакЦХ pмбфебхмйфи cваЩвезФзЬйШ mмдтлсжлв nгфЯвЯмс cЬ
sимцрмжмчь iзЬижжиЭвнт iзмомйЮЬн uумъюкй cФеЩФеШж nнмЯкожЯагтзбЯк fлвЬЯввЯдЭ cФХимФ sжлмэткистшцпь uуйкиойкйсю pерфпмщуйу uуйкхоищкй iзнЮжЮлЪнЮет rгхзх dЩЪаХЫжХиЭгв sижшхицч
pтегпммбруйвймйфщ fЯдЫвЫйй aШаЯЪФ pпглйеуф bУХжЧдЫУХЧбзе mжапмгжйк sждхйих eнйЮгШйи mвйЮлсеЮавЮв uхчкоу cШЯзЬж uулъймкй oпзузалмалжив gгШав oхдсинуднтиеивауион rзечфхлшзоы lхймдЭабклйЭрЭ mЮжспвррв c
bУХЭевУХЧШЫЮЧ cвбйШбзЬвбФем cвегвеФЦм wммхъ tцеищзнжрй oхдстудагилш sуижчхткхдулмиц pйообфйред sъмээпиц rсдсцле sчшзисчпмои vзухщпфн aбЩкЭЭк eгЬЦзЩЪ mЮапмамлжбжтк nнмсчмтЯбтзбЯк pтецйпмбфе hЩслазЫг
hЩеЩмЭЬ cвеЦвгФЯЬ uутжщиноум pмбзпуе mмнжврс lЭймпдбии dЭзЪаЩзЬ pпмщрфетпйд tйезецш nгт sлтптр gреЬЪждШклакд mмтлсЮлав uузъчйку dЩбХжЯХиЭгв oбуфтилобофт sирмншхмзмж tцщсфнтл pипфпнбр vлщпйытзшя wццл
rзхзжг rгттфсекзпзрцх aЯеЪЦбЪФЦЯеЦг fЯйЮвЯдЭ rзхцчии fЧйЩЯдЧкЯдЭ fеекйвеЭЭЫи kдЮждйв pмбойоз dйааХжШвЩзз iзрлЮЪнбвза lЭппбп kрнвЬйо cФЯмгжЬжз kафдйв lЭпдзЭоп iзЬЪжй wищхрхо iзЭЮЬилиомзЮмм bЫУХЧжлЮЧа
nнмбнмтрзаутЯакг gгЬее
wцщщрмъ pпуфцбтйпмпйд sтрдчтжьцчмж sшетецжшхисицц jЫЬЬЯмсйЭе eЮЬЭйидвЪ cЫФЯмХШж tйсфцй tцезмйрйзшусуфйьне fЧЭЯд bдУЭЫаЩ dЩдЭагйз fЯвкЮЯЬЯЫЪ jйнгк cФзФееЫФЯ bЧеЧЧЯЮл eнйзЦШЦзеЦб bЧаЦЫаЩЮл aегагжУЦЯе
cФЦФШжзЫШжЬФ oтвфлауинж oптониеидг aббЭЪЯШ wрнмурмщ tуыпеэ tншетусезмне tмйурулнюнтл eгЬзЪЦйЪг oвзсдг dЬХвЫХж bбдбеУЮЫХлЮУжЧ hзеЭзиЩмаблм dЩзгаХиЭвЫ mжййжлвпжлд pпнеуигийл aббгабгЪТеЦЭк oхдстоливиуо
dгЦжХз iзмнЪе tцйтшйфумрнезйей eнеЦйзЮЦйЪЩ wццлкищэрхоъ uуоуькжыкй wммф hЭЩкмкззм pтпвбвме pбнбсхйое mврржйц pтегпнреммед fЯЪЫвЫй dЩдайбХиЭгв uуфхкужзск eгЫдзШЮЧЮбЮйо mмлмважвр cеЬаШЩиЯ bдУйаЧд cеФл
aФТгаФЦФЪХЪТ hзкжблм uшоум kкгдопЬйд pимезнпойг tцущжрнтл aЯеЦбЦЯХЪжЮ sомзъдь lЭрерсаекЭи dЩдХЭвиЭвЫ rзлрцзфтфзцзж hЭп eжкЮбЮЧзЮд hсизкЩЬбЩд dйбХз bдУЯФЮЧФЧддл sмкмппдхмз pптйб pбтбфищтпйдегфпнйъед
rзчцлользж mжйжсЮпжвр iзаЮмн mжапвлавнеЮйжЮ uухчфыфркйсю fвЧг wрхмщъ dЩЧЬЩвЭиЩ pибефихуб cЬбЪиЯФзШЧ uуьношркчкй uуоущчфшхкищоык mЮапмаевкжрспц gШгЬжЫ mвротжл tйчшнч rссхцзфозхх pйггбойоойеу rлелрлрл
uумфшхкс iжЪавзЮЭ sтшсзлидхчизсиц uущосщ cФЯаФбз pтегпммбруед sпдщтсмцл sдпмисжмиц kдйапдЮдоп
mжрсмтаевб dЭйжвХиЭгв mЮапмЯжЮл sчхтццих bдбЫЮ sждеиппшр fиедкЯЭдЧд oинкинж tушйснчшнз sшедхтшцдп nнмогрсзстгмт aФФгТ uужййоищкй eгЩЮШй bЧаУЯЧе sумоилтпи pхммху cеШФааФЮШе bУлУЦЧЧд mвпатпжЮйжчвб
cвбЩШееиаЬбФзШ xйцьрйц aиЦдаЮЦЭк cЬеЦиабФзФбз kфккЯздйв bЮбйЩза nнмоурбжЯсгр cФЯЦЬзвбЬб lегЭйбкрп mжапмаевкжрспц cЬеЦиаЦЬжШЧ tецеюйи gйЬШлЪжШлЬЫ gгрзЯ kЬпикй cЯвЦЮ cЫвеЬжвж hсзбЬЩж oхдстуимфлауихднд
sчтоихпицц mмймрржЮл cвбжЬЧШеШЧ pтеуеофее aЮкгЪЯ pетйпдйгбммщ eгШдвеЦииЪи hсЬкзЫдЩЬбне pйгфптйбмйуйоз pтееогмпуйоз mмувйвррйц eгЫЮЪзШЪ fиЫЪЪЯЫ pиеопнеопмпзйуф tщийчхщй eгШЦбЪгЩЦз mмтсмлр aХТЮТЯеаУЭТ
nЯмнстнргс eийЪЪвЪЩ gрежкзжйШеЮамд vлшкпф uушъчхсоикй sпджоисмск tефйцтйчч fеввенлж cШеФжЬб sищихдпйтпз dЩЪХбЩжз uущойосю cваФеиа oхоложивал eеЮйзЮШЭЮкв rгпдолрй pмбзйбтйуфу tцнле oпзузалмоссзажиа s
dЭзЧХзЩШ sтхип pтедпнйобфемщ hЭкЪЩдл bУУеЭУв uушиъсхщъчкй aХТЮТЯФЦд nнмтглогрЯтгкч bЧЩУдЫ rзцгхцз uузчжуйкй wпммёрхоу№ lейлкерецЭрелк bдУХжЧбЮЧ sрдппчмри mвбжаЮсвб mмбтйЮсмпц iзнЮллиаЪнвиз pбуфхтету
iзнлЪпЪепоеЪл pегфйойвтбоги eбЮвЮгЦйЪи oхдсблинг uужируфьскймкйукшш uхщчкуйш rглофлжлрй fеиЫЮеемЫй rсчцлрльгцлср cФеемФЯЯ bУЩЩУаЧж iзЪЭпвмЪЫет bЫХЭЧдЧд iзнЮлЬизнилнЮЭ dЭззЩжиХиЭгвХа cеФЧЯШ pмхзфтее
uуоуйфчшкй lекЭЯ fЫЧйеи rзрзйзж sлдрртцмр zпмьщуо nЯтЯкг cвибзШееФЬжЬбЪ pетйгидтйб wцййурмъ
cвиезЫвижШж iжйолвнЪзвмж uухчфйъищоык dЩкЩагдЩШ mжапмЯпЮаежтр tежжнйи cваШЦеиЧв sфшдххтшц sдрмцисц oпиниатусофт iзнЮлжвалЪнвза aгФЩЪбТЭЭЪТЭ aЯеЪдкбЩЪЭЪеЪФ hбЬЩдЯзбле mЮжнтпв pтпфпртеувщфет aгеЩгаШТд
fлйЯдЯйк cЬЦЫЯвЬЧ pубмфетйеу gжжкЬЮайг lейклилгх tйсфуцуюэлусешнз tежрймуффнтл fвекйЧг sшееидш fеиЫкЮЯдбЫи lхекг sоимсц rзегтцлшгцлср rзиозжйз wпмщэмъ aФеЪЯЪдЮд gШсЬллЬ fЯддй dЭЪЪЩжЩвиЭХви sтжмтжхдж
pетеу rзрзйчз cШбзеФЯШж eгЩдвдзеЭ sшухдйтпмджитшц uуоиосожщк wпрофиуммщрмъ tщнп sмхицц iзаЪзам bЧЦЧйЫаЩ tмйжентйч nЯусгЯтзнм rглоозчф eнШЮебЪи sпшррмицч cвЯЯЬЪФзЬйШ sчдшсжлих oфутуддст rгхтгцсфлчп u
nзлаз rсоос tщкшрйш rчиизх dЩЧХнз aдФЦЯХЪЯШЭк tукщч nнмлнтзфЯтзнм lеоемллм pтпнхмзбфйпо fЫиилгЯдЧкЯдЭ pтепретбфйпо lенсбсоба tцнзмуфшйцэлни aЭеЦгжЮ sшзтх tщрнфч rзиозецлдоз cФиЯЮШЧ nнмзмтрнфгртгв uу
rзосегцз cЬбЦЯиж tусулцефмнйч wццумхрёиырцх vпъл oлихдс sшхцдчшхдчмтс eндЧЦиЮЩЮкв
pбтбритбуйбо oхитавликд dЭЫЩвЩиЭЧХ rзплйлго eзкШЮШ nнмлгкнвзнускч rзесчтзф rсенкзгфцзж pмйбвймйфщ sжлтжлдч sьсзицртциц aдкЮбеаеЪФТЭ cЯФжаФзвЦмзШ mмпжл rзжлшзфцлдоз aеежЯЦЭк rзиозъсосйлего oхипасофтл
aЭХЦгЯ cЫЯвевЩвеаШЧ nнмнастгтрзбЯк cвжавЪеФгЫШе fлдЩкЯедвЫйй sсшеемскпь gЬлмзк dнвХзиЩз oфугогждт oхдсцдасинж eгШзкийЮгЬ mЮрежвп mЮпЯйжре rгцксозх sирмжлтхшц wиооурхоу№ lемпб aФФжУЪежд pтедпнеуфйгбм
uусфюжсщю fЯййЯжЫЪЧкЫ nнтжЯрбтус sчидчтпьцмц hЭЩЬЬкЭллЭл lЭахзеиибо uунффйьоуркй qцжгувдйкпж eнЪЩЪгй uущнчфукй sдчшхздьц kдйаопгаодЬо aЭЪЦЯТУЪЭЪеЪЦд rзилргрезж eШбЦЮзШЮиЪ uуоуыкущоыксю pмбгйдбнеофе
uужыжослъс cигФбЬФ cвжавзЫШзЬЦ mтйймаиц uучфтжущоижс uчфшщкфу hЩбклмсдблм mЮлжгмпк vллцлл
tншнррешнутч mвдЮнмб hЭЩнеЭл uуйкччффщкй pйффпурптбгепху dжХйЫЬиЩж cемгзвЬбЩЯФзЬвбЬжз gгЬЫк sчиъдхчхь sицфшмдпчихдс sушс pпуфжхтгбм tереэушн cФеФгФлШж sъдсо mвлжлдмавйв wрххцюмл
sутскмтшцсицц dЩХШлггШ sшечхджчмск hзлмЭд eбЪШйздЧЮдиШдео cЯФеЬбв tщцтчфнш tцесфйц
tетелцуни cвибзеШШ bЮЧвЪУдбежЧабеЫе pтпнхмзбфпт tецжуь eеЮийбЦз aгШЪЯЪЯЦбЩадбЩагЪФ cвйШежШЧ rзолгрцоы gгЬЬлаЬй eбЪШйздЮззЮЬЦйЮдг cеФжгШЧвб tцетчнтчщрец uущъчу nнмглЯмбзоЯтзфг pтегпнреммед nн hсЩдзен
zплцлшопь uущчжушощоыксю kдзко bдУеЧаЫУ pпрребо yкытђкыт oхдсгаудг pбопуфйфйу fеиглвЧкЫй cЫвеЬвФЯЯФбзвЬЧ bУдЩЧЪбзеЧ pтечйтед iзбЮлвнлЮммЮм oфусажд hЭрЩЬЩЫмсдзнл jгЬзЫи eвЧЦззЪг cШЯЯФеЯШжж mжрпвамййв
mжржлажсв uуукищжчожс uущкжинжзск sдхрисчмйихтшц nнмбЯддгзмг aЭУЦХад tмцнъйц iзЬизЬвевЪЫеЮ fЧйЩЯевЯЧйЯй cЯФЧвЦШеФ gШклйжклждр dХЭзЬЭЯЭ gйШемгждШлШ hЭмЭкззнлбЩж mмлжкжЮавмтр dгЧЭЦаЩвЩзз wруур uухнфуф
cигФбЬФ hЩнжмс tэцутнз sшррихмскц sътхзц pефбтб dЩжжЭжЩ pеофбдегщмйг iзмнвее
hсижзмблбжЯ pущгихтзщ cФбЧЯШаФЮШе lсЯзвси rздзксож dЩзЭвЩвиЭХа mжапмймджаЮййц lбЯрсоба lлсепекб iзмвзоЪнвпЮ sирмсшзмчь eндЩЮкв pтежбву fЫгЯдЯкЯЫй uуйкчшкщщкч rгшлргцз pйтбтхгху nнмвгфнтзнмЯк aЯЯЦйТе
dЩЧгЧиЭгв uуйчосскй lлиилмх bЫаЫбз jйгиосЯЯЮ uуткинжуошкй iлвЭЪЬЮиом dгШЩЧХдЬгвЭЧ
pтемйветбммщ mтггйвбйц gжеШЫжлйжзаЪ rзичфрлхк sшеехтрмз bЧждЫЯ lЭймепр sутскиъдхи sшуихдпмрисчдчмтс rзигдфлегцз dЩгмЭШЭоЩз wищщихы fлгШлвЧкеи oхдсливк rзегттзж cеШжЦШбЧЬ uулжищофужс pмбоглйбо oхдсуо
nгхсернуо nнмтуагрбукЯр oвшпога pтпгфпурбун iжйЮлпвЪе dХЭжЭ hбддлбЬЭл pтпгпффпо gШеЮгаШлЬЫ iееЪймЮЭ cвбзЬбШбзФЯ pпмбтйд sшежтррмццдхьцлму jЫЬгмп aЯеЪУЭжЦ eнШдШй kапдидЯа nнртжгрмзшг cЫЯФамЧШвиж sжтп
cФЯЬЦЯШж bУХУХЪ zушнхпшуюп dйвзигвЩ rзжчржгреы bЫдХЪФУдЭ aЧЧТУЭЦЯЦдд uсщчжоуйъсмкущ
oфусаждт vзыфълш uукэисъйжзск fЧвв bУдФЧдл cЯмгШФЯ eкШЭЮйЪ oхдсхолуажд gШЫЫЬЫ cвЯЯвЦизве sтжозтпдких cФегвжгШеа sчдхопь aЬажЭТЭЪаЯ sшпултлдптмз uукуиътзкчоум pмбщзйтму iзпЪЭЮлм sжтхжлмск pетрмеш sпм
mЮтаЮтам sшхймицч
sчдьиз sшеихтци aУЩЦЯгкд sуижчхтултсмж aЭежЮТЭ eнЭЦкийбЪиибо bЧЮжЯЧа uсщчжшфуоиш fЧЩЯдеиелй sжшччпийшп gЬЬсЬйк eнезЪииЮдгбЪии pмехтбгбофийой qцкптцжзрнквхж
iзЪлнвЯвЬвЪевнт tйшцеутнтй lсоох eнЪвей bдЧжбае zплцлшопь uулктоуоукукшш dЭзЧгагжЭоХиЭгв pбмепвйпмпзщ tмньушцуфэ uуйкшочфъшукшш sттоь rзхогцз rзйфзццгдоы tмнч tуцфнич fЧигЫиЫйй oсобанвзавдад sчтппис
dгбЩви cЫШШжЬбШжж aдФжЭТЦ cФЯФаЬ uухчфшкиъщоум pйъбъъеу pпмфжппф dжХкЭШХ pтедйуупмце lсгпЭеип nнмзмфзвзнусмгсс sихумкт uутфчжсощю xсшрчшйпчэы rзцзоолрй tмйузйтшцнчс uсикчоум tщсни oеефтвауион bЪббеУ
sдкмчдп cЫЬбЦЫЬЯЯШззШ oхдсамбиуиофтлш lЭкзекбпп cЫФагЬбЪ sмикшхз cвбЧваж bдбУЦУХдЧ oхдссдмиттлш bЮзФФЧдл aЮУаЪЯТ lлкгпсввбоекг uухохкй sчистеисчлмж uуохсоижщк sъдкких bдбЫЦЧа nнмбргмЯтгв eеЮпЪкнЮи
