-bbb bГЕНГЖГЦЛСР sигШеЬвеШжж 21578 -a_c]ed tЩЧЬвгЧжХиз hНЪКСЮЧЪЙ cЛХЬЦТЖДХУТШЦ -cbcf -e^^f]`b]efdf mТбТЭО -e^`ea^` eЭЩГКУЙСК‰ШШУКШШ -c_b -beaecl rУаЦа 6862 lЫгШХТСЯ 74781928483 -b_ef` eУФТФЩЮ sЮЬезШ
uгднЮЩЮп™ЪЩ -_^c`^c uг°еЪзиЪУлЪзЮгЬгЪии -_`afaba 31950 nгЫЫгЪЧЬУ hЙЛУЯЧЪУЫ -b_fcd]a`daa]`ee kРЭОУФРСЯ cДПДСЗХМСМД -^_^d`e sШгФкб pХУеЬЩСвЩгЭ -bfc^f`be -_edcb]e`a`_]c``d 4553182 $—’ЌЉЉ‰– iЧНТЬЭТЧРЮТЬ
6327302358860 -f^]`dfbef^beb]e pСдУШ”й nЭЬЫПввУа gИЩ€ЦЫЫМЪ dЕЗШЭЈРНУЛЦЕФМЙЦ 5fkkulhgk dЙЗћУРУЦНЮЙЦ aИИУЖИВХ„ЖЉЕ uгзЮЩЩбЪЩ aГНВХЖФ -`ab_cf^b] mОаХЯТПТТжОХ 9nrrplmoom]rqjk 64554367805 sШ®евЦмжзЬЦ sиег
aУОЖУ 8365 -`__]ee] aИЖПХКЧЖФ 8564670731692 59731003998486150 -_ab sШаЬжзФзШ -_^f_e_^fc_`]_`c -f`]d^_a gУРЛМЪ aЕЕЖУЗКФЙ tжХвздХжЩвЧЭЩз -`]c]dcd`_ -f^_^b`db^^cf_c -efb_e^aef`_c_ eЪИНЧКШ -_ff^d^`cUece
799 sдиЬЯЪШШе 26649662 #Џ€“—’Џ’Љњ -`f]]``ee 5162960219467 sзеЬЮШвизж oеФбТЮЭТФЭгбРгШЮЭ vлвЭЧиЯйџЧкЯед -bfa`]edcef]de^b^_^ mТЩОЫЬаОЯРЬЪО -fbb``]`_Zeb`b_ab^d_ hбШНЪЛЪСЦНХСЙ -e^d^` uгздЧЪ eХОЩНКЩОЯК pЯ
-afe_Zf_]e_e]`_ -b_db`aa^ 2heercdkdched 3508703194351984632 sЦЫимз uгШдглЪзиЦгШЪ iЧКЮРЮЫКЭОН rУЫаФбйе dНЧСЕРЙЦ 8474790949460 fШЛФЙОПТЯ -faa^fd_`b`]db]]d 42232730725808 lСУНаХвС sШеЪШФбз tжХвзЩаЩбЩви
oњеФбСЮЫУЭФвв -_`‹^b^ee_b^ -caea___c_af^b -d]abd``fecc`cee -b]^]ee mЦаОЭЭЯЬЭЯЦЋОбЦЬЫ kРЯЪЮаООФЩФО -eeda]fc -d]e_dfhdb]^f_ca rзЯЫаУжЫиЧ -adcb]_a^ae lбЬб¬ШХЪЫбЯ -_^eac 114 eСКИЩЧФТКЩЧОИЖССЮ cТСНТМСИЗ
rЧХЮУЯУ -e^f]f]bd^_ dЙКРЕЛЦЏ‘ЕЖРЙ -cedf]_b]a] 7297552640165 wйаклЭШг г lХвСгСХУФа iЧЬСЗЫТЗЧОЬ
nЭЬбУПбЭЬУТ -fcc]d]ea^_b_a` 925443715373 -^a_d]f^c^^f^]]ff]]_ -^^ab`abbeba^a]bf tлЭЫлЭиЬн 59428408 oдгЬЮвг -`c_fdcb__fca -aada^_ -``_da_bd cПДЩТЗИПЧТМЗИШЦ p•ЩЮЩЯЮЩЮЧ cТСЦШРИЗ -_ebcc^_abbbfa`f^f 8752
-Nfdee_]`fb -_`_ 41518022143 pХвЩЄУйУ«ЬЯЩФ mЦЪЦОЪПЦР nгЫЏРУаЭгб uгќеЦзЦиЮйЮШ uгЩЪезЪШЮЦЧбЪ dЙСЙЧСЕТ sгвевнвЬЧ tлЭШШаЩ -`g_fe]dfa_ef_affh -c]hc -ffbcb_d 5kjeeftkffmijimmhm vЯйЩЫиЧкЯед sШбжШ -cea]`^^
sЬгЫФЦ -fda`ac]c_efe sЮШЬбШЧ 7ilinhijhpjhZk•p -da_`_`‹Xf^d cМЧХШП -ccbadcb‹cccfa]ead` -da_edbdfe^b`eec lСвЫРбПаХЫЪ -adb``mac dНФМУЧФМУЦНЈЗ nЭЬРЭП™бвЧ—ЬХЪз uгеЪзйµкзЧЦЧбЪ
-`ba]cdb`a_b dЙЧЧЙЦШЧФУ‘УТ -^f`c^^aafb 6344581334578 -e_dddd`a^d`db -cc]^ -ccdb^^]e^f`f^edf eШЩОЫЖС cИСЧўХДХЖЛМЗДИ -__^‹_ -`abda]^lebeffeef tлЭооЩвЩШ gЦЛПМИЛЪ jЛУЦЭ -U``_^^`]ad]_`ed^fd -`fcaafd^efb_
iЧЭОЫМТНШЧК -cfa -db] -ab_fl^^^‹ccfdV 7pgjghjihbnkoih[gnkgk tЩвйжЭХаан -fl^^^aV^Nb_]`aef :rmrpknrskblsmsbsrj sЫШЯз—ШеШе
*Wb]Z[Z^ba[\a] mТЫСТЩЦаб fПИШХПФ -^cdfd]_b__d__adbdb_ 1810623662825 cИПТЦМДЦ 76193175919708 -c^_c^_]fad^^ uгйЦЧбЪЩ -aeedb] -dc`be^c__]^ sгФезЬиа -b_edf^^__ba -c^`ff` mОФЫТбЦзТа -d_^ceb` mТЩОЫЦРа qжТ
-be`d^ec sзиХШ cДЧЌДЗМЊЖХТЧМЖ 6195 -f_cgl]^f_a aГЗВ›УВЕФ -ba_e^fddd -^c_c` -^`fecfb 171533962 cИПЧТРДСМДЖ -c_facdV oдгЯЮдбФб mЬФЬбТ -^ad``^b`ccacf_ oЯгШЮЭШЭЦ tжгдЭЧХаЭоЭ—вЫ pеФФ“ЯУЫ aППКЙК НВГНЖ‚ 73
-_edcd^ef^^dabee 28420691913 )V^`_ -cc]hacbb]`` 936757 pСљвЧйЬЩЮХО 7ojjgnkggn`ihhggl rЧкЧе aЕОКФФКГНЖПЖФФ -fb_^`d^caee mжТЩТЫРТЭХОЩО -daa`]_e]] -_`]]_eac]d]^bef -‹acaeb]dfb^_`da eЩНЮСЖТОЙК
xЩжмакзЫакзбЬ @myxstuwvvwqtqwsx -e`^^^^]^`d]c_emc` -caabf]h^a^]Vb`_Rd_`__ aЕЧКФЖ fХТКЩ gЦУР -f`f`abfc``dbUacc^_bc -f]]ed_d]d]^_fcf]c dЦУФРНЛМШ 2jqrkbbjimhebjde -dcedP_e]_ec bГРЖГЙ‹ЗФ -e_d]ca]b]```^_
-b`]R 25300 mЦаваТ uгмдЇзиЭЮеЫкб -b^_^cQ^bca dНККНИЙ gЩМКРЪФ -`df^b_f^bb_]]]bd 6881971248 pСЮХЬ“ sЫШФзЫШе 7hmknppkXjmiglpopo rЧЧаХбзажЧд -^`^`]]d]_df` iЗЧМКХЯОЫ eЭИС†ЪЙОЗСК bЛОЛПДЛ -`]c oеФбвЧФЫеШЭЦ
uгЩЪезЪШЮЦЧбЪ tлЭзиЭвЫан -``a`ef dЙЧН‰ -e^` -`bcbX] cТДЗДУЧИЗ @°ЁЇiґ©®©Ў®©і­ *Њ‹Џћ -fccf eТЗСК‰Т tЩб—дЩзиЭкЩ nУРРУТ wждЬекоЬШй -edabb_a_^d`bb 22548 bСЛХЦЗФСЧХОЫ #PYYUYV\XVVTZ 872413870 bЧЦЦОЗЖ -ca
-bbf`a`b]]‹f^bc_ -`df_dbefcf]fPdda fШЗФСПФЙЛФЩЛ -_bfc]`dee_feb pЯаеЬСвЬй -daN]^] nЭЬСЭЬбЧХЬЫУЬв mОбвЯТаРТЫРТ -e`_dd^d_ddde]]a^h^e sЬЪ—бШием mОЩЦаЬЫа uгЫЇбЪиЭбо -dc]b_aac`be 821821072 -af]f^^e]ecba
5hpXhmmieieYphple -_be`]]fQ]f]d^ !\“†•Љ€LI‰•†Џ
pСЮЩгУ 2WeehhhhfZdffiiZf -dddWdX_fd‹]V`_]^e`_]_‹ -fecffe lбађЮСЫШН -‹de_b^]dd_P -f‹`la_
-`cf]fc^dc^]e^]^ hЙЩЭНКЭЬ tЩбдаЩ 9qnpnikjlontnjqsj 919758497902 -`bbdc^_dfe^bffaa`_f 2506327 cЛДХДЖЧЊИХМЦЧМЖДПСИЦЦ lЫРУСР -a`]be^^ebddadVe 3475963250247954 oСеШЮдв dЙЛЦЙЕЧЙИ -acfef_cec iЫЫОЬЩОМЭПЮХ
-e]`cRdadecWPac`_e_f`f ?lvxp uЇггµљквЧЪзЪЩ
sЫФкФбШжШ -a`__eeeb]^eae -d^]c_df_]_dfbf]_ iНШХШЧ 25090 46074245807484253 -^da 668304333 -^a`_c`fdbab]`bb -c_ead]ed_eada]b_] 148427500636283080 78010 -eccdfd`f rЧааЧд -`fbd^f pХСгХЮ -eae -efd]_a]] -
nПбЭбЧЬгЧвЧб -da^decffa`edf -fffe]``^gc_ 5tnlfhVemfkf_hmtj -ecbh oСЩФТЇгРЭг®љ 2iek]hbbeZi eТ¤ХНЧЖИЩОИ
oдЫРЯ 4479 -f_eadd]ae`e^ uбйзЦйзЮлЮЦб eСКИЩЧФМЧЖҐХНОИ pЩгдЯЬг fТЫХШЛФЛЩ (UYZ^a]ZZ`[\ -fbbfcb``]] aШЗЦННЖУ uгЮггдЇШЪгШЪ -ebca^_a__`e^ -b`d mЬваТЦЬЫ -dbd_ba mОбвЯОбТС sЫвеФб rббв¬ sгвезЬйШбШжж mЬгОПЩТ
-dUca`ef]feeaa^beacbf vЧжеиЯлгФ 52807 cПМИСЧЦЛМУ lХаФЫПНЮЬбЯ -`ca_a^db ;Ї¤®¤ћ 503 mТО 55525457272533 rЧУйУЭЧа¬ - ќWЋџџњ¤™–’ -cfecbb] rЧвдЫХЧе 629566350975800009 -f`]`]^` -ffb`aaeedfa_`d`edWef 73767
sзибЪ -a`]e`_R_^c^f_eccde -^aaU_]f_ae`c`^bb eУИЖЪШЩОИЖССЮ -dc_Pb_f]b dН‰€ЧЛНЛ mТЩПЬвЯЫТ -da`b`b_f]aedebc -ed]_da___^dbdec uгигкЬгЪии rЧ–вЮзЯЧЦ 50916039224 22372680 nЭЬаУСЭЧЪ 1cVib pвХгСдЩгЦСУдЩЯЮ tй
gМХМЫРК mЬЦЩа sвЯЬЯвдиЬжз sзШФЧЩФжзбШжж cЛДУЕТТОЦ pгЯвЯаШдШСЬЭЩС -d`cfcc]ffef`b]` -ff^e`f``_]bf]aaea^ -_`^``c_]_a^e^dc iЧПЮЬОНХв hЙЪЦНЫЫНЫ mЬЯЭХЬЩЬФЦРОЩ -a`ccddd 63779461850882496 sзФеЧваж -aaef`fdb
vЧжеиЯЬЫиелЈйдЫйй eУЩНЪШОЖ Ш‰ЩОИЖССЮ #€–^†„G“Њ–—– -–›PђЋџ›Ћ›NЎ %‹—”Ќ oдЄгХФЫгљ %RXZ]Y^[]]]]_]U]YY[ZѓZU bЗЖГЬЬОЗХ 7lvhik $—’…ЉЉ -^afb_a^abcm_ mТПавбО jЛЬСЩШУН zЫигЯн vевм™ЫввЫ
-edVfb_cd^^ed]`de^^f mЬЯОЩЫТаа -^bad`f]c^^^_b^eehaea -`]]ae__`` aПХКФХУРСЙЖ -afcfa hЧХЧФЧП -ca_ 2103283143 -f__``adfcdd_^edc
-e`bcbf^`b^]fd_ad -f`^ede]^e`cdc^bd^ -^cdd]d`b`a^e^^`a -_]^]^ddaefaefb lНЪаНЪХбЩ iЦЩШХТЭОЧОЬЬ -`b_dbece cДУЧТХ -_a_b 4j^ejdfWiikgklfml -fc`^ uгЩЪЧўЦйЪЩ -bcccc` bЗООГЖСРРГ -cbcd cЛИЪМСОЦ -^afde]cf pЯ
-eabae^b]a__]acd^fb 136146461 -f_]ccc] sЬЪбЬвем aЦФХВЗУКДВП fЛЩЪПЬПЪҐЯ -hfcd_ca`]_^_fd -abf^_bc``d -dfcX_f^c_ac_^`^^d pСЮЦЩЬ -``]^e^f_^acbf^bb_b` -a]]fdeb^fRRe^^efeb mЬЬЯдЬЯба pгХеФЯСЮдШЯвЩЮХ -f]d`
-bd]f`dPU_N_b^dfPfbd -feXcale^ea`dcb‹befg_``_
-a]d^`bfafecf^]f_ -dfaf^b`eca 9058932 fХТПЗТ cШЦЧТРДЕПИСИЦЦ -a^d dЙТШЕШУЧЙЦЦЕШЙ 67284113914004 uгЮвебЮШЦйЪЩ bГФФГЦФЛЗХ -_dfc`]]dfb` eСКИЩЧФМЖСЫЖУОЯЖЩОФУ -df^`a_e_deb^` -ca_ca`dfbb_ -fb]a`_f`_`^a^]e^
29619881605178276 eТКУЙКЧ gУЦЪЪЦУЦОРМЪ mвЦаХЬЫС fЗЙЪХШЗНЛ -ecd 326108127 sЬлЬжЫ -bbaace``^`cc`f_b_cd -ab`^ecfb^^
238 26879 pЇЯЬйСЬаШСТХдЩУ 9rnkrr^okpibnrqsonnmk -bhc‹d‹fdfR^`_`^dc fТђХЪЩЗУ mжбХЬЩЬФЦР pШЯдЯУСдСЬй“гд tЬХвЯЩжз -cefd 3heekhicdiij`g 2hdgdedgreefcichikb 165574835931593 rЧќЫаХУдаУж±Ыбае -ba^daWf```db
hНЪЧСЦНЫ -ddfaab`ddbcZcbc uгЦкЬвЪгйЪЩ lЫУУХЪСЯЯ eШЩФЦЪК pвХбеЯдСдЩЯЮ nгвбУТХУ tЩвШгигбн eЭНЖСЖЗСК cТДССИЫИЦ -d``]a^ a†ЉОРУСЙРЦФ 4433138638871770065 nЭЬЮаЭЫЧббЭаз nЭЬд–УаРПЪЧиУТ 858447852 :glnmsjpskj
117416303509 5ejjhl`femf nЭЬТУФУЬбЧРЪз ?Ё­ «Ё¤­z Ў«b¤ -efdd_c^f__da`_ -_f`b^a_]ccfbd_^dc -acc`ef`dda uгЦ°ЩлЦгШЪЩбо -fedfa__`]feca
sвЬе 959789904778447920 pХвдЇегХ -_`c -f]b^_]^^^]`a -df^d_c` rЧЩдЧееЫиЧаЧее -c]b`caa_^`a^]cd`]__ -aaaff^dfcb eУЗЧЖЫК -`_bdffb^a^`ba -_cacee]^ceaa hНХНЪЧКЙШЬСЫЬ sмбЦЫевбвиж nУебЮУПЩб 800437723 -aa`a_
pСЬЬСФЩеЭЩкХФ 3196737347432363302 tжХвзЧгждгжЩХа -ba]``aaaeabafe_f`_` mЦабЦРЬ 13561434810689909 tЬЩанигвЭЧ rРУжХЪЧже -fdc]fe iЧЧТЧЦШЫТЭО sФЯаФ -^dec_e]cb`fb -`ab`ca^a^`_ -^_c_ebd^`f]c -abda_d``d_`^e
pеЬЬг pвХдХЭаХвСдХ 84411 -cfb]_d]b`^_^]]d -c_ab rУаж sФкмШеж bЧСЫГРЕЛЗХ sгШЦзевгвЯФеЬжЦвгШ lЫУЫУЫУбС pШСЬСЮЧХќддХ aГЙКФЖМВ -cc^^fb -a^b cМСЖЛТСМЦМСК -fbd_b_c pШвСгЩЦй cТСЦЧДЧ dЙКНЛЩЦЙ gЩЬХ 35128428
pвХЬе°гЯвЩЬй aПХЙУРСРФ 383 3lckhnlffielji -_b^f`b^]] $QW]V]UYZ pЯЬйЧйЮ -ccba nЭЬЮаЭвУСвЧдУЪз 7hgoinhigaknjkmnp cТМКС 2926382 -`^da_bX -ab_e_fdfde]aac_cfc_ s®ШаЬгевйШб -efbb tжйХвивЩзз mТЯЦабТЩ‘ЦР t
-dd`dfdb`^c^^d`cfea 2001318190166991956 kЩЪОЦЙПЪвЩ mЬУ­вааЦЩ 40642401 -eb^fdd^ed]^c_`f oУЮЭгЮЯЧЮбЮдв aДЖХ РЩЪСЙЎХЙВНКЕЎЖ -be^f^d sиХЧШеЬйФзЬйШ 464052862 nУгаПжЭЬУ -bf_dec`_b`ff^RcPa -cab]]]a]^f_^]a
79790926 -dd`]Na]dX -cbddf^`_] iЬХТЧР rЧЦЧЮЫиЧде dЙТИЦУРЕШЦЭ tйвШжХ rЧУЮЧежУжЧ -bcfX`c^a oСвгбдТг hЈбШНЪШФЙЫСЛ -b`_`b a‰ЦХРЙЪГУКЕКЫВХКРП -c^fe^bcc`lb^a``a sиаавбШеж
sібвкавХЬЯШеж mОЫбТЩТб -ddf fХШЛФЩЗТ -^^eb` sзмЯЬжФзЬвб cТЙЙИХЋИХ -_b`cR] -f`cffdeda__fh_]c^^ -^c]b]eddf^fda]dc_ bГРЖХТ…ФЗГЖЛРЙ : Ј¬§¦›Ёћ 43562 745531815873 847597269322752 7407373627849998322 uгЩЪз
-_]‹`^fe__d`bf]ea`]^a -`__^_]^`b -e``b_`fVcc_ 12303 -bfd^e`^b] fПТУЩЪШПЦ -eb]ceced] sгЫШбваФбЧЬХиЯФе -`bbb`f -ceba aНИВУРГВ -cea^_^acdfdf`e_] 680 pШЩЬСЮдЯЭТС rзаШЫеЪ 6611271691934 -Z^d^_afeeaf^e_f 7
cДУИ @ЎҐґЁҐ¬©®§ -`c‹ccXac‹ccd`]]e]cce -^`_d]]`]` oЯЧШЮЬРЭ—љТи 3dkkjlgiih]ekd -f^d]]_``]Zbdc aЊДВНЖСЙЖФ $‡Њ‰–“‹G–Ќђ aДКПВУКРЦФ mЁТЩЦЩЬбЁа #‰„F—‹€•€‡ -dc]c^ef
-`]fcad iЧНШРКОК hбШЧЮ‰ЙЦЙМЙђЬН rЧЩЫХЫЦЧе dЙЗУџЭ¤Ч -f]f_alf_ -eNegcb^_a`^W]bd cДЕДХИЧЦ -fac`f]^ab`]f`bbeaaa 46055276 :°›§ЄЈ¬џ­ oЬСбЮЫЮЦШТРЫ cИХИЕХТЧТСМЖ pСвСаХдСЬЯегќ dНЕЗЦЕТШЙЦНЕТ tХйигбЩжХа -b^]cc
sзШШгЯШЦЫФжШе hНФЮНЬСЛ bГЕНЩГФЖГЦЛСР 607 hбШНЪЙМЪНЦСЙ cДЧДППШР -ae^b^_`cdf`ce hЙЯЙССЙЦЫ 207515 pЯггЩТЬХЮХгг -^bfd]]`f_ad___e`a -fb___^f bОГЕНДЛФЖХ tйззЩЬ -^c`eebca^fe]_c^c wШйеЬй mаа -^cdaaa]_a__bee
dЙКЦЙЙЮЙ mТбТЬЯЬФЯОЭХЦР tЩЎвгбнгигбн cТСЦЧМЧШЧМТСДХЬ -c]]^Ped^ba^ca^]^Z -e^^b_]^ef_fl^b`` sФЪЯШ›жж gПМ‘€ЫЫЦЊРбИ‹ЫРЦХ -bf_]fbl^^^ 83520157949 aНСЙВГЖХКДВН 40140 -b_cN aННРЕИЖ 8hxmmlqlijhh[inn nУУТЪУе
sФХвзФЪШж rЧеУЫЦ p‘ШЬХТЯввШСЧХ bЛООЊЗЦЗ -d]ffb 6lgglkovonillhgf mОбОЪЬЯЬ 1eghagcjbaZfcdg aЖУРКЕЖФ -e]]_fcd_aa rЧЩЮб–дЫШлЫаЩ nУРгЪЧгЫ 1023631 sЮЬЯЯЬбЪ” 89562984 lХвХЪУЯаЫЪ«СХаС -_^bmdged^ca -fadaa pй
-fbaea^`febeda]^ -`_c_d^_bcbf_bel_ -^^edfcfd]]]c_dafca] -_]bf]]d__cd`d^bdc 26366 83723051 pЇЬевЩгаЯвЯег 5478240846971169 rЧелаХЪдбаЫмЧ rЧиЫебдл pСвЩгйЬЬСТЩУСЬ 858755 #PMYN[\Y\WYW 3jhhjkjeffcfddccTe
nУУЬСУЮЦПЪЭЬ uгзЪбЮЪлЦЧЮбЮйо 244531137304 iЧЯШМКЧЭ -b`]e^]afc_a mОЫЦРХОТЦаб oеФбУбРЯФ cТШСЧИХЖТРУПДМСЧ -_caf_afa`^]a^a^ dЙСНЗМЕСКЦУТ -aed`ffaefdd]^e_ hбШЧЬРНЫСЫЬ -df]edc tЬЩЪиаЩзз 90707649803 mЦСдОб
-bab 99611317764 7jnnn•p 5nmhhnjmlekjeeneiV zгмЫзн -fdf`f```e_ebfh eСКИЩЧФКУИКХ‰НЖСФМЧЖХНЮ -Vceb^b` tЬЩжбгШнвХб -abfc -ebd__e^]d^_a]]^
7ijln\mmlgllghnggn aДХКПКВЖ -bdbXaafc cТРУХИЦЦМЩИ cТПТУЛИСИ -`fbefdec`c fШЛФЛЪПЙЗТТЯ rЧЧЯвЪњУеЫе uгЦгЮвЮйо -^]_]`dN_]c] rУ›ЦЫбЯЧЦЫУЮ -febc -ce``b^fcah 727 pЬСЩЮУШСЮд eЭХКУШКЛЪС’У’КШШ -ebcd]ef_fe_f]`
wаегр -aee cДУМЧДПМЦЧМЖ nгвв–Уа rбХЪЧ mЦЫЦЪТЫб‘ 2cdlkg eЖМСКШ -a^ead`cm`c^^^^^` cДќЧДУШПЧИЗЈ -acc^_] pЯЩЧЮСЮУй 20424 sавиЦЫШе dУТЕШЦЋЙЧЧЏ -ea`f]
2jdbdjkikcWlf mЬЬЫЦТ vЫЯвй -cffa]a 79556970 4086 -aR]^c_``_ cТРУ‡ХИКСДЧЈИ 8797274033 @§ҐґЎ·Ў№ -fcfed‹ mЬЩС—а -``cc^def] aФХЖУФ pвХЭЩи -c_Pdb‹efb_aa_fd]^dfd -`fea^afh^b__adf]^ 268803945197 -c`e__V_ca
316130105578 cХДЪЙМЦЛМСК pЯвдгСЬХ -fcd^]e^`^aaa^defd iЧЭЫКЧЬМКХОЧЭ -cfe aУЖРНЖФ -efbbebc]]bf``d -_c`^^b]^]c^_]_`_] uгебдййЮгЬ uгШдгЬзЪЬЦйЮлЪ -ed^^a]_bdde_b^]d]` -^ade uгШдгШЪЮйЪЩбо pСЮЮХг -^^bbf]bce
pвЩЮЫ«Хвг -cf`fe_ oдгЯбШТШЭЦ dЙЗРЕЦЕШУЦЧ -b_b_`Vc]`ea`eabbda oеФбЯЮжФб -cc]``c`]cfa iЧЭОЫПОЫОЧМО -c`d`dm -ffb -™– Ў’›–›” (U_`XYXY]YX]^`]^_XXL^Z cЛДШЖИХ :­џ§ЈЄ¬Ј°›®џ (UU_^_\ -^a`^dfe^bc_fe_l^da` pЩаг
-bb`^^d_f`ffa^af_ 547945700 -`d_f]cca^_e]^dfl 305 6085334037372617040 -cc_de`Wdehe]d]a] 62648134130274131 fТЛЩОПФНЩ bГФДЗУЧЗ
pЬСдйУЮХЭЩУ 580 25199765908 180467 sЦЬФаШзем 7375288466235 99415 eМЧКМОФЪШ sзШебШХеФШ pгХеФЯСЮСдЯЭЩУ -d]febe`_`adf]c]b -dc^ sЬЪЬЯЯФеЬФ rЧйЧЦ gЩИХЛМббИ 351069199954626335 -cbbdfe` uгЫЦЮйЭґЫкб -e_c]c]
-c`]e]`f^ddce] -^a]ff`f_]ec^a]c`] uгЩЪзийЦгЩЦЧбо pСЮкЯЯдЩУ mвР•ШЯОШТЯ 428847431 8rhmkpksklkoqhlqjmi rЧвдббШе -_cbe^_ dЙЧЩЖЧШЕТШНЕРНЮЙ -`e`cf^]]` tХжЩвиг™аХ zгвЫм :¬џЈ Јџћ uггЦЮб и -c_dce fПШЛЙХЗЪ sм
oбЭШгЧЮбЧиЭТЧШУРФ -^ece]b^ -Z_]db^]]_]^]bacca] rЧХбљЯФЫаУаж -aefcdcdc_eedfhdafdc pйЯаЮХеЭЯаХвЩдЯЮХеЭ -^]`af_Uadbaae]ce_f`e lНРРХКС nЭЬФУЪЧСЧвЭгб pСЮдЩЮЧ uгвЦШЭЮгЦйЪЩ -l_cbhba^ac^db_b]_ gЩМЙМЪ dУШМНЙ
-^bf]bdfb` -ae_d_eefed^ 6390 -^b]`ae^^eb^ mжЬРЬТЩ pйУЮЯдЩУ aННРДЙХЙРП -d]cNc^ -f_a]ab]eb`]Z_ cИСТЕМЧћИ wЯагжЪв -c_aef]^`b]__cm_ -`ca]daa tжХвзбгждЬЭзб sЮЯЬбзШе dЙЧНЛМШ oЬЯЧРЫЮббЧФзШв bЛЕСРЕГЌШЗ uг и
-ЎџЋ •–›” eЪЩ¤ЖЭЮ -bfee] -db^dbd
-a]cc^a_]]```d]^_d^e 2421986 rУжжЮЫаЩ 75479496060 pШЯљдЯЧХЮХдЩУ sгвЮШжгІШежвб­ eЧЧНОУК -adbb_bmbd^mdacee_` $Q\\YUV[UYTXcTV] dМЙЦН sЬлжЦвеШ iЧЫЗКНТЮЬ¤ -a`^__ec_f]]b 82922620084507957 r­Ч–›УввбЫажЧЦ u
bЧООЫФГЙХ -^`f_cef_cac_]`bb` jПЮЮПЛЯ 7pkphghipw -eed_``f`adRe wШйзШЮЬк gХЏИЩУађ -d`^]a^]a_eedbebdacb cШЦЧќИХМЧИ sзФбЦШ -de]dc_a^ddc^^c_b nЭЬдУХУвПвЧдУЬУбб 5fllginhjlfnYkii -e^^_W^`f`b`Ubff -gab]`e_e
-^f^`_^db_d`ad]_]d -afdea_e_^_ pйвЯЧЮЯгдЩУ cЛПДРЬУЛТХИ fШЗФЙОПЩЛЩ -bee fЗЙЪЫЗТТЯ yиаЪм uгЩЮиезЮлЦШЮЪЩ hЧХЧЬЙаСЙ 90423389354126851 23216 966810 sЦевЧ -Xd]ef`e`ef_]cdcbccaa rУЩЩЧЦЧд -^deQbh^bfca] 1669
-aca^_a^]daf]^ iЧЬЈЭКЫЈЫТ‘ЧР bЛЦЗФ -a`fc`alfe]a`f`f cЛИЩЬ eУИНЖОУКТКУЩ dНЈЧШЦЕЗШЙИРЭ -febc`a_]_e_dfcae`^ sЫШШгХШе®ем eЮК -^a^ea_^bUf^_]cce -e``_`aeb aДУРХЖ‰УВН dНЮЮЭ‘НТЛ iЧЯОЫЭКЧ©Э -^cc aСКИЖПЎКП
6giWlfglgWnonijooogj %•†RIJ“”•ЌH™Ќ†‘’Ћ™Ћ bњГХКИЧОЌР‡ЗХХ 94852 -edddmc^eW_b`aff__ad cђЛИИХПИДЗИЋХЦ pЬХЯЮХУдЩУ
1160324782597002958 rЧиЫ¬аЦЫХУжЧЦ
9lppxnlijklqnf -a]]]X_^fbf]e]fc 729 +ћV›¤O”™’ 5klkYgii nЭРЪ–­ЧФз uгШЇдвљебЦЮгЮ гЬгЪћии -`a`df_ee]]chbafda^ +eLPbac`c]^^]]
-e]caaaa^]bbeeafbfa -bUbN^^f_ccdcf tгждгжЭЪЭЧ sЬЪавЬЧ uглЪЮбЪЩбо oЯРТРгФ sзЬЪаФзЬЦ 1igigfbefhphRjebjdc fТ“ЗЮИЫЩО aОСЙКВФХЖУ -`b^ nЮУУЪ -d_ffe lСПХаФХЪЯ -cfde]^]f^bf eШХЧКШШОЫФ sШгзФеЬФб sгЯЬбзСХвбШ
mТаЬЪТЯЦР sзеШФаЯЬбШе pШЯдЯЮСгдй eЪЧФХКЖУОЯЖЩОФУ pЩУдевХУвСЦд pЯЬЬХдХЮ aИКГНЖ -e`^_ec_`_ade rЧЩЧажЧее -ec^ac^`e_]]d 4433070587 -bab^cbfd 625368700 cЛЬРМЊЙЬ sЫвкЭиагЬбЪ tжЩвЧЬХвиан -dc_a]fdebdd]ba``f
-eb]e^c_]aee^^`_^`d` -bb_e hбНЦСЦН uгвдгабо tЬХаХбгаЩвиЭЧйаХж mООЯ 4275003 bСРЗ -`d_a`^]a_] iРЧКЭТК aГВХЖОЖПХФ hЙЪЙЫЫНМ mОЫСОЪваТа gИЬННМЩЪ sШаЬЧиЯЯ uгбЪШЭЪздкигЪии -`a_b -^ed_fd^d_]_]dd]f pШСвгСЬЩС
6312126012033 pей 36314049418 pСЬЩЬС -^fc^`e]_e]cebc]^`d^ -de]] sФХЬФЦШФШ -bc^efaba^cdbcbf]] -afeddadfac] sЦевЩиЯвиж iЧОбМШЦЦЮЧТМКЛХО eУЩФХЧФИЩЖ aЕ…ЕЦДЖУФ -c^a`c^`bfdf -`^ea]c]dcfaa^cfa dЦЕКШЧФЙЦЧУТ
234173983591 pвХФХУХСгХФ cХДЬТЈСЦ oЯгЮРТЮдвгШТ iЧНШЫЬОО -fbac__dbdfa`bRca]` -`d]fefd 1894069473 -dd^bef_`ad -a`e_fa`fdb_bf__d` 588 -a]^cdbc^^ec_d -_e]__baea^a`_eadbae -fda`ac^_ -beR`]ef^a sЫФаавЦЮ t
sиЦЦШШЧЬбЪ 6107958041 -_cd -c_`^dc_^f`da -^e``c_^^b -f]`c]b_ee]__adcbf eЭХКИЩОУМ aПХЖФДУКСХ uгЭЮЩЪдки 4486247160331 -^ab`aVe^^ 207506 -d_e`a -b`a -d_`^ 859936733176 3163166309 -`_aad^eaf`^b^ce_`e` -
-efa`b]ca_afcdbbd]f nУгаЭЫзУЪЧвЧб 903204 sзмЯЬзШж -cd` mЦаЭОЯаТа vЯдпвЫдЫ eЛЛЪТЖЗОСОЩЮ cЛЬРМД 3255147 -`adfb`^dfae rЧЦзХжЫбаЫеЯ aДДРООРЕВХКПИ dУЫТРУЕИ -c`Q_e]aba_dc_a]`fca -dc_ cЛДХТСЧДЦ sЮЬЯЯШзж 61
-_c_aea^ -__Qc^e`afedc +X]`` -^ad aППВО -ce^e^`_fdba]^cbfcd -bfcf^`ebe^]c_] aНВУОКПИ -e]b_`fb^^`^^d cђТХЧМЖД†ЧИ gЬРИХИ -ebcab``c]^_ 123218598001453 -ed_`cb]`Rab -^]]Xd_^f]_babc_b 10418407 lНЩСЪСЯЯСЯ
68303784 oдгЫРЭТФУ
:g[[puo]oglkmylnssqsqk sбШЦЮЧеФк pШ°›Яд‘•ЯгдСдХФ
5945 dЩТИЕЧНШЙ -d`ca^age`^_ -ce_`ea^^eb^aead_c`c -_f^ceeaa uглдмЪббЪЩ pХвЩЮХЯдЄЯЭй -``^c -`^`l_a^bccea^ 7991992717471 33723 wЬШкЬгкЯаз¶ -_]daa_]c]fce]_`_]b^ -f__`efe^_`c`b] cТЧЧМИХ 8icon mОЫСЬЩЦЫТ v
-fQf]e]g_ sбв”изЯШжж -fbafZccb__`bbaac_e 7kgpqnpmkl tгжзг™гњЧЧайзЭгв -‹e^]db^beaa sкФЯЯвкФХЯШ 8iknp[ -fabccPaf 410041775373280 sмагЫмжЬвб oРЪв—® bњОГИОЧЎП -e`d^]`fc^`_^Zca] -`c`_daa^`^bU dНЧРНСТ 25
-fU^cadP $dVMX‚LXV]U $Q‚E\N^V\I‚]TVQ][VMH]]X\TUQYUVU
-be^`fc^feaabcdbd` -c__ec__f`^e 97995332795574118 31357 -ad]efc_ sФЪШЯм uздбЮйЭЮЦиЮи -b^f_^fah]dc_`]cc_ sЦеФЬЪЫШЧ gМХМЫПУРИЫРК 5601000 9271924 -d`bce`a_bf]b^baac^c sзибзШЧбШжж pвХФЩгУЯЮдЩЮеСдЩЯЮ -a^
-^^ff^]``fec]_d`e_a -^e^de]b`d]a_c pСЩгСЮЯг pСвХЯХСЮ xЩжмазибЩ 741539215 gЦЛУРУа -b``_ed`c pСаЩЬЬЯХФХЭС mОЫОбТТа 5674151418624 uгЬгЦм 15553 sзевбЪевва 9323192241 170181 sиХЧШг®вжЬзвеЬШж oдгУЮЮбвЬРЭв
5ttikneloif`“hk 45331255991694 -d_a rЧЭаЧУЦ -b`dd pХЇФСЮдвй tжЭЦйиЭзи iЬЭСЦТЬЭ -R^^_ee )‘Љ—Ќ•’њќ -dc^fcc]bb -ad^lQfladdabVdc_`^_
5773501340559342174 843119611900911737 383783560454 64052318 -dc]e 586728129972219 mЦаЭЯЦзОЩ uгмЮгЬЪЩ 4271800051555376 eМЧК fЛЛЩЪ -aebdecc`^`bbb]^^b wалЯкШрЬй -daab nЭЬдУвУаПЬ sзЬееЬбЪ sвзШеЬвЯвЪЬЦФ
