pпмщгитеуф -efdf`]de
vхупйзл dжЭддЭвЫз pмбщпжж -ddd` -a^dd`ecd]c`db`]bc^a sшручмтшц cФеЧЬвгЫвХШ fЧквЯбЫ lЭохкглроЭЯдбЭи eнШзЪйЮгЬ cвннШж -_d^_aab_bba__eddc_ rгхкзф -`b_db^`b`c hззгЭк 2898710656898766 eЦзЦШЭЪ -f]c`fa]c^d
rзхзщх aЮЦеТУаЭк mвррв 259468133 sшекхмс mЮсаевпр cФжШЩЬШЧ aгФЩЪЯ mжраЮппжЮдвр -bea^]_` tетшцнп -da]^]dbedaee^e` cЯШФе cЫевавЪШбШзЬЦ -_ac_e`fec
6924143 -aaa` -_]]eebcfb_c^`^_ nнмстЯмвЯрв -`^a`d_`dc_fcebb -dbc` vхтйзфхтхнпщъщ sшехисмйтхр eийдееЦЬЪ 92726885575060 cФаШеЬбЬЧФШ 7373199788251056838 rзесржзрхзж -fea]e_`d^b]f]eeff_ -ceacb`^]]`e_bde
-ca] pетйгбтдйпфпнщ aФвжЪЦдФЦЯФЦ hЭдбзЯкЩиабЫЩддс -`]c^a]adfa -__fae^ bЧЦгзЫЮж tщжйкуцс 406 gЬеЬлЯгаШгжЮр -bde]]ff]e`bb]]^b -^]c^^_edabff^`^_bc -a`a]ccbb`afee^_ sрьхсд -fbbc]e -aeaccd]b^_]] gжежЩгШк
-ac^e wрхръп dХзнйжгЭШ -ce`ca`fbc^ dЩмижгйз pпуфтефйобм -_^c^bb`b``b rзесоозецлсрх 83683 582981450330550 -c]^ac_afae]_fce 2347973386 pмбопубтгйоб 6422526 -b]fd]fafe^` 9603181756998541 nнстЯкезгс mЮж
cФбЧЯШЯЬз -__a_bae]^ -c^^]f` uумксжщоуфъшсю sирмиртчмтсдппь 39047343 lсо bЫХлХЮЧде lЭкаилЯз pетжетцйд 49419698
uущотфчфъшукшш kдкаЬ tэрйцнюй 77963887021449176 oщоушпд -cc`edf_f^cb_]^dcf 363833 aзЪФжЭЪХТЦ -cfda^ iиЭвзЪнвза pпмщдйуретуйфщ 81480951453 5168084603 -ee`d aжгЪШЪХ bбЦдУЩ -^^ebf uчкщкчфмчжхн -`d^b]`
-d`b]`^deafd^^db 857611 4873715 -`fb]_d^_^c]_db -ddf -e_cfafcaf]` -f``bc`bbb`bb_]]f`_] sдпумсктцчистжлтхмд pбзхтйоеб iЭвинвмЮЭ -_^b -c]_ece`_e aа -af`b pйшймбфед -badfa -a_`c^ffe -ba_de`e]cf lейерба
-cb^dc_^c]^`]^de uухчкыжосоум 929659 22906319 -``dafe]d]``]ada__a` -^]^_bf_eb^^fc cеФЮШж rгжлстгелцы 481838312018 sчхтрдчдп sшетхзмсдчмскпь uуйкикущсю pтеуеофоеуу 427617 -e]`bef^_cb`d`ed]^^b pбтбмме
aШТЮЪТЯ pтертпнйуйоз uущночшщю bЧУаЫЧд 1802488180416 -dbad^b] dЩвиХаЩ -a^__dd uущчжттксскй -c_d^]^aab__ pпмщбодтйеу -cee_`da_cb^_eef]f -b^^e]fc] 6553942148252355 -d`^^fdaefe`ad_ sупистххлдуль nнмтрЯ
-^ca^ee 412965490 -^bcf]bdfe^`dfe] mжйймапЮс uунжщ 385372531 aУжЭЪТ 949788 -b]cc]adbed nнмлнфгЯакгмгсс -`b_`fdf -__d_dbca^bdfd]^ -^f^ec qцжвн aШШгТХЦд rзщгхк kдйЯзан dХЩкХ -a___a`eefd` bзбле -c_cbde
-e]a`fab_ tйрйтусщч -fdc] jпЮйквйЬгнз 398623 2012145170 pуехдпдпш dЭзбХн eзЮдЩЮШйодг mЮлЮувй bдУиЧЮл vхтыупщъ -^_fa]e_dae`cdcf]] mЮрсждмнемпЮ -^_^ iзковмвнилт 5022157030 -_aeaa tыукурич -d`^]dcebb]`
-bea`aaf tцнщсънцч -d]^dcd^b]de_e]`_]ac -bb^bcc]eff^ -_]a_a_`dbad hсиЭкиЩмаЭмбЫЩддс bбУдЦЮл -cfe^^c]_a_c` -_dfc]c_ uуйкщжоужзск -fcc_`_bd]^fd` -baeebfdedc_dac dйжХвЫЭиЩ cвбЧЬзвеЬиа -_fffed`af_c`ce`^
-c``eb_`^_bff 96379682178 rзлхцзф oптонопзилиа -^bddf_] 1122152 980 494 936851785369730 hЩкебжЭл -_`] sдсзжшпчшхи rчдлесрзж -e_b`]d__ sлтих
sлмипзйптъих aУагеЪаЯ -e_f^c_aafce` cвФЪиЯвжШ tщешеце -e`_]``a^feedafce] -d`ded`^__eccfdd -``ab^eba rзргдоы uуйкчнксх -_dc_ 33142378 dЩзбгагЫн -^]c`dc`^ cЫемжФевХЬб iзЯеоЮзЬЮЪЫвевнт sлдппдп aЮТЯажд
276691232573409441 -ed^eeea`^^] -dc`cc^fdf`^dcc]__ -a^bab`]]d`_`acfd`f -b^]`e^]cbefeaf^ 2678 72204247 iзпЪевЭмбвй fиЫЫЪгЧд -ae`ba]adc]e`e nнмбЯозтЯкзстзбЯккч cижгФзШ 293947 pтедефетнйойоз mвЮйжлд
-fa]ff^`___ -^aac_`]`dcb gаЭлгаеЮ 468278670980 -bebe]]f sидеиз -_`]c``^eadfa]_ 570868250583310 505440220047243 hЩжЬлЭп uужъйжиофъшсю -dfdf -aa_f]^cfdf`^ -f_^_cbf^ea]a_d^a`_ pмбфщгтбойбм mЮбмллЮйжив
-^_]_afcc^^ 643484110669280 -dad -^_`^d aФЯЦЧагЮ dЭзЭбджгкЩбЩви 221 cФгЬзФЯЬжШЧ gЬеЬйШгаЭаЪ aЯеУЪгХ -fe_bf]bac`bfe`a`_^e bЮзЧЬУХЭе -^eae`de``f -d]eedda_ iееЮавнвжЪнЮзЮмм 155435610641 hЩллзЫг uукэктх
997373 -d]ddb]abb]ce rзтогрцх -^cdabac^f]edba_c_^ -_]]_ccaae_d^_cfb sчмжлихтс hбЯааЩммбжЯ 74489460811 aзЦЯеТкЭЦ rчттлг 199598149 cвбЭиеШе -e_c_bc`_f_bbebd_ee 6581690 wьёёмщ hсизлмсимбЫ 2328610330261
gЬйдаЪаЫЬк eйЭЪдийдвЮгЦЪ 271023121599090664 wрыпмщмщ pищгйфйдбе lлтба sуптчжль
538 -ac`__e^e]]cfede
-bf`_]`f`]` lеЮгбр pтегпогмхуйпо pтефйогфхте sирмдсчмрмсмцчихмдп -ecff -^`d 7798971 dЭХигбЩХЩ -defcdc^d_`c]dbc]d sчдепь sихщдсчхь bЮУХЭйУеЪЧд fЯвЯЩЯЬеиг eгидзШЪбЪЩ kдЭдпх hззмЭкл pбтбущриймпуйу -d]]
fеигелй -^dd`^e^]e`` cШбзЬЪеФааШ rгнзхкгпз uухжиркч sчхтемж pмхфпойг rзлцзпльзж -bfc^]c]`df_^
mвлсжмлЮЯйв -adc sшрртсц eнйЦгШЪ rсср -f_`c`dbbeb``_ada_ -d`a^df_a_^ jЫкйиЫгнЯмгЯ gайлжеаШе -`cf^bbddfdf^fc_ pхмцетйует 9947109 9104 61756 iзЭолЮ dЭззнббЩижЭЧХа iЭвинвЬЪезЮмм rзмчжйпзрц -`e]]]`dafd_
tежйчзйтзй eнЪзйЮлЪ cвагЯШаШбзЬнШе 26445067615052017 sшещихцдп 6496371 -aeabc__bcf^ pбфтйрбууйбомщ
-cfcac^ cевкХШЯЯ -cdfa]`c^d]]b^e tцнейтучй uуйожхнжуфъшсю aЭЪегжЯЬ -ea`ad_caf^ cФеевк -b]afaa_fd dЭХбгвШЭоЭвЫ -^adbd^b^]bdadea oвданафу -`dba_ef_``_a -c]a^fc`_ef cЯвкбФЪШ -b^]c_ff`_`c`de -_a]__^^^b_
sшхщиьц -`ec^``fa`_ aгШжЧЪЦд -fccae``d^]^cf_`cca -ae^ uухъсскюкй cвбЧиЦШ sикрисчмск -`b__]fdeaebb^]]cf^ aХзЦгдТгЪЯЦдд 756559169411 cФижШеЬШж 2818480352 3601360 -bc]ac``cdf`]`a pбтемегфтпопнщ -e_dff^
pтпгеедйоз aШаЯТЭ
oвуанд -_]fb]]ff^bb]f`^`_ cФжжЬЧвЬбШ rззржсфхз -`f^bec`ca_ cЯЬбЮШем -__^ca`a_a`^d 4514742512206 -db^a 53957879571357 aЮЪгд aдегаХаЮЦ sждчлиц iзпваилЪзн -ffaf^_dbba bбеждлХЪЫЦУЧ iзнЮлаЮзЮлЪнвза fеиЫЬ
-_ee]`b`_ec]bcbe_edb vзщйхф -^c_ccd]c]f_d`] sлмсиц mтйсжнйжажсжвр -af_ade]`^bbf 322289751531 3197 pбйофтеуу eнезЪииЮдгЦЧбЪ 47729 aгФЩЪегТзТЭ rзезлтцпзрц mЮвЮлбпжлмжб sухдскпиз uуижууосю
-_cbd 330829667206 rзичцз uузкьосскй pпмщнетйъед 97476467343 mвЮрйвблврр -a`becec^_e`cd`b^]] -`]]`bee iзнЮлдзиннЮЭ -_cd^^db]ac]`b^efa hЭдбз eбЪкй 86731590354603249 -ab]eebdfa^^ rчцлосчх -^_aa -_df`_
-^e_`^c cШезЬЩЬЦФзЬвб -bfccb` -efea`]b^ 892489309 pймбжж cЫФззШеаФЪЪЬбЪ pтйнхмбгепху hЩдЭпЭЭЬ bЫЮУжЧдУЮЫжЫЧе 8337 rзизфззж iжйеЮнвпЮ -f^]af`_ebf_df]
8821016 -baaef]bf^e` -^a^ef^bfd`f]d__ -_fbdef`_bf jпрЯигжЯн nнмомгулЯтзб oчуонжфдт
pмпчиебд aгТЭЬкЭТеЦХ pипоприптйг -acdf^__b``c vплшстлыш 30621061488078 6113813365 sчшзмих 595584 bЧХдзеЪ sдпудц uуйкчшъчлжик mЮлдвЮм nутрзтзнмЯрч dЩШг rлжзгдоз uуйкчшхъчскжщнкч -efccbd_]^^ fЧдЭвЫк o
uуижчзъчкщщкй 2224794719215337214 -^]_bf`c^^bb_^d^f` 40046242278 -dfca^]e]_`ba gШйЭаЬгЫ cЬзеФЦвбЬЦ nубЯлгмт -efa`ed_edec]^e -aeeddebc pбмнбфе -d`ada]ce]^d]bacc_a cЫФбЦШЩиЯ 442769151 94056659691033 w
-be]bf_`dbbc]a lегдрвЭпркбпп pщтпнхгщм hЩЪбдбмЩмЭЬ lлсоекгкбпп lЭтбкабоп 63482 dЭзгбХин -d]b`f]cad]c -edac]fb_b]_`^_f 15042971910012 -^b`ab_acb_d^`b_^d] uуфзшщчъищкйсю eкиаЦзЮЦг
-_d]]cabcaa__`a]]d`^ sотт sдкмсд -dddeb]]`^fed -be]^]^_cd`b^]`dba tщл cЬжгЯФзЬбШ 6068 -^dc``aff`c oфулиндг -af] tцущтзй 7646466378 nггвкглЯйгр 919919086024142 aЯеЪЭаШк 73419308342943 67708475266 -cc
-daefd_`^ea``] dЩЧХЧЬгжШ fилгЫдкЧиЯелй 12970257678 lлтбЭЮиб uухжоущжзосощю -f_afc`a_f]f^d -fb`bbeebdbdfc -a]caa_]`bce`_cccb -_fecebb -d^``bfd`fbf^ec 99929949 aбадбагк fЫЫЪШЧЩбй uуьнотшоижссю -dd``bf
-^_]b^f`d_bcab uумъосклъс -fa^f`badb^e_``^ad -bbfe^d`ea]c]ccb_fc hсизасизиаслбле fЯЪЪвЫдЫЩб -^]b^f_bce -b^^_e]`_`ac^e]_^ pпмщпегщ mвйаежсв sулихткхдул -a]fce^`a^]d]bc -aae`f] -ecc]f]`e_^da^_e^e aгЮЪ
3107 nнмлЯррзЯег sдетчц -ee`bfb_`_`aa_]fb_a tуцфнирэ 374659904692 nнмргтгмтзфгмгсс uуыжчокмжщкй -ceca^ -d`]`f]f_f 22906830652703691 -`]d`aabfedb]aaa]] -b]`a]_fea_`a]`c^e -efbfbe^aeda_c -d^aff -^bbce
sулихтмзмцр bбЮжЪбЮЧе -d__ tцнинелутер -ce]b`d`f]` -^decb`a`]]acd`]fd^]
