aоб aсф mрър≥ dеж nЦ mнж mБыАр dи 1aa] pучДБЕ cд dеге aс aвфб 200 dи mрър aс fо fугьзк fкьоиозг
nщв vХшЦ cд A╞╒ sт fок fугьзк fкьоиозг╔┤ "d▀░┤ dи cхл cдух▐ oАьрпЦ aс fо dи sтЕтжэ÷ iэр aж dсжмрьипи lшч cляжвлвх dмр cдух iэр fги o tФущБщву fкьоиоьк■┬
nЦшсЮсзс sХАГ fьшсугык pучДБЕ cд pъД cрявлях cлиухох 0\ 1] 2^ 3_ 4` 5a 6b 7c 8d 9 dеж uЦ nЦшоЮ nЦ pъяДу iвлнын cь cлиуд 0 sэ vХшЦ dсеж nЦшсЮс pъЙыДыФу dигм -^_` nЦ eьый uЦ nЦшоЮ
