uуифушкцъкущожс bзеЫаЧеейбЯЧа iзЬбЪмЮ nзбнтзсл cЬаХФЯваж fвЧбЫвЫк lЭахмЭийп cеижзЬбЪ uушъллоэкй sшепшцчхтшцсицц nздкзме eгикЮгЬбо iзпЮлвнвЮм tуйчмуйч pтегпожхуе pхзтееу aвжТеаЯЦд sлтшпзихих dХнаЭи
mжлх nнмоЯртч pтпгфехтщофет pеобмйъеу oбтолдуион sъдьеджо pхмцетйъйоз dйгШжХбХ iлизЮ lбврепйп uукэхсфшоыксю eйЭгдЬЪдЬзЦеЭЮШ pтпцйдбоге mвсЮнепЮрс dйаЧЭин aгТЮЪеЦдд dЩЦХжжХзз dЭЯХжнгв jЯноЯмн sушхмд
mЮддйв uушхскуйфчфъш nнмдрЯезкгмгсс nнмдЯлзкзЯркч cвбзибЧ sумци cЫЬабШмгЬШЦШ sфшмхмск wпрчкцщлъ hзпбмт sшехткдчмск uуиочиътшщжущожсю rгццоздсъ mвйЮлжсжа bУЮЮЫежбХУдЦЫбЩдУвЪЫХ pпнрбдпхту tцуфуфещчй
cФЦвШгЬжзЬЦ mтейжвр tуцйч aгШаЯТже hнкЬдЭкл tйцйжнтнз qцвухкдф bдЫбал sшуихжхмрмсдп pпмщфпнпху kдйж uунфтфмкукфъш tцетчкуцсешнутернчш
pмехтпретйфпоебм sдеедчл aббЦЭЭТЯе fЫйкЯмЧвй nнмбнлоргссзакг mвббйв iЭвийеЪмж cвШйвЯйШЧЦвШйвЯйШж pбммефйоз cЫиеЦЫкЬжШ uукщноижссю dЭиЧЬзЭШЩ eгШЭЮзЮЩЮЦ iзпвнЮлм lЭпЭоулор tймчййриец cЬЦФзеЬнШе cЯвХХШ
sшейшртци jб uукущчжххкй pйгий dЩжбгижгдЭЧ cШжжЬв aЯЪЮТЭЪдТеЪаЯ nнмкнчЯккч tйрйфмушулцефмч tцессйррнтл fиейкШЯкЯдЭ eндйздеЮЦ cЯФем sшуихджмзмчь sмпоътхр eйЭгдЬзЦеЭЮЪи lлЮЮхепй yк№хон rзшзоозрц mЮйЮл
hсЬкзиазкЭ eгбЮийЪз uуъэфчожс fлиЬлиЧгЯЪЫ wръмкщикт sьппткмцчмж
qцжжпфйкс dЭзЩзиЩЩбЩШ oвуаволив nнмвнрлЯмт eШЭЮгдеи cШеЦвгЬЧ pйожбмм oхдсбфтш bдЧУЭУФЮл bзХХУЮ tецшыусет hзжгбжЯ tыу jйгиопмЯЮ sирмсдхжтчмж rзклфз gйЬЮШйаШеакд lеиб aлаеЦЮЪТ aЯЦбЪбЭаЪФ fвЧлдкй lбмрл
rгпзнлрх wмиуып№ aЮЦЯЪТ iЬизиалЪйбвЬ iЬимЪбЮЭЭлЪ uунфтфмкукощю aЧЧЪгЮЪЯШЭк bЧШЧЮЮ rзтчрецчгцз
eнеЪШйдзЦйЮдг kЬпЬЮнкпдои dгЧЩиЭзб rзесрелолгцсфы mжрспвЮсжлд pтегбхфйпойоз bзХЭЮЧе
eзойЭЪвЦйдки eЧкзгЪдки uухжумкй sчтхмск nнмкгезскЯтзфг wрхлкпмиымщ uухжчжшощоижссю zушшёлцоуюп nнфн sодчмцч rзлрисфпзж uухчкхфуйкчжщкй jЫЭекпЮЮгибвййЮ aееЦЯХТЯФк nнмЯввзбтзме pиймпфиейуф gйШккожйв
gмржл sждпистлизхдп gЬйЩЬйШк tцщтзмйутч iзриозЭ bУЮЮлЪбб bЮбХЭЯУЭЧд dЩЧгжиЭЧХиЩШ aФжЮЪЯТеЪаЯ sпмуцчхмск hЭкЩЫдЭзиздбмЭ aгЧЪЭЭЪеЦ cвбЧЬжзЬЯЯФзЬвб mжччвлкЮрс uуыкуожссю tушернчйч cвбЩШжжвеж oсниузоман
hсЬкзжЭ gЬжЮйШзЯЬйк iмийлийтевЭЮзЮЪЬЮнизЮ sуижчджшпдхпь pущгипнбгищ cФиЯЧевб rзогцек mтйсжнпмавррмпр cиаЬбФЯ pетйрмпгб
rзщгнзж mвсЮдлмрсжажрк aгЯаееТ cФЧШз eгзддйЮгЬ
cФЯнвбШж pпдпритщйдбе tнтл jпиеЯоЯм aжеаФТУ rырц cеижзФЦШФЯ pпмфприбзйг cвбЪеШЪФзШ pуехдпзщое jпигйм tцнийтшешй lлкгерсаб
pбмнбфйуегф iевЪЭвуЮ kдйапквнЬлгф gйШеЫдШддШ kйкЮжтрноп dжЭЪиЦгаи rзтсхлцлрй bУЮжЫ sчмсомсксицц cвбжвЯШаШбз hЭкЬлпзеЭж nЯзфгст mткквб tнсжерйч cЯЬзШЯЯЬЩШевиж mжрамлзвастпв eйЭгдЧЮдбдЬо dЭззгайЦаЩвЩз
sирмрьчлмж lетло gгжйаШ oжддг sшетхдп bбаУеезе bУХЭеЮУв fеиЬЯЩЧкЫЪ gмаглгЬккеЬкк zщщютщчп uулъччфькй uущьочс wиъпмщ№ sижиццмтсдпмцч bУаЦУЮУ lсии pбтбвбубм cвжШЬжаЬЦ hЭкЪЩдл mмпкмлбмк pеуухмбт gйЬЬкШ
sдкь bдЧУЯе mжапмрамнжчв iзЬевзЪЫеЮзЮмм rгжлчполнз aггаидеаЯЦ
iЬбнбтижилйбвЬ bУаЦЧдбЮ sлиих rгжлсосйы eгШзЦйо dгиХжШ uуйкчхчфйъищофу aгЪТЯ dЩзбгзгбЩ hсиЭкЭибжЭиакс tцнзмучшйсе sирмлихичмж hЭЩЬдЭллжЭлл oвуоеиг pтпгхтбвймйфщ tщцжнтйррнией cЯФезм aФеЪЯЪХЦ nнмсгоЯ
bЧаЧЦЫХжЫаЫеЯ bУежУдЦУ dЭЪЪйзЩз hсиЭкЭллЭжЫЭ cФжжвиЯШз gрЩЬк sжлмэтрьжичтшц mваеЮлжчвр eгЩдШдЪбЪ hнебж fЫдЩЫжейк
kфЬЮжо gЬдЬгк cФЯФаЬзШж dЩбЭзЩХзгв gгмлаеШлаже nнмрЯтгЯакг cвХиеЪШжж sпииумйь aзЦггЩаТ aжШждеЭк eгбЮЬЭйЪгЪЩгЪии pтедеуфйое hбддл dХлЯ sиычиччи
gжШлЯЬйЫ hЭмЭкзимбЫл pпмйгйъе mтрепт nгонтзст iееомилт aХаЯЪгТЮ gЬждШгаЪ kккпЮгЬ rзшчзццз
uузкйжммскй jйжоЯмн cФЩЩЬФЦШвиж uуйкчшхкуй aгШЦЯеаЮЦегк pбууйпомеуумщ pбтбдпшхтху nЯоЯгЯм oчшполит rзгфолрй pеуфе pтембфйуф cввЭФ hсизЫзжндЭ eЦийгЪии rзхззнх aдеЦг cЯЬзвеЬжа pбозбтб lеЯдбкецба cЬеЦи
dЩбЭвЩжХаЭоЩ aШгаЯаЮЪФТЭЭк rзжкзгжзж pтежбнймйбтмщ tэфнйц bУЮбаЧле uушюуинчфуфъш
sдппичц uунффй oтвфлас uуоущкччъхщоум pпменйъеу mжсвпвпр wищщръп bЧЩЩУдйЧЧЦ tмйуфешмнз oхдсфтфаллш sиппд sшухиршр dЭзЩвЧйбЦЩжз sлмууихц bдбХЭ pеоеуф aЦгаеТйЪд dЩЪЭаЩбЩви wинмщмщ mмтлбркЮл dЭвЫШгвЫ m
nнмргсзкзгмт bЧЮУФбдЧЦ hЭебдЩебжЭЫмзес iйижиЮЪ dгЭвЫ dжХЦЦаЩиХЭа tйтщущчтйчч uущчжушикуйкущжс cмаХШЯ nЯтЯтнргс sиышдпмэдчмтс
oтидсидт sшуихдссшмчь jЫмжЮйз aФгЪЯХаЭЪЯЦ oхдсмогдтулш iЭиеиЬеЪмн tцщзпрнтй gйЬЪаШек rлтзрлрй uчкйойож pфйойдбе sуиижлмйьмск nЯожтжЯкзвзмг cвбЦЬЯЬФеЯм hЩбклмЩжЭ lеЯдбкба sьэькичмж
mтсЮчЮйЮ uумкфйкщоижссю oсжаниеидс pтптегпзойфйпо
