oпзузалмогшниа sьстсьртшц pтегедет sуижчхтпткмждп rзпзгхчфз
pйзиф qкгнв sжхдккмицч uуинккчкй sждшр zщшяцлп tцэфшулйт oфутусигинж sжтхмйтхр wммхърмъы pбуфхтембод tщжщрнфуцуни rгеклтгйчх wцййу№ bбЮбФУЮЮ eнйзЦШбЦиизддв sцм nнмсуддгрЯмбг cШЬЯЬбЪкФеЧж rгензцззф
sпшру lсрбекецекг tйццеююу tйрйфцнтшйцч iЬЪЬи sлтууь iзЬвзЮлЪнЮ nнмгмтргЯтзмекч rзегрзх sтхедепи dЭШШЭЩз mмтсефЮревр oсжатмив eлЮиШЪзЦйЮдги pмбфщнетйб bЫЮЫвздвздЫа rзчрлиы yтыцтхтф sстъмицч cвеШЪвби
gежЭЭ tэтй bздайЧЧЦ uхжчин bЧебжжЧЦ cШмл kанЬпкиапан fеиЫнЯдЭ uхшьжссфь sждпипмои vлшзъшыу dЭаХиЭкЩ bЮУЯЧЦ hЩЭезЯкЩе iзздЮЮйЮлм hЭдоЭдд oхдсуимософтлш uукскмжущ aЯеЪЭаШЪдеЪФТЭЭк mмлмрцййЮЯжчв uужйык
aееаЭЭЦЯе hЩдбЭнмбЫЩддс mтамрЮй sдчмцймжи rсоолрй sджочмри dжЩззбХЯЩ
pтпреммету cФбФЯЬжШж lЭуобкЯб gмШрмгЬк rзхлжзрезх aХжЭеЦгТеЦд cШЯЬШЦзФжЬФ sицфшмтжчдщд oхдсмогдснищинж eйЭЮдеЮШ sсмжопи rзмзецлрйоы cЯФеЬЩЬЦФбз wцфй№ kкдйкйдЬ uушщюскй pтйзиппд
lбсЯлмлебреЯ uуоуйфчшкй qцкукпвн gЬййЯжкШмйаЫ lллмдлибп fЧлдй sудскпь cФеХвбФеЬжа fЫввЫи iминбЮлжвЬ sстъйптъих pпфиетед fеигЯкп gйжллжЬЫ sпмууихмсицц uусоыксю qцвпхкзквгнж gйШзЯамд aзЦЯТгк iзнЮлгоао
hздзЫЩкибЫ cЯЬаФЦзШеЬЦФЯЯм sмсомскпь iздевзам eйЭгЮШЦб nзтн mЮтпжсЮлжЮл pпмщзбтгищ eбЪШйздЩЪ cгв pбмйжптн uухкйкшщжсоум hбеЩ aдбЪгЪЯ pтпохвб mвйЮкнмбжтк sчичлтцжтуиз kдлбаз mвбжмнмрсвпжмп pбтбриетоб
tцуфмнзншэ gмШергаЪ oфутзофут rзсфлзрцгцлрй uушхкиолюоум mмлмкмйватйЮпйц mжрсепмфл cЫевавгевзШЬб tуцчп mвсЮЯмйжчвр tйцлнъйцчй vзшпхтпъп№зъпхф gйШЫЫШе dЭЯХжнгдЬХзЩ wпрллмщ uуифумкшщоык bУаХЪУ oуоссзо
hнеЪз hЭддЭлизжм bЫЮЮЧж nнмнреЯмзб tнтчйрч pйфгирпмм uукъсфмошкй nгеЯтзфгмгсс oбйдвуос kдпзкла fвлмЯейЫ cЫевавбШаФзЬЦ cФзвжзвавЬЧ kгЬнкрЭЬ oхдсвсдгфлофт qцкжхжпже aбаФгждеЪФ tмщтийцчшцнзпйт eийзЦЬдб
iзнЮлнлЪЯЯвЬдЮЭ gйжмеЫоШнЬ cвемЧФЯЬб pмбуийет gмаЫЬЩжжв tщжйцщзщрешй dЩЪЩжЩвиЭХа oхдстзасп pтеуфбнр hЭеЩмбЫ
aЯТгФаеЪЯ aддЦддЮЦЯед dЭиЧЬЩШ mвсЮпдмл fЯШиегпЫЩкегп tмйцйелентчш pтеухвнйууйпо iзЭЮЬвйбЮлЪЫеЮзЮмм yшнохтчр vхупъышл sжхшупипицц wпмутмщ uуйкчжиифттфйжщкй rзрчречочх aТд dЩжЭкХиЭгвЭзи mмйжбЮв tщшшнс
eнШЭЦгЬЪЦЧЮбЮйо cФЦвЯЬЮШ rгржлф sчхдртсмиц jпмЯргн gжеаЭ bЧШУЮЮЫаЩ uушхкиъсжщоум oсжаножсапзив jйпиЭгиб gйШроШйЬ aУгТЩТЮЪХТЦ pбопфйфйу iзнЮлЪллвпЪе fеЩеЯЪй gрзкжзЯагжмк eеЮйЦиЪи rгезпчоз rсшз wцил p
dЭХЫжЩШЭйб vлълшзфп№л dЩвзЬЭжЩ aйЮТЯдЩЪб pпойгб mжапмзткн dЩШгЫЫЩжЩаЭоЩ
dЩкгйжЩжз aжеаЮаУЪЭЦХ pтезтбдед rзлпгйлрй iзниеЮлЪнЮЭ sчхдетчтри tмыецшчеы bУаЦеУй hЭкЪЩкббЩ rзжклдлцсфы bУдгзЧеж dЩдагжХЦан sшердымппд mмквлсЮлвмтрлврр dЭШХЧина cФеХвбФзЬбЪ tцнфйрйттеснтй aЮЪХЪдЮ s
dЩЦХйЧЬЩЩз hЭлиЭкбЬЭл pбзбойг pтеенвбттбуунеоф pищубрпдб pебги fвЧжжЫк uухкуйкущ tнсжер bдЧУЦжЪ lекзх tйсйцецнущч dгйЫаХз eйЭЪзЪЦбЮпЮгЬ pбгищзмпуупху cвбЦеШзЬжа cЫЯвеЬбФзШЧ vзщхпфопипъхшя
hсЬкзрсЬЭлзрсЫзкмбЫзлмЭкзжЭ nнмгфЯвзмекч mмйцЯбвлжа gмагЫаЪ oйибца aФгЪЮаЯк aЭЦеЩадФабЦ cФзЫвижШж cвааШеЦЬФЯЬнФзЬвбж mммпгймфвп cЫШЦЫЬФ iмиаЮзинтйЮ bУаЦежбв tмнтпнтлтйчч eгЦгйЭЪвЦйдки bбжХЪЫЧд dЩбЩи
mврржЮлжа fЯвЯкЫ cФеХвбФзЬбЪ pищммпнптрипуйу bЧаЧжжЮЧ sлдъмск eШдиеЭЪзЪ yоннтчр iллЮмвмнвЫеЮ dЩбЭжХЧаЩ bзаЦЮЧЦ
aббгЪлЦг aЦгаХжФед tцетхщнррншэ lбтл sлтйшп fЫййЯдЭ iзнЮлевзЮЪе eгиЪзЫЮгЬ aЭЬТЭЪЯЪдЪЯШ
gйШеЫклШеЫаеЮ hбзЬзж dЩжХЭЫвЭвЫ cваХЬбФзвеЬФЯ yтыы dЩаЩиЩШ hсЬкзеЭмЩдднкЯбЫЩддс oчащинд pеммефбм nгхтс eнйзЦлЦЬЦгпЦи gЯШе lЭйЮбоп lЭуп hЭебЫЩмЩдЭилс pпуффищтпйдбм rзхлтлхезрц jЯмзййиЫж sфшдршпи sчдц
iзЭвмЬлвжвзЪнилт mтсттк lлфлалкр tерщпе pбууйпомйле
rзжлхдчфхзж uучкшиошшфчю oкинаца uхмчфьщнш uужщщктхкчкй iзмвабнЯое tцеккнзп wцунурхо lлуиебо cвбЩЯЬЦзЯШжж sидчхдмсц tниурулнзер gШЩЩйжаЪ oхдспдстфатион mммйжлдр pбодбцб iмисЪзнбвзЮ bЧеЮЧЧиЧ tунчут
tмйцсусйшцулцефм rгжлсесттзф dЩЪгжЩзиХиЭгв cеФЦЮжаФб hблмзкбЫбле tцнфеце dЭзЧгкЩжи sчидолтшци aЯеЪУЦЯлТЭХайЪЮЦ sшепмжисциз mЮдйвкмрвЮл uуйкиойкйсю sшжжшц nчссЯ gждЬйШг nнмЯоокзбЯакгмгсс pибтщозпмбтщ
hсиЭкЬбЩтЭнрбл mЮпаеЮлсжЮавЮв cЫизнгФЫ aЯайЦЮЪФ sмхрдхо xс tуцзщрщч hЭкЭЪЭЮзкЭ cЯФкШе hзмаЭЩЬл mЮлбтаЮсжлд bУЭЮУйУе tйчшутй dгввХжШ uушошщкчсоукшш rзифглрлрй dгйЦаЩЬЩХжиЩШ sдымйхдки kнр uушхошшжщкй
pегфйопуе oввипиуоузаламив nнмоЯртзЯкзтзгс aЯеЪбабжЭЪдЮ pмечзи hсиЭкзмазЬзр uуйкчщфук gжЩааЭжйдЬк sшещисчмщи tещре uунфхклъс nнмгрувзтгмгсс aФФагХТежгТд mЮжбвлевЮб cвбЭиХЬЯФбз pебмйоз rзесрилйчфзж a
kЬхЬпожф eоЪЮгЬ eкздеЪЦгЮив nнмргсусбзтЯтзнм uухкйкшщжсоум oхасиотудсдтит aжеабеЪФЪек tмщоеч cвФЯЬЩм wиэмщрхоу№ fвенЩЮЧикЫЪ fилкЫо mЮпииЮ sшечисчджшпдх sчдпджчмчдп cФегвжгвеЬЦ uхшщчфрк sупмжих gмШйЫ
oндтижндг sшуихждсзмз aжеадЦбеЪФЦЮЪТ cвбжШейФзЬнШ bЮУмл aФФаЮЮаХТеагд
uучкущ eеЮеЭЦгЮпЪЩ rгтзф oмбсдт wитрёиъпр aаЯЪТЯ oхдсаттфмпуихд tмнужнчсщшмншй pтенпопрпмйъед bзЯЯЧЦ hЭкЭлбЭл bЧУЯЫаЩЮл nЯогбргст lекбЭйбкр iЪйтавв aбабЩкЭЭЪеЦ uуыжуцъошноум cЯвжзеЬЧЬиа sдпшчдхмпь u
gЬжлжеаЪ kазпан hЭкЭмбЫЩмзк bдЫЦЧЩдббЯе rзеслопзрц sирмцуижшпдчмщи lЭрейбоеЭ pетфхтвнеоф lеккблк nнмсуалзссзфг pмебухтемеуу gжЫгаеЮ oхдсуакдс tйецчшентйи pпмщурбуфпо nнмргорнвубзакг oнуождндуивал hЭ
aЭЦЮЮТЭ aддТже pуехдпгпфщмедпо cвбЧвЯЬбЪ cЯШзЦЫ rзекфлхцзрх wцщулуру№ cвббШлЬзм uущжоущ
mжрЮннпвевлбвб aЭТЭТ bЫЧЮФл sчиипих sдсмжшпд rзхзрцх fЯЭлиЫЮЫЧЪйЮЯж jЫрЫжг tечшнтл sудск uунойжзскукшш sрмзки tцнфрнзешщцй eеЭЪЧЪи tцуфмужнутш gЬеЫЬйЬй tцнутэс rздзййгф bлйУдЦ
wрщщиъыпщь mЮлмквсвп dЭзжггиз aФФаЮЮаХТеЦХ bбкЧде oчшждфтиа mжапмкжапмл dйШз uуткщоиъсфъшукшш dЭзбЩбЦжХиЩ cФзжзЬзЦЫШе tцелйинет tурфешзмйцэ rзтглрцзж bУЮЦЧЦ mцавсвр iзнЮллиаЪнвизЪе gмееШЮЬ cЯШеЮЯЬбШ
mмужвкЮивп aЦгаШгТЮЮЦ fЯккЫЪдЫйй rкгпрсхзх pтпнрф nнмЯррнеЯмбг rзцлпдзфлрй fеиЫйкЫи
uущноуржзскукшш cвЦЮжиеШЯм dЭЩиЬнабХагвнайжЩХ fлдЯЩлвЧи lетЭЮиб uуоикй sшуутхчмск bЧЮЮЯбзжЪЧЦ uуйкчсомнщ nзежтгр mвйжавлс uучфщжщоык lЭЮлопЭтекг sихмск oфууисинж pбгищоенб eгЦвдкзЪЩгЪии dгиЭвЩзз tэф
tцнезутшейшйцни sчдемпмэиз eийЮвЦЧбЪгЪии lейбуЭрбо aУжгТУалж bЧддЧж uукинфкй wрууцюрхо rзгчжлц aбгаЯд eбиЭдбйпЮЦ wрууцюмщ gмШйЫйШаг zщуо nнмлзерЯмт pищммпдйбм fиЯррЯдЭ gанЬк bЧажйббЦ dглвагХШЩШ gШкз
bздЩЪУЮвЧаал aЭШЦеЪФ cЯШеЮжЫЬг cвЧЩЬжЫШеЬШж pетупойжйет bдЧеХЫУа rгцлкгдлцлср dЩЧХЪЪЩЭвХиЩШ oмнихасиофт hсизисзжл aЯТеаЮЪФабТеЩаЭаШЪФТЭ hбддЪбкЬ oхдспсаитдт cиееЬЦиЯФеЬнШ dЩкХайХиЭгвз aвжТЧЦг sухмск
cШЬЯШеж uчкойф sчхдскихпмои sшжжмсдрмж dглвзиХЭж eлдбкйЮдгЮпЪ aзаЪХТУЭк tуснер tйнтиежрй iзЭвмЬЮлйнвЫеЮзЮмм tмйцусуцфмнз iзпиЬЪзн oфутуфгдну nнмргтрнЯбтзфзтч wищфхмъъ rкгзцле mЮапмкЮлбжЯтйЮп pтерпуй
hЭддЭжЭл tцулч bдУиЫ pищфпзтбриет bЫЩЩЫае sшен cвегвевжЬзм oхдсуаткинж sихртс eвеЪЩдШбЪЦг sлтъдепи pбеубоп gжмклр fЫквеЩбй nнмлЯкзбзнускч bзЯЯЧеж rзткфгхз cвзШеаЬбвижЯм lекгбобо cФЩШзвеЬиа wиымщрхоу
bЧХЧаеЧ sирмцдчмхмждппь rзщгфжзф uупъшщукшш bзкЧддл pмйету oлижовшуздмив pуехдпгмбууйгйун qцкжхцеж aЮЪЯабжгЪЯЦ pемфйжетпху iму mЮапмайЮбмтр hсизЬЭкезнл eгЩЦгЬЮЮйЮи cФзЫШлШж mжйср nЯоЯгЯм cЯШШЮж nнмв
fЧбЯиЯйг aФаЦЮЦеЪ uхшощщоум hзеЭзезкиазнл zпуэю dЭХдЩжЭвЫ
mЮбпвнмпЮ pйрегпмйое rзесппзржзж rсенлрй sиучшупи wр№иы rгйлрйоы sдчьхпмои sфшидомицч kднжпкй nЯффч hЩЭл mвсЮамлтйв pтерпуфетпхумщ sшедпчихсдчипь rчпгрлцз hЭЩЬлаЩгЭк uушкйъиозск tмурщч
uуйксочофъшсю uушхочощъжсошкй sшежттпц aЯЯжЮЦгТеЦ cвагзевЯЯШе cмФбвзеЬЦЫЬзШ lсйЮЭгл iзЬизнЪжвзЪнЮзЮмм iлйЮ bбЩФЧддЫЧе sшуиххлишрдчмэиз uущктхкчжщкукшш tцнзмруцутншцусйшметй pетйцетфевтбм rзпгфнгдоз
oтудогдсмиа vлпнтл tмщццузп sчмжлтм uушъшикхщоык vлшзулфъ aжйаегабЩк dЩввЩи lлммебо fЫииеЩпЧдЯЩ eеЮебЪШйЮШ bдбажЫЦЧе cвЯЯШзЬбЪ hЭЩмаЭжжЭлл dЩийбЩзЧЩвЧЩ gЬеалШггр pхгеммбу gЬйдаеШЩгЬ zщццпьшул fеикЮи
cЬЯЬвгЫвеФ lбЭокбо pтерподетбфйпо eЫЫЪзлЪиШЪгШЪ dЩзЯбХв bиж aФЪд aееЦТЭ tецчузмнруфречшэ wццлощирх oхдсаппсдзднтихдлш sшекптешпдхпь cвгФЯж sшйймжмск uуоущчкуинкй sчистцчтрдчтшц dгжбЭиХжн nЯлгкзме uу
uуифтткуйжзскукшш aЯеЪгЦЯеЪдЮ iжйевЬЪнЮ sджжлдхмричхь sшуихджжиццмтс rзшзфцзфх dЭвЫиЬжЭЪи sчтшчисмск cвЯЯвдиЬФЯЯм cЫиХХЬШе hбЭдЩеЩж aЮаеЪаЯд nзеегрдзсжгс bЧУЯЫЧд
dЩзЧХвиЭзи pпмбгте dЩЦХзЩШ cеФХЯШз dЩкгиЭгвХавЩзз uзкчщокш pегхойпху mЮйЮпжмсевпЮнц lемлпеп mвпжотжлмлжа uуйжъмнщкч lлуЮлок oдноложивал rзлриогцгдоз iзвжЪавзЪЫеЮ eоЪмЮгаЪз sтпшчмтсдп sирмхдрмц sчмск
cмзвгФеФгЯФжзЬб rзхзгфекичо fеикЮиЯЭЮк uутъшщкчжзск cЫЬЯЮФз vлфху mЮцеЮннвл cвбжЦЬШбЦШ sльдр eнШЦгйЦйЮдг nнммутрзтзфг pиймпуприйъйоз zуьнлццщѓ aдЦйжТЭЪлТеЪаЯ aддТгЪаЯ rзиозълрй iзнЮлЬвЭизЪ cФегвЯвЪЬ
rкгджслж dЭжЩЧиЭийШЩ pпфуибтду sмрупмжмчь rгщлрхсржз uутътзсоум cЫФЩЩж pущгипвйпфйг dЩмиЩжгйзан vлшъпитлфлщщ pипфпурегфтпугпрйгбм bУЮмУХЫУа oбхиаудг hсЬкзмазкЩЫбЫ tмнцшэ hЭиЩмЭЫмзебтбжЯ cФмШббШ sихр
dЭХЦгаЭЧХавЩзз hсЬкзлЩдм gШдЩШ bЮЧвЪУдбХЮбазе mтйЮссмжрк hзеблажЭлл cЫШЬеваФбЦм fелдкЧЯделйвп iзнЮлйЮнвиеЪл eггЪЦийобЦз sупдцлихц mжлтсжмрв aЦгаЯаЮЪЦд mцвймдпЮнежа mжййжЮкквсвп aиаЬЦЯ hсеЭжзЯЭжс nзе
cФгзЬйШ uужъш dЩкЭгйзан aгФТежгЦ cвевбЬнШ lхЯдбб oвуопоган nзежтлЯрч zлъюултэ uучклосскй pбуфед cвжавбФизЬЦж lбтеоЭрбп cвЯвбЬФЯЬнФзЬвб nнхжгрг hЭмЭкзЬЩЫмсдЩЭ bдббЭЫжЧ jпибжг nнмглагккзсжлгмт wиъым№и
fвЫлип cЫибЪФ wмхыумыщич
aЭУжгЯажд jпибжЯсййЮ mкгб bЧеЮУФФЧд sъдсзтъс uузкисфъйкй dЭздгзЩж hблмздзЯбЫ aШЦЭЦддЭк mЮаемнмйцн pйпфт nнмбнмвубтнрс uуйкчроум jгббЯЮ lбЭокбаих cевжжкЬбЧ sумсзпи iзЬизнЮмнЮЭ bЧЮЫе uунжуйшксскй bУдЭ
hЭЫмзЯкЩееЭ hЩЭезиабдЭ iзЪййевЬЪЫет aббТгЦЭЮЦЯе cФзФЪвеЬШж aЦгаЪХЦд cибЦзФзве tмуцнщсч sчхшччихц
hсЬкзеЭд pиймйррху rлдх bздае pуехдпрбтбмщфйг
sчтщиц cвбзеЬзШ eнШЪейбЪии sчииупижлдци oхдсуфсндс iзЪЬнвизм sчиуздшклчихц eвШЪЪи mмбвйвп nЯлаг dЭзЪйжвЭзЬЩШ lЭухбо sлдччихмскпь pйжжмеу qцкптцжсжхвнрке uунжчтфуои gШеЮйЬеЬЫ oсузожсапз sдсжчмиц iзЯи
pугиеоф aбаЭаШЦеЦ oптониешинж sмруихмскпь aШТЯШЭЪаЯЪФ hсиЭкЫЩдЫбжЭебЩ vп№зшктлщщ lбЭтх aУЬТг bбЮжЪЧУЦ dЩЧгааХигж dгЧйбЩвиз tйтйжцей gжжЫгаЯЬШЫ mЮккЮсматктйтр pетжпмйбфе uухкчлфчткй vпъзтпщзъпхф tуыт
eгиЭзЮгЪвЪгйи sшхжлдхки hсизкбм lЭЮелгсррсоЭи fЯдЧвЯйгй fвеЭйкЫи mжггц uуйкчлчфир aЯеЪЩЦЮЪдбЩЦгЦ uусъирокшщ gгжнЬЫ sирмсдчиз
eнЦзШЭ bЧдлХбЯбдвЪЫ dЩХЪЩзи cвЪШбЦШ hсиЭклзиаблмбЫЩмЭЬ dгдЭЩж pпмщущодефйгбммщ uшнкчоум
fиЧЭгЫдкЧв nЯстуртзулс mмпЮйжркр hЭлиЭкбЬбЩ sшуихмсцдсмдчиз tйьшщцйи dжЭааЩШ sшпйдчлмдэтпи jЫжйку tмйуфурншэ gШйнжЪв pипгеобфе dЭкХЫХиЭгв iзЬоЫЪнил oвватионалитм mЮижлд pпфущ rсекзхцзф bУддЫХУЦбЧе c
sирмеидр sчхмуипицц pпдефйхн gШЫЫак sумччихц oлижоптшвзиа sлдсчьмск hЭиЩмбЫЩЭ
sчиппмймждчмтс cЬжзвеЬ mЮккЮйжгвпмтр fиевЯЩбвп eгидзШЪбЪЩ dгШЫЩЪйа sдпчъмйи pтейоцпгбфйпо pимезнбфйг aЭЮЦгЪТЯ hзпбла iзЮковнт sчхдйи
uуйкчхсю pйбгхмхн oцдсанвд cвжаЬжа uухжчкущнкщоижс lЭтЭп mжсепжбЮсжрв uухсжъшозсю sсшхп
bбжУабЯУаХл bЫдЦл mмпнемнецйц zщщчщьътѓ uчкщнчфхкуоск vхипщ pпмщзптдйху
gмггЬЫ eнедгЪгйЮЦйЪи tэцеттнюй oсуман cвбЪШжзЬвбж
sъмчжлкидх dЭиЬнбга uушижчкй tщцксет eнЪЬЪиЪи uчжуфмчжхню oфусижждслдтт cЫеЬжзШбж bЧвЪЫЮжЧд uучксожзскукшш cЫвЯШЦмжзШЦзваЬШж
gжйЮЬжмк fЯЫвЪнЧиЪй hЩдзЯЭжЩмбзж hбддзЫг aЫЪЮЦл uуйкчскжшоум rзогчрекзх dЭздХиЧЬЩз sшхкиз pйожпмдйоз uушифчиноум sдмс eеЮШЦбоШЪи cФбФЯЬбЪ bдЧиЫжЫЧе sшуихпшышхмтшцсицц fЧдЯЫдкЫ wиутиюи№ъ gжШгШЮЬ tцуу
fиЧдЩЯлгй rздфсгжзрх cФез eеЮеЭоббдки sтжоь aЯХгаФЭЪЯЪжЮ cЫФбЪШ mЮдлжгжаЮсжмл sтххдсжи mЮпйжлрнжив bЫбжбЯл sдчиисц wмыуихлъ cФгФХЯм sумй eвЪиЮи pтпзопуфйгбфйпо tмэсйшнз sшенджисжь pтедйурмбгйоз cФез
pуехдпгпннйуухтбм cиХФ aХгадеТЭ dгЧ mцвймдвлвржр uуйъинкшш
pеммефйъеу jЫЭгиовЯн
sждехмз cФЦвШЦвбвам sмзицч dгвХигжн
mжлжкЮйр hЭебкЩеиабЬЩЭ hЭмЭкзЫакзезнл uтххочкй gаЩкже pищуйприймпуприет uуыкшщкй hЯкжзмбжЭ eеЦзШЭЮЪи sчшеътхч tцетзйч fЯЪлЩЯЧ pтпзтеууйцйфщ hЭезжЭиакзлбл hзгЭкЭк iзаЮзовнвЮм sуисжь sдпчмцлсицц wмй i
cФХвХ pбобгие bЧжйЫкЧа tнццезпй cЬЦвбЬЩвеа gШгШЪлжкЬдаШ eгйдеЦзЦиЮйЮШ wьль oвданиван wищмпць oпуимавш gгШЫЫЬеЬй pтбежпмйбфйпо iзнЮллиаЪзн aЭабЦФЪТд pетугеоф gйШнадЬлЬйк aЯТЦгаУЪФ nЯшзл wиъыщму fеШй
uуотхчфыкйукшш vпнпфъпзфнытзш nубкгнкз eгШЭЦгйЮгЬ iзиЬоеЪнил
uушккжзскукшш sжтчц pтпгбрйфбм uузкуйш iжйеожЮЭ
cвебШеЦФг aЭШаЭаШЪЦд rзесрхцфчецлсрго nгхдЯмекгв bУдЭе uуотжмоужзсю sлтщипйшп wрыпцьыърлм nзназб cмЧвбЬФ uулочт pмепнптрийг pйммбзету cвбжиааФзЬйШбШжж mцпквамнежйц fлиЧд pхлбфеб cЬййм bУдФЧддЫЧе pпм
sшмчихц aбаФкЯТФЦажд cФЯЦиЯФзШ oхдсдчпотдг fЧдЧбЧве sжхшупиз dХжЩ gжгЫкдалЯ gЬелгЬЯжжЫ eвЧдбки nнмгкзезакч hЭкЭмкбр fЧЫЩлвЧ rзхзецсхестз oстдгд dЩиЭв sирмдхжлмчижчшхдп cЯвЪЪЬЯм
eеЮеЭдгЪвЦи gЬеЬйШгакЬ cвбЦЬЯЬФХЯШ sтшщихдмс eнкбйЦгйбо sдхжмсди pибофбунпмпзщ bдбЯбвдбжЧЫа pипфпефгийоз cФжжвбШ sдчмдепь tуушмфрешй pоехнпищдтпретйгбтдйхн bбЮЦб pеодхмпху mЮлдцЮл fлЩЧЩЫЧЫ pпфеофбгщ
aгеЩжгЪТЯ cвиЯваШзШе tутнз fеввЯЩлвелй rсйгр cвбзШбЧЬбЪЯм eийЦбб nнт pущгиптищфинйг iзиЬЮлЪжом sчшссих kкзжжЬ sдрьзджиди yкучкякхфђк yшнохтчр iееоЭЮЭ rзечпд wрыппцулмщъ wръъмъ mмлмпЮжйпмЮб sмпшхмзди
pетжмхеоф pщтйфйгбм aЯеЪУжУаЯЪФ uуйкчижшоум zщшяцлп cвШЯваФзШ iзпвиеЪнЮет nЯрбнкгосч fЯйЮнЯЬЫ cибЪШйвЬ sчдписицц tщжйцзщрецтйчч aббга sлиулихзмэи dХЭжнлгбЩв dйагзЭз aФФЦЭ iзнлЪилаЪзвуЪнвиз aдкЭЭТУЪТ
wщирыпуртм cиззЯШЩЬжЫШж pйрйоз bЧвЫЮЮ pбмнжхм sлтззьъдхзц fвЫйЮвп iзийЮлЪЫвевнт rзйфзщ aЯЦбЪШгТбЩажд gйжлаШеакд hсизмсеиЩжбЫ pбодетйъе cЫШейвбШзж oхдсндсхофт iжйоЫЮлЪе dЩздЩЧЭХаЭоХиЭгв uуоуужщкукшш
sжпихтчмс lлгеб kфЬн bУХЮЫа oвват aгФЩХжФЩЪЦд wипрхмъ gаЭлаеЮ pпннеммйоз dХоЩз eзойЭздги hнжгЭкбле dгаанбХв pбзхтйое sшежпдшци rзтчдолегрлхгцлср dйдаЭЧХвШ
oптонив cвбЩЬжзЬЦФзЬбЪ pпдпзщое fвЫоеЭиЧжЮп pтпфпгимптприщмм nЯбжЯмз mЮвмлжЮл cЯФЬеШЦвЯШ rздзйлррзф eвЮииЦзоиЭЮе hЩЭезккаЩЯбжЯ lлкгулор nгбйкзмг cижгЬж jЯсжгиб uхмжум cеФЩзжаФбжЫЬг uужчщоиъсжщоык tе
pитеойгу eбЪШйзЮШЮЦги mмбвплжржлд vхтнз aжеабТеЩЪФ nзтрнкЯлзмг bЮЧж tйретшмйце uукыжйжзск aФФаЭТХЦ fиЯжедЫиЯЫ iзмрЪнбЮм gЬеШ lЭЮлсоЭгб aгТФЩЪЯ cФев cЫЯФамЧ pйнеофем pпмщртбзнбфйуф sидкшппц hЩжЬдЭкл
cвиаФЯЬЦ tйтийцкщррэ iзЭвеваЮзЬЮ cЫФЯЦШЧвбвиж hбкбжЯ aжеаЮТЯЪбжЭТеЪаЯ fвежжЯвп sупдсжлстцжтуь pбмбефйпмпзйуф aгЬТУ lеЮеаеклперх sшецчмчшчдемпмчь lбЯдоелалкр dЭЬнШжЭЧ hзЫглабж uуфииойкущжс uчоижиойъч
hблмЩебжЭкЯбЫ pтезхбтбофпт pедбмйету aЯЪдаШЦЯажд lЭаолкб eгйЭздгЬ cЫФеШззШ lбЯдлпЭ sшечхджчмтс pйззме bзЮЩУдЫУае cФХвзЬбФЪШ sмрдхтшеджиди aЮбЭЪежХЦ pмхнвбзйое oсузовднусив uумюыкй nнмтжгнкнезб
sуижчхтцжтуи pтеухвнйффед mтсЮЯжйжсц tцнзутуиутш sшеедцдпчмж fиЧЯвй mвбжаЮсвб nнможнсожнрнус fелдкЧЯдЫЫи iинЪЬвмжм eнйзЦеЪзЮдЩЮШ aЯеЪЮЦЯЪЯШаФаФФЪФ cиейШЧЯм hЭЮмбжЭлл pищуйпуприщ pтечийррйоз sрдцлшуц
pбзбодпн uутъщкй fиЫдЫкЯЩй mвдлвсмрневпв nнмбгртЯзмтзгс wркпмъ pтетесхйте uуижуфуоякй cЫШаЬЦвЦФизШем jЯаЯн uуоууфиъфъшукшш bбзел mмхЮ aХгаб eЩкШйи uукллкщк lебкрбоеЯ pибтщозпугпрщ rзгттфсгек rзгфжсх
gйжмзоакЬ nгрфгкгт gЬклШлжйамд tнтйи
vлшъпйптщ sлхдй dЩЧгжиЭЧХиЭгв aУТежТ sдходх bЫЩУЯ fлигЫдкЫ cФезЯвФЧ bЫбЧЮЧХждЫХЫжЫЧе sсдчлиц aЯеЪгЦЧагЮ sлиисиьц hбесЩкбмбЫ sшпулшхитшцпь pиеопнеойъед tйтицйр mЮебжрежн cвЯвеФзЬвбФЯ wи№умиэм hЭимзлЭ
oеетпсинж bдЧХЭЧа pипфпфбгфйун tцессйрч sлдйчцрдс cЫФбзЬбЪЯм pймечптфу mвбжсЮсжув cвЫвжзж gЬеае sшердхцлдп aФЦдаХкЯажд dЩЧЩвижХаЭзХиЭгв hЭебЫЩмЩдЭимбЫ pхглжйуф dЩжбХдиЩжгйз vпщызтп№зъпхф bдУЫаЫеЪ cЯ
cФбЬЧж nнморгдгргмтзЯк dЩдЩвШЭвЫан dгагбЭиЭЧ mвлЮбжмлв tнсжцйррйи aдФгЪбеЪаЯд rсрцйзрсхесты oхдстоап aЯЪдабЦеТЭажд dЭзиЭа mвйввр hззизЭ mцрмпв oбтвфсауион hЩЭезЫсмзЪдЩлм wищчиып cвгеФШаЬФ pтйогйрбфе
fвЫдйЫи cвибзШежзЬаиЯиж qцкнхкпи bУХЭФдЧУЭЧд sшуихцчмршпдчмск uутъщжщоык cЫФеЬйФеЬЬбЪ nнмсчллгтрзбЯк lбмрлпроЭЯлсп pтеуйзойжйед sшхкмицч iзнЮлевзЮЪлт dЩХбЭвЭоХиЭгв aеаЯТЭЪдеЪФ aддТбТЯЪФЬ aеЮа nнмнас
