attempered::halvelings::uncompoundednormothermic::deceptions
oxaloacetate::quadrivalve::baikie::paroled::subround::neoteinic
traumata::comptonia::basements::catkinate::consanguinity::penlite
believe::bushier::splenopneumonia
jackassification::zentner::megacoulomb::pachyglossous::poetomachia::arenas
oligospermous::indentured::apothecaries::orris::dismembering::underdead
underking::rt::cartmaking::tairn::guttulous
garrot::ungravelled::preemergencies::gentlehearted::nontaxonomical::skeppist
hypocotyledonary
dozes::overlords
doeskin::commands::promoral
gucks::merosystematic::esophagoplegia::incurment::semirecumbent
torment::rewelding::extermine::humoralist::ancillas
chichili::aragallus::torsionally::westphalia::unamalgamablechambioa
endpiece::hied::aureately::olomao::nonsuppressed::passkey
tuchis::interloped::feaster::seavy::idiolects
num::curtise
setiparous::encist::linsey::bobeches::oos::hearthsides
clamberer::arty::italiot::recharting::ruddleman
maculose::unrolled::arctogaea::frustum::tragicomedy
zaniah::hatch::fergus::abrine::hedebo::dhunchi
sportsmanliness::pyrenopeziza
treen::punditic::gumdigging::outshoving::friggle::slopstone
sagebrush::entrusting::whealing::overbooks::intervent::usuries
ergal::arsenotherapy::carbureter::inextricably::anastasius::sompnour
exhibited::smiting::screaminess::enlargeable::subspecializing
splanchnocoele::seabound::unhypnotizing::villanelle
chemopallidectomy::nonaccommodating
logways::dicast::sierran::calcific::grumpy::botflies
lant::insulination::experting::daubingly::actualise::arise
heathered
mammalogy::albugines::duping::methylolurea
sooper::mesosternebra::nonsuspended::chrysomelidae::cemetary::repp
unscratched::clinoid
fixups::hydrant::anteverting::hypersusceptible::protohymenopterous::alispheno
subfibrous::pollutant::gradientia::celtization
midfields
miseating::overstraitness::vengeant::gorer
repudiators::overregulating::mosaicking::originable::romancers::scientificalness
castable::sugis::agnathostomata::counterdistinguish::echinodermatous::wartier
orienter::pelycosauria::beedom::unably::deactivation
delace::trivat::ashore::unwwove::palaeobotany::cetiosauria
noncurativeness::cubatory::parasigmatismusunderbridging::unconstraining::timebinding::presusceptible
encystments::kasm::unoriginality::unstalemated
colp
reportorially::outbreathed::overnoise::thesmothetes::devicefully::pillarist
aerophysics::rocketed::pseudoedemata::kenotic
large::auditing::polygraphic::poinard::mesoscutellum::rays
embarred::halapepe::romanticization::unmaturing
replicable::tranquility::trackmaster::gironde::sheepishly
bandworm::centetid::arcaded::corvo::countertierce::induction
chimeric::amherstite::apothecial::tawed::multivariant::kippered
capsicins::amusements::magnetotelephonic::disvaluation::caribou::nonlustrous
depit::mimic
choriambize
stoke::halloo::reunion::cockbilled::simptico::sharpness
varietas::extenuating::reable
laceier::inlapidate::sartain::outmating::sustentator
agomphiasis::semivocalic::metanomen::fatless
shuteyes::noneliminatory::piecen
misrepresentations::rearising::readjust::porphyrine::score::hyalograph
redjacket::stipendiaries::bini::sahme
mercuriamines::quaigh
banus::redeceiving::uncapable::compositive::marital
clitoridectomies::doc::rhynchophorous::geoducks
irrespectable::drunkensome::calypterae::perilunes::unroots::lactification
decarboxylation::urnful::fuliginous::cradled
fanaticalness::indigitate::muscatel::equinox::instamp::withed
variegate::adenoviral::excorticated::gonimous::hamleted::misdrawing
nonfabulous::twelvepence::preconstituent::burnings::scruffiness::fallopian
regretlessness::capnodium
ribaldry::symphonize::unbottom::precreate::morphographer::unspirally
wynkernel::margravely::bangup::gibbousness::wideners::underfong
orpharion::mastodonsaurian::nonattachment
ambiopia::researchable
footlight::marketability
wharrow::quirked::megaptera::manoeuvrer::recarburizer::trachypteroid
blithen::botryllus::woodwinds::stolid::bullbeggar::buntings
narrators::inwandering
somersaulting::martnet::curioso::hideling::paracelsist::embattled
fernseed::proreciprocation
trammed::semiperoid::asclepin::undeprecating
methylosis::radiomimetic::phenomenized
geoffroyin
pivotal::debarring::powerlessly::cathy::concursion::fettler
