postseasonal
litterbag+++disoxygenation+++renet
unfiercely+++reinoculate+++cenesthesia+++vasemaking
underpins+++bevelling+++squilgeing
chromatodysopia
fainaigued+++paragraphical+++treads+++pachydermatoid
potstones+++sluggardy+++hagmena+++enneagons
affluents+++lordoma+++nixie+++sevum
almuds+++yowler+++fourchite
housebote
bedright+++nikethamide+++abscise+++nonentertaining
engregge+++endangerer
catholicness
transitmen+++omissible+++superfriendly+++paraphenetidine
exhedrae+++unrepelled+++cucurbite+++borish
zelotic+++flummadiddle+++sittidae+++pyrenodean
syncarpia+++objectify+++inexhaustible+++unattacked
fischerite+++guiltiness
searcher+++salangane+++squabbling+++liturgic
helloes+++peregrinatory+++shoreland+++manwise
pulpatoon+++inbearing+++infanta+++pallone
supererogant+++unoceanic+++lynching+++decarburisation
natations+++inguen+++comforted+++underfaced
rakesteel+++microcellular+++saviorship+++aleuronat
ripraps+++deltoidei+++misopedia+++idolistic
winter+++inedited+++pedicellus+++noncrossover
jnanayoga+++squamify+++monosymmetrical+++epistler
arithmocratic+++subfactor+++pretenders+++fizzwater
metrorrhagic+++bromeosin+++dextroduction+++gypsuming
monospherical+++sveltest+++expander+++unphlegmatically
osteoarthritic+++anthramine+++upbore+++overcomer
renigs+++cherkesser+++misaddress
levying
sayyid+++unabasedly+++nonsupport+++isoaurore
nonaccidentally+++hypersensibility+++crossbanded+++halolimnic
benzhydrol+++pseudaconine+++unpolitically+++plowshares
