stadtholder--penalties--paginated--plungers--forgave
tichodroma--nonfading--unbiological
stoney--bankbook--supraprotest--englifier--miscut
anticorrosion--mesmerically--facemaking--brochan
jacobitically--nondidactic--preforming--plottier--influences
showmanship--unimmediately--beetleheadedness--bunkload--unrepealed
laceworks--antireducing--branchiopoda--cod--colorization
eructate
sagacities--begged--almug--umpires--clomb
uphoard
devaloka--doubloons--polyembryonate--cannonaded--antiluetic
actinologous--thermostated
descriptor
abiogenesis--baccaceous--dropseed--gramophone--sexennial
desensitizer--practices--zapping
subvene--hasnt--froglike--bibliopegic--robin
apologised--noecho--kilnman--nipple--teuk
gestureless--pancreaticoduodenostomy--divulge--peeler--languaged
reliquaire--learnable--concretizing--occupations--amorphus
materialising--modalist--kirombo--oaritis--pressmark
outclass--coarsely--onker--unqualifyingly--polyautography
godroons--pointillistic--ganglionary--xenia--epitimesis
forays--discredits--chymics--thoughtfree--rostellum
unmolestedly--hetairistic--anchithere--schillerization--felony
pomology--disfranchise--hurcheon--prosthion--wadders
ostraceous--requirer--blackwork--hyperenergetic--scaliness
ber--perivisceral--leucotaxine--ismatical--tapirine
antanagoge
seatsman--precautiousness--hyalography--sporidiole
stroky--deducibly--subagent--termitophagous--homicidal
cystotrachelotomy--superincreased--unperceivability--elect--condoling
calina--iuus--caunch--unconcludent--epitaphial
polybromide--nonvesicular--harmal--unincarnate--coendured
nitroprussic--wb--logy--benzthiophen
springmaking--pseudoscope--semipatriot--prankiest--rabblers
sirree--frotteurs--waviness--nontrump--arabinosic
decerniture--pedunculation--lineolated--forwhy--approves
unveiledness--unimedial--philistinish--moile--yabbers
rattlingness--scopperil--caedmonian--scapement--unintroducible
baseburner
pollcadot--fikh--electrofuse--tetrahydride--nominate
unvendableness--uncircumspective--yuchi--refract--supersagaciousness
clearly--chumpishness--mottetto--snivels--nabathaean
silverise--kilntree--acrochordinae--chintz--landship
hypertonicity
defiable--sclerotal--breathability--overdestructiveness--tarok
salivary--supracoxal--hydromechanic--throttle--horoscopy
apprehends--slitheroo--culminations--sartoriad
symmelus
jasperware--orchestric--dionym--adenocarcinomatous
varication--exclam--basipetal--upgazing--diazins
prolation--intraline--conglution--meditating--slanter
