disparities++auxohormone++rhyming++ikebanas++broadens
obligation++sprouter++valencias
buckstall++washouts++bolloxing++duendes++premunire
balachong++lyopoma++windedly++hexyls++auricularis
gabbroid++siziest++beachiest++nauseates++unget
paradoxism++mirexes++bigeye++feaberry++contect
narrowing++corrida++alalia++naviculaceae++jellifying
nontidal++uncontradictious++nonintoxicant++cluff++chaffy
sentencer++offendible++firewarden++uromycladium++rehinge
severate++freeby++dishelming
thyreotoxicosis++saltimbanco++honestone++thermatologist++christianizing
lovery++biblicopsychological++bedchairs++phantasmagorianly++guiba
wearied++consubstantially++trunk++sonless++reminiscenceful
pachyma++num++unsome++bewept++quadruplications
restipulatory++togata++depriorize++milesimos++loquent
cached++hler++pteropidae++suctorial++hyalithe
reattacked++unexacted++chafes++orthotonus++peccatophobia
sexcentenaries++encephalogram++prescore++redealing++detachers
septicidal++unodoriferously++hooktip++nonmigration++drumbeats
wenzel++reflooded++deglazes++countermeasures++babishly
unquakerlike++truff++preconvict++unseeing
bellyflaught++atomistic++jacknifing++acarapis++wavellite
pastellists++encapsulations++absoil++refutability++hallopus
abacterial++woodcreeper++money++infree++acetophenone
mytilotoxine++reattendance++protonemata++strongholds
semianimated++obtainment++sheenies++legalities++boardlike
heartling++propylacetic++greensand++schmoose++rectocolonic
majorities++subcalibre++aggrandizement++asimina++reexpansion
hydropathic++pussyfoots++fasciolidae++amyxorrhoea++refocusing
symphronistic++rickstick++transmogrifier++fallaciousness++hekhsherim
endmost++occiputs++towerproof++interminableness++atmas
metroscirrhus++doxologize++sords++plunderless++allegorized
collotypic++erethizon++rajesh++interbranchial++foredates
teethers++stealability++aspirant++unfreeman++outpromised
coriandrum++impower++synopsis++cessation++reuplift
honzo++wega++semireverberatory++sternwheel++lyngbyaceae
unallegorical++stretchproof++mestinos++temerous++interzooecial
fettled++inhaling++toxcatl++enrolle++verstes
subpatellar++bairagi++contortion++bannets++supergravitate
protochemist++debtful++quiltings++scelidotherium++ganocephalous
baddest++staunchness++ouzel++windz++regionalize
synoviparous++gilenyer++lightens++marketability++vasectomising
ornitholitic++unnihilistic++siding++arcsine++affrontedly
flacourtiaceae++milioline++steward++pekoes
minutial++wharp++galluptious++nutrimental++mitzvoth
unwhiningly++neighs++aaronic++subtract++sprewl
gapping++enkindling++catheterism++spore++intercuts
billyboy++characterisable++captivance++tampoe++anaphoric
nonextensibness++seapiece++haem++amble++muttonmonger
beeswings++recollective++crackup++gastroesophagostomy++nanismsrubian
straps++unice++nitter++stewarding
leucomelanic++zoogler++abkary++nonstrictured++figging
outsiders++alabastrites++adonized++bromhydric++omophorion
transformers++rumpus++pseudarachnidan++oversot++iliosciatic
phosphoenolpyruvate++nonautomatically++brushfire++subcommissarial++garrat
reactivates++nondriver++superobligation
epilate++christlike++connaught++neurophysiologic++hypocentre
incommend++gnawingly++somnolescent++slickpaper++pleasing
semipurposiveness++mick++existentialists++pannierman++peacoats
torqued++generations++albinisms++evenness++creatureliness
moonflower++vince++premonishment++hydrofluosilicate++cyanospiza
serpedinousrype++caloricity++dragomanish++maggotry++seminiferous
mulita++noncrucially++variances++scallage++phenotypical
dakotan++semianalytically++inequities++arcboutant++ketolytic
parhelion++novobiocin++unwoven++derogator++agglutinate
gallivanters++ons++nancy++guddler++procreative
trihybrid++unsage++gauntness++apophyge++abnerval
mhometer++metachronism++roselet++pycnosporic++feedable
pantle++postfactor++parametritic++vowers++syndesmies
inostensible++amenities++epulis++crossosomataceae++orthographising
miek++nitrogenic++endophytically++enatant++blastocheme
slipstring++freemanship++interfusion++stengahs++puerilism
brunches++obviators++isovalerate++clerkdoms++convincing
sauraseni++frontierless++midparent++dicoumarin++unvalidity
pessimistically++earthquaked++pulvic
