peripetasma::havaiki::interstitially::agennesis::swiveling::nonadmiring::cholinolytic::tamers::bla
bustler::balistidae::overhasty::antisera::wat::reticulatocoalescent::diphyesis::zoonosis::magian::kusa
muscicapine::oocysts::epistoler::unpracticableness::verdugoship::anomalistically::uraniscochasma::disp
diphosphid::scleranth::unexecutable::nonfutile::auldfarrantlike::hyperenthusiasm
feverous::routine::extrascientific
provent::laeotropous::bedeviling::petting::umbrellalike::debonairly
blowline::caners::repertoires::harbourward::commelinaceae::perisomatic::myriapod::hyponea::squitter::cephalom
appendency
magnifier::perspective::fissipedia::homiest::prerevise::zorotypus::disconfirm::mesosomes::etherealism
gastnesses
vanguard::pressly::unslot::unetymologically::afore::pharyngealization::androsterone::retroserrate::c
creationist::siphonifera::daphnioid::mbira::bathybius::miszone::baluba::opusculum::rachiodynia::canava
pamphletized
toilingly::paniconograph::scrutinizingly::dorsifixed::cryoplankton::daneball::archimperial::abducens
afterknowledge::undeductive::tankert
trocks::preconcealed::dichocarpism::chenevixite::antsigne::declinational::homework::entoire::racegoing::snap
laicisms::physocarpus::tremex::alkaptone::grade::proseucha::tavistockite::rotundifoliate::pinnula::malleably::emergence
unchristianized::sowle::newsmen::reintegrative::inordinateness::anantherous::hendedra::warlordism::ev
spawneater::rhizogenic::myriologue
nonhydraulic
spiritedly::spydom::bukat::phylloids::unembellished::overvaluation::scaphognathitic::lampwick::ophidians::p
perdurant::acridyl::amicicide::unfraught::mycomyringitis::pyosepticemia::aldamin::callisthenics::okonio
nonpurgatively::ricciaceae::successors::flourisher::indusia::urbanist::hyporadiolus::nonassessability::apprense
miscorrection::inspan
vacona::purgings::peelers::presanitary::uncurtailably::weimaraner::gravemaster::tarefitch::orbiculately::unlyric
unspun::blastomycotic::wherefores::pseudotrimeral::hampering::amyelencephalia::oomycete
covenance::conciseness::unnominal::coyotillos::montjoy::ataraxies::carboazotine::bhangs::uveous
nonlethargic
cannonading::heterosporeae::fraser::arista::babblesome::bayardly
towmond::reuse::bycoket::rustyish
inspectorate::cunny::jiglike
gaspy::tarpaulins::arthrosporous::concise::chiffrobe::uncompromising::bulgurs::tetrazolium::theelin
postaortic
porphyrous::players::purses::quadrator::injudiciously::quizzical::haw::laloneurosis::sprayer
behammer::phthisicky::aggradation::synopses::pycnic::thermolytic::naumachia::nonastronomic::repugn::flatweed
hypotonicity::classmates::nonincidentally::scissors::rebroadcasting::speronaras::directrixes::discarded::pro
charlatans::juniata::relume::subvitalised::embryogenetic::papillocarcinoma::enroot::piepoudre::edaphology::bowlde
pagatpat::conditionalize::variolate::insurrectional::balaenoptera::strokers::droopy::sarcosepsis
asclepias::segments::chincha::unharmonised::thymol::workfellow::babus::umbellulate::propenseness::phlyc
notkerian::aistopodes::uncarefulness::uninverted::dermatosis::baritone::excursion::pyrophosphatic::shoemakers
chromdiagnosis::reprove::predespond::antitraditionalist::argufying::sterics::dampeners::st
papillons::symphonise::sparklessly::trumpeter::downloaded::phocal::redefy::refect::tributary::tran
bacteriuria::erythroplastid::paralipomenon::sanguinism::hypoglycemia::hibernator::nowhereness::lwo::c
flashgun::stockyard::farewelled::staker::foggers::miskals::cardiagraphy::phellogenic::diamantin
chelem::unslumped::skilful::kirimon::osteometry::lunate::supercontrol::montanistic::undercap::untantalising::misfeatured
anorthosite::geta::dismortgaged::farads::microcircuit::laryngofissure::noconfirm
beadworks::exobasidiaceae::peroxisome::repaginate::outbraid::unpiratical
reinfects::precipitately::commutative
shellfishery::jawboning::behaves::peromela::uncompulsively::telesterion::condign::alg
