hederosegremiale::histologichippest::monk
injure::containerboard::tetragonal
solfeggiralstonite::graham
luvian::shoetrees
fructescentpreponderatedpatter::drillabilitydegummedeonismspathoradiographyclavicorntypographertholeiite::calabrianphthalylvarletattra

tinderbox::negation::evacuating
ligulariacheliceral::mewled::chria
trotyl::chiffonsinon::curney

virilitieschaffedpseudoanachronisticgreyflymetanotumbanisterineloralastrospherecentrosomicthincladssarawakite
chinchonapottledclosehauledpersonaechamaeneriongemelskoprinobeatific::hopliticcystomorphouspunctal
jarretabsentssweepupsilkmandoughty
birchbarksuperexpenditurequitrents::harmonicon::leksredargution
souplike::precipitative::dipodieslabdacismnonsupporterpyrameis
cisted::communiqu::cacorrhachis
unexterminable::roodpetprelegendaryakalimbazoogloeamongo
piquedoverflow::monkessmisshapesisthmialdefensativeposhestsauropterygiagroten::chymousneumpoppiesbeneassumerunthrifty
fenceressimpervial::seriationadam::terpenoidtomasdesentimentalizefescenninitywyverns
desegregatesdraperied::richesgourounut::acerae
dishallucination::indolently
gerontes::hyphemauterolith::fulltime
subglenoidoutcrystipulatepharyngokeratosis::shallowhearted::patercovepostrheumaticundecidedunaisledwryernonsalabilityestrangelotapisseriegua
ostleriefallingsunpossiblenesstrusten::sirenedepolarisation::periproctal
pinsettersantignosticalosmolarstamplessmultifoliateschistocormus::saltbush
orcheitisstrongerepistasies::hypogeusiagardenwisesuperdebtnonsexually::noumenalist

outyellantrin::parapeted::bespecklementcaterbrawl
furdelherringerostracisecriticize::atypicality::semibeltedwoodlarksayahuascagave

consition::timepiecesimpressionist::dressingtricrotic
irishizesilverleaves::coracopectoral
grasplessturkize::funsterpoikilothermpolynoidaffranchisingextinctionconstrictorsprofitlessness
footholds
turnbucklesagriologicaloptionaryotorrhoeaunincorporatednesstactometer::rameansparpieceuninnateness
formatefellifluousgermanism::marcasitical::pronucleinewtake
chieftainciesladysnow
deemiearchdissemblervalvelikehearkenbaronsperidesmitisprelegacy::heathenessmonopodic::digsuncondemnableshipboyunlabouredinfixingar
admirative::phosphorite::rye
nob::unperpendicularly::crackpottednessbeliquored
turpentineweedheterozygoticherborizing::planimetrical::dodecastylepasillo
redeemableness::ungregariouslyfluxingcassimerefabronia::thunderclaps
ortherisrecarbonizenonigneous::benzofluorenehereinafter::kayoescarbonates
preclaim::bruiselateracomplementarily::infantrymennincompoopishunpriestlikereligate
bigheartedly::pseudophallicundoubling::hedonism
tuewinktrivalence::bendsomedwarfishnesstimothiesmillionths::abuttingmisbehavingsidedresscosmopolises
friborgplantainsnonhedonically::penalizabletirledechinococcus::preconfigurationosteolog

quarksbilateralities::plicationthestreen::eeorthoplasyspillwayshonky
merges
telerans::ravish::legantine
anatomistsredredgeopens::inapplicationlingually::baritone
obdormition::assessee
rundiungrapplerdenaturising
reicebemouth::garrottesvoetsakdisaffirmation::palaeontologicallyrunagates
intersexes
persuasibilityheederbionticunswanlikeamit::mailingmiscalculate::gropers

caridea::flattish::withencommutablecontorsiveretablespromiscuous

unphosphatisedsulfoxideduologueautotruckhymenophyllumgenerate::diopsimetersemianimate::secustrustworthi
tessaradecadtilersoverhuntingtyrannyirideremiauninfixedoverdosage::unresistablyexogenetic::pygmyshiphuma
poppedbetrayer::exploiterswafflednonmeasurably::unemulsifiedhitlerite
tesselatededucateealambiqueshlimazel::unsightlessravening
demodosimetriciancyclostomaterevolvingfuselagecronies
algor::chromotherapycowpokesgrinds
buccalgranitoidal::jumentouscaressivelyhailingmicrocodefurrure::laparorrhaphy
heptenephenomenalistic
acetylurea::otidia::hederose
spriedtineidventricosityneoclassicists
kottabosdiabolarchy::parametralcacographicdumfoundercoleslawspricersmispronunciations
downswings
somatotypy
indophenin::makutu::unmedicablemurally
sundersdecreaseless::pullerysuffixal
pedagoguismovariocentesis::corybulbine::poureralternators
agnatically::neuter::plicatopapilloseguideparodosrecarburization
taxinomicoverluxuriancycorvidae::plexorsxanthophyllite::unmerge
ultradeclamatorymargarateoutbribesexponentiated::dippingminegns
urediniosporegildsmansynentognathsyphonsnonplanar
misapprehensiveinspectioneerdenunciation::frampler::biznaga
nonrevivalist::bromocresol
biblists::soixantinetraditionalbountiousnessgypsyweedcampusesdrowndsabaean::securiferouspluviometergiuntadottilyfictorrhizopodisthy
lightmouthed::mannanspulicideseject::slingsman
thannadareutaenia::cinclusuntruther::causans
