virological--++subitous--++unrestfully--++freedwomen--++qualifyingly--++parsonity
ahab--++phenolize--++reclassification--++hydrocorallinae
bughouse--++reprimandingly--++darac--++abet
moilingly--++brainier--++taxometer--++thallophyte--++overcommercialize--++ferdiad
impended--++denasalized--++nonhistrionicalness--++subfocal--++derailed--++ovispermary
raspy--++qtd--++rematerializing--++noncorrelatively--++guberla--++bidarka
rhubarbs--++fibrinogenically--++combatted--++tonishly--++vagility--++piler
triphthongal--++turbanned--++sequel--++aromatical--++pseudolamellibranchiate--++consequentialness
xenopsylla--++trygonidae--++tramway--++sokemanry--++vagancy--++mysidae
befogged--++gestaltist--++imbroccata--++insulary--++prebrachial--++twelvemonth
ravined--++subtenancy--++phacocystectomy--++unpalpablely
buttocks--++nitella--++disaffiliations--++garlicky--++whitely--++potable
cither--++hormogonium--++samplery--++miryachit--++mightnt--++vested
savories--++citizenizing--++overpuissantly
outcourt--++inquisitory--++begirded--++digestive--++humdrum--++chahar
spuddy--++spatterdock--++tricoryphean--++illuminatism--++andromania--++pointways
tetramorph--++colinearity--++neoarctic--++palacsinta--++sahh--++preendorsement
signacle--++bathysmal--++capcase--++conformer--++raggies--++damnous
shebean--++coronettee--++sinning--++theurgical--++demeritoriously--++depasturage
bedway--++hypothetize--++omnirevealing--++bullier--++undissipated--++semirhythmical
papistries--++grocer--++lobbyers--++ratings--++nonelementary--++grippit

franklinic--++dimities
diapyesis--++fornaxid--++oxymuriatic--++upfly--++chum--++logomachic
inshade--++spirochaetaceae--++macerators--++mesaticephalous--++uncontemptuous--++campholide
fabrics--++unpeelable
nonresonantly--++cruroinguinal--++openers--++xat--++respirators--++rapines
placeholder--++reteach--++inclaudent--++shoving--++alcoholuria--++thymolphthalein
discase--++lepered--++syndicating--++stript--++untrussing
toustie--++mispleaded--++fuchsone
