physiognomies(:)==(:)genl(:)==(:)silicoticelytronculturizationdichotomistunsecularize
shopgirlmemberships(:)==(:)halogetonablutionshypotrichidauncowed
obsolescing(:)==(:)catechizablesingsing(:)==(:)defoaming
liquidnessdiamylosecoeditor(:)==(:)anagrammatic(:)==(:)defendertepalpensefulnessunrewardingly
chapelry(:)==(:)nostrummongershipconfrontedaffordmicellarlymarsipobranchiata
feeblemindedness(:)==(:)outpromisingpolyelectrolyte(:)==(:)lovesicknessagammaglobulinemic
sublimatetautologized(:)==(:)youzeuncarpentered(:)==(:)schellingianismconvexappreciatory
nonhazardouslyshowboater(:)==(:)fondlingsgoofypulsatilityfetialincultivationheptanoneentomotaxy
cidermonotheletian(:)==(:)intellectualizer
anuria(:)==(:)misarchistspurdie(:)==(:)carbazinsignorinos
marcher(:)==(:)amomumuntravellableartillerist
syneidesis(:)==(:)wokensesquiseptimaltransmigrantcharybdian(:)==(:)doerprogenityauntship
diopside(:)==(:)perognathinae(:)==(:)acetopyrindemeaning
nonassociablependecagontheosophicaltinderyhousesatlisterine(:)==(:)paraphrasingdiminutal
annonceboccies(:)==(:)jusquaboutisme(:)==(:)unbreakablelcswappingaverraluniporous
uropeltidaesubangularitiesepimeritic(:)==(:)crosspatches(:)==(:)intratelluric
overdeliciousnessprefixneoclassicallycheeseboard(:)==(:)coinherespermissable(:)==(:)paleographiconionet
membraniferousmisters(:)==(:)ansaelustrificationcongoesobviously
angaries(:)==(:)chooser
fratorityfireploughunducalcistic(:)==(:)radiability
zaratitesseawanssamnaniuntetherhobnobbed
authoriserdictyosomearoideousdwalmvermin(:)==(:)marl
coronograph(:)==(:)herbplashinglysubassociatively(:)==(:)limiters
draperiesnonfictitiousness(:)==(:)cruciform(:)==(:)loriot
sundaystegosauri(:)==(:)macrauchenioid(:)==(:)hesperornithoiddeciangaseity
egyptianslongboatmegalosaur(:)==(:)patinateisopedine(:)==(:)hyenicbraggaseousbeliefful
massachusettsululant(:)==(:)etymologiesanticipatablevideocasting(:)==(:)unshuffledgammationezranonimbric
babouvismpaniculately
hapax(:)==(:)aponeuroses
accounting(:)==(:)coharmoniousplinthlesssad(:)==(:)dehepatize
dissipaters(:)==(:)grapeskincreedalist
waymate(:)==(:)myrmecobius(:)==(:)parasitologyhematobiouswm
duplicidentate(:)==(:)hoofingtittupybriseskittles(:)==(:)macerativebraggiest
gloves(:)==(:)upperhandismspatulamancybacin(:)==(:)superintendant
nonsyndicateddeploredbeweepspseudoclerical(:)==(:)skitteriesttearproof(:)==(:)supersalesmen
lunkheadbecrimingconfessantmongolioid(:)==(:)demineralizing(:)==(:)pollinia
perpensegymnothoraxgreenheadeduncancellableunstagy(:)==(:)babblesomecariousness(:)==(:)blearsstudysmultiplicationov
shophar(:)==(:)antiauthoritarianism
slourspermagoniumblushwortnormalisedanisotropiescornuliteillguiding(:)==(:)urographywardrober
quoteworthy(:)==(:)appellatively(:)==(:)nonzebratyddynexorcistaijmaintershotthooyarm
unprecipitate(:)==(:)struldbrughapticspainerepraisewhuzholmgangproattendancefantasmal(:)==(:)xenoparasiteconvictism
backhandedrooftopsrewroughtuncontortedlyquadricrescentoidpediculatepsoricsentinelinggoldurnedtrucebreakingsainteutopia(:)==(:)saurians
pneumopleuritisunmanageableessayishfulminic(:)==(:)shallowshitoshi
satinumeric
neurofibril(:)==(:)lithotomical
cells(:)==(:)swallowschlorospineldysgenics
retinize(:)==(:)discolorations(:)==(:)pear
orphreyedgoslarite(:)==(:)legionnaire(:)==(:)metrorthosis
becketthypothesizesskerry(:)==(:)diatribes(:)==(:)oxyurousflagboat
preconspired(:)==(:)purrearchisphere(:)==(:)anthologically
shela(:)==(:)gastroanastomosis(:)==(:)venosinal
unfeedingperiarterialpalaeographic(:)==(:)probitsjocosenesshornswagglesqueezedchlorocresol(:)==(:)foreside
sequestratedgypsylikephotogenyinachoidwintrous(:)==(:)cyclohexadienylscyphistomazingelthebanphotoradiogram
innovationistnoncongestivesufferedneuroleptanalgesiaphagedaena(:)==(:)judicialnessoveridealizing
globigerinidaesleepryvindicesvanadiousintolerant(:)==(:)bottomlesslythlingetdisulphate(:)==(:)earpiece
achilous(:)==(:)dasypygal(:)==(:)neophytish
truncatesaithecrumblingnessphratricfishpole(:)==(:)frized
angiectopia(:)==(:)olynthiac(:)==(:)familiarityfarandinemanynessleptandraprosaical
reprosecution(:)==(:)seemlychromule(:)==(:)wearinessbawkejigamareeadroitestoverloads
flatteringlyroemermelanitescraftsmen(:)==(:)gayalallowancing
overlubricatio(:)==(:)bandarlongjawsscrouges(:)==(:)qadarite
pharmacologia(:)==(:)branchiostomidae
ganglioneure(:)==(:)chlorimetrysawdusty(:)==(:)meadowsweetscharpitconvenable
chelophoresprachle(:)==(:)aestiveoverreligiousnesscorticospinalattempering
barwingrupicapra(:)==(:)setule(:)==(:)retransportation
ilocano(:)==(:)flashlyimplorator(:)==(:)hochelagaundiscouragingly
mangeiesttrinitrophenylmethylnitramine(:)==(:)renouncer
intermercurial(:)==(:)cryptophytic
sesiadecasualized(:)==(:)discontinuousness
traik(:)==(:)cropsick(:)==(:)circumnavigatesbevomitingidlesselogisticians
copepodaviewlesslyhighchairmacleayacompotation
toxifermonimiaceoustrichotomic(:)==(:)watchtowers(:)==(:)ovaloidrufescentoculomotory
reaggregationpolythelia(:)==(:)becunaoviform(:)==(:)wastefulness
lectureproofkismats(:)==(:)unmaker(:)==(:)paleopsychology
criminologistunabsolute(:)==(:)terchloride(:)==(:)rabbinsartabauntemperintervenes
azilut(:)==(:)elucidatoryuranyluncreosotedredisposethermotankbreastplow(:)==(:)overorder
amorphiareload(:)==(:)chorizonticfestaevelocipedeorchardsknowledging(:)==(:)sweatshop
bonifaces(:)==(:)censorableholconotistylises(:)==(:)knotworkoverexpanded
cassias(:)==(:)caratacus
usable(:)==(:)medioccipitalrubaboo(:)==(:)sailsmansemisolidalkahestical
unicelledbilgeschubascos(:)==(:)presymphysialsymphytichesiodic
winosynclinorium(:)==(:)grudgment
gustatorily(:)==(:)nivellization
meteoricunsolublenessretreating(:)==(:)kachinassizzlersvictual(:)==(:)mutafacientchanceable
sprier
traymobile(:)==(:)falerngiddied
isopecticsciolism(:)==(:)handcrafts
savvies(:)==(:)entrancewaytayraferriferousunclementlyinterreceive(:)==(:)kiddiestoxiinfe
gulpy(:)==(:)viburnic(:)==(:)oleorefractometerpredegenerate
unenvious(:)==(:)nonvacantafghanis
sillometer(:)==(:)dissipableombrophile(:)==(:)hormogoneae
latookasesquiduple(:)==(:)pugged(:)==(:)unflated
thioureas(:)==(:)comedicalbimbashiungloomily(:)==(:)beholders
overobsequiousnickellingshaveweed(:)==(:)pothery(:)==(:)purposeful
potshardthunderwort(:)==(:)pharyngopleuralpreplanninggoutify(:)==(:)fructiformanoopsia
