counterideal::osteostracan::misarranges::nonvegetive::unmarred::glochideous::ewery::bonassus::paragenesia
wilga::heterosomatous::gramophonical::ungovernability::schorlaceous::trekker::pennatularian::pollutingly::epicrates
chaulmoograte::inconsistently::supersensuously::enterochromaffin::chondriocont::pillowslip::edental::worst::dictational
urge::auxohormone::pentagynia::continuums::artificialness::precapillary::succussion::lousiness::girellidae
ecstatica::reseaus::forcibly::adiaphonon::rishtadar::proofing::shrubbiness::idiolects::barbing
unmigrative::cleverishly::imbecilitate::eschews::neocytosis::effluvivia::endoubt::onehow::grittier
gerousia::catholicate

defeminize::unmans::conchoidal::contumaciously::kronion::unstill::nongermane::reupholstery::taxeating
radon::waterbank::samian::fleaworts::repostponing::unscintillant

ransomless::biorhythmicities::millionnaire::madreporian::pharyngoxerosis::doradilla::nicolas::greaseproof::grenades
alkanal::theriodonta::macilency::cutweed::divineness::unornamentally
unrebuffable
paegle::regain::sapote::plagiarism::massiveness::serpigoes::superexcrescence::swabberly::taun
urtite::stealability::contraste::pitchpoll::coregonine::semiluminousness::chitters::leishmaniasis::ectoplasy
bestrewn::predatorial::untalking::sportiveness::milquetoast::cavils::sparsities::enervate::reundulate

necrophil::undefiniteness::hollered::mismaking::jakob
retinals::spectrologically::heresiographies::cornein::scillitan::participates::unigenistic::squatter::presser
cognitional::quasher::ratios::cixo::kirkton::secretions::honeymoons::thanatophoby::grovellingly
regalement::ethic::courtierly::nonostensively::ankylenteron::painterliness::gyrograph::ectethmoid::enteromycosis
jambart::bibliophage::engallant::neencephalons::humorists
pithecomorphic::enteromegalia::autobasidia::nudish::propylidene::ducato::securigera::inversatile::wealthi
glairier::arcite::sarkinite::entrance::ostensorium::gymnogen::divulging
aquagreen::saururae::forbodes::brimfull::menald::hyposensitivity::sandbagger::zydeco::gulosity
cotonam::denaturant::addio::pickaroon::amphitheatered::flagon::intubatting::uncomprehension::welcomers
baianism::fivefold::salariego::indweller::evectant::sating
diwan::clanfellow::quinaldine::seambiter::photochemist::taverna
triangulated::deworming::homochromic::chelydroid::fetor::milkbush

chamfered::wedlock::serosity::tailpipe::entropionize::shithead
consigneeship::doctorally::echeneidae::overcapitalised::ctenocephalus::cionotomy::campshedding::haemocytoblast::s
unheal::echinochrome::cardiauxe::tendomucoid::sporeforming::epicoracoidal::unfrilled
olivaster::intermissions::skeletogenous::cutgrasses::tenders
swarmer::bluestone::arkite::tons::prejudicially::halvaner::goldfinny::proceedings
timani::boniness::unblamably::colporter::epinasties::quindecasyllabic::jurisconsult::counterdiscipline::savoying
caputium::entomere::headspace::tanak
syndicalize::intorted::dissymmettric::unoppressiveness::herniotomies::mcg::semibiologically::tertian::axilla
viperfishes::pantomorphia::columbanian::postcosmic::milliampere::quitantie::sherryvallies::seastrand::marginal
unassociativeness::surfaceless::canichanan::instructorships::tempean::unstoppered::flattering
emetatrophia::tricholoma::acuminated::lansquenet::forsung::pectinoid::portlast::exaggeratedly::unexcitablely

intruder::separableness::tyloses::alisonite::tryouts::squali::rehumanization::wus
immigrational::portrayment::turnings::tinkled::semibureaucratically::implicitnessunsplendidly::boodler::corneagen
loudmouths::irreverendly::verzini::sonorant::emersonianism::basis::resystematizing::bawtie
serpentry::scentful::prestidigital::abortuses::chalice::laterally::businesswoman::onslaughts::nonapplicatory
lumination::shastracara::hemera::depend::hemicardiac::bomos
sigfile::omenta::violature::spottiest::edges::endoplastron::umest::untrellised
nonequilateral::postconceptive::homonomous::ascaron::fouls::genital::obediential::extorter::losel
democratian::centuplicated::interposing::phosphamic::cryogen::aurite::bombardiers::hereamong::scumber
thetic::semireligious::encaged::micropublisher::siddur::ischaemic::updrafts::milestones::tinklingly::o
cosey::dura::spittles::solidagos::organoscopy::cribrately::outargued::friezes::enology::ballades::au

crabbers::interelectrodic::mazumas::unlassoed::incepts::quass::dopas::repeg::dhurra::plots::d
vili::autoheterodyne::nonmorality::uninsidious::cecomorphic::monomark::subpostmaster::quotationally
bars::fossilated::kiblahs::measureless::honeylipped::photosynthometer
phalangite::filippi::roughrider::jambstone::agritos::microcheilia::routhie::underdone::decoctible::eup
expiscator::dimerize::malease::atreptic::acerbically::snig::compotier::unavailableness::biogeographic
mesosiderite::ametabolic::radiometric::reflair::achango::pilliwinks::abuna::plungingly::nondivisiveness
