halfer::outkept::alined::bellhanging
clinanthia::semantical::foolery::denebola
chubbed::contrarational::decompensating::masturbators
hemiramphine::gloom::colouring::deadeye
closed::saltatorian::finable::outjinxed
electrostatic
parathetic::carneole::footlights::gripe
undergone::command::urfirnis::lea
ariidae::coolers::disesteemed
jerahmeel::spikehole::hobbledehoys::dilatational
agalloch
ledidae::cliqueyness::angelomachy::alieners
regulationist
pleurotomidae::ihs::crawliest
chamaepericlymenum::houndfish::salonika::ileitides
renewability::avocet::tribally
zananas::pinnatisect::subvillain::dissymmetry
zoogamete::noncomplicity::outrivaled
trogons::pinocytotically::nautilicone::squamigerous
