nonsymbolic::nugatory
alloys::hyponomic
gumweeds::immovableness
cropped::medevacs
uncompensative::monsoonishly
schoolmarms::acroataxia
fisherboat::narcostimulant
vow::allodialist
amidid::nonuniversal
siricidae::cetus
conamarin::etherene
principiate::inustion
detracts::filmist
cauls::ti
anteprohibition::unexhaustedly
violetwise::probableness
apulmonic::inspirational
whussle
