junked;;rype;;olfactive;;quasi;;riskiness
daphne;;opilia;;calycinal;;sunquake;;nonceremonially
appendorontgenography
nonfraternity
milkier;;rebarbatively;;nrarucucreatininemia;;degomme;;spiritful
foreremembered
pedobaptist;;babka;;paleichthyologist;;dinkey
tyrannousness;;calzone;;disciplinable;;collen;;glees
cabbagehead;;krameria;;loury;;hazel;;alochia
noncommunist;;brooming;;psychist;;attemperation;;gorglin
acetoxyphthalide;;milliammeter;;nonconstrictive;;ichulle
bedlamic;;heromonger;;yakima;;diaconate;;tropate
brackmard;;etamin;;spa;;antiexpansionist;;liturgism
typing;;cartobibliography;;phenacaine;;unlearnability;;sauropterygia
monoecian;;puissance;;nonannouncement;;septendecillions;;histaminic
notedness;;heterometatrophic;;redeveloped;;steatomata;;multiway
etiolating
ganodus;;outfielder;;orbiculate;;unreeling;;lambently
swagman;;martial;;hafnia;;wilgers;;nudie
trainability;;undershored;;regretfulness;;mogadore;;popover
outbeams;;avifaunae
regrafted;;pasticheurs;;bechanced;;anatiferous;;workingsfieldy
hydraucone
participate;;fictively;;redelivering
sychee
presemilunar;;backswordsman;;selago;;outward;;dottling
facetiousness
unoily;;unfidelity;;misaddrest;;bowings;;underslung
bonetail;;ingatherer;;fastback
canallers;;behavior;;immartial;;stellify;;tundras
ammonitoid;;redouts;;intermeddled;;capitulation;;adelocodonic
etageres;;scrabe
quells;;moyite;;dispunge;;nonjurant
kennebec;;varisized;;muter;;hebraists;;annulli
reverentialness;;dehydromucic;;ultralegality
fordone;;whuther
underscores;;seqed;;phragmosis
descendable;;derivatist;;octachord;;wilhelmina;;antirachitically
lactoproteid;;surtaxes
impassioning;;telson
subcallosal;;embarrassed;;intercale;;menyanthaceous
acrimony;;interminable
seditionists;;harelips
epithecium
kaas;;indeterminable;;uninvitingly;;sagy;;catenas
rebelief;;twinleaf;;pederasties;;unlustie;;platycheiria
honeyedness;;glovemaking;;dignitaries;;furloughs;;thistleproof
wisplike;;enjoys;;blackies
theosopher
chiropodial;;lionlike;;paucifolious;;swalingly;;inadaptable
koeberlinia;;nonfaculty;;stances;;tutoyer;;martel
unmusicalness;;satyrinae;;kalifate
hoggerel;;almanner;;kimbang
stapedectomized;;acatholic;;sternutation;;overdiscreetness;;dauner
superpassage;;gleaming;;troak;;matrimonies;;coalface
cooper;;barspoon;;measurably;;xeromorphic
neighbor;;promotress;;antivibratory;;leghorns;;maeandrina
ironbush;;conditioner;;buckeye;;semidelight;;nodules
upheaving;;malarkies
ophthalmologically;;homeling;;euprepia;;hypapophysis;;ultrastellar
endowers;;loopy;;jewelers;;sabromin;;lumen
pyragravure;;serpulan;;oxygenated;;cobaltocyanide;;reverberant
temporisingly;;shortages;;reattribution;;jaborin;;aragonese
reassimilates;;dextrose;;panthelism;;luminists;;chengal
jann;;cytoarchitecturally;;mottled;;skyrgaliard;;nay
diversiflorous;;teletyper;;aminosuccinamic;;unserialised;;mellitum
retepore;;incomers;;junketing;;springhead;;postilioned
scornfulness;;sextuplets;;macrorhamphosus;;coxankylometer
sklate
conquisition;;anorectous;;unnoddingly;;fossage;;ren
trio;;ogres;;mylodei
quirking;;fer;;scantily;;swellishness;;coerect
clipeus;;dyers;;posited
globalize;;beblain;;vagariously;;amixia
cerograph;;nonbrowser;;sulphuryl;;finickily
