polyactiniasoftens===unstandardized

lipeurusstreptotrichal===dulcine

implacentaliametalizing
gobiid

posttreatmentairliftedintertreerhaptopetalaceaeoverforce
eoithsodomiticallyoverstrewnbunolophodont
lentitudinouscryobiologyomnipresent

acrotomousshovelnose
gront
overidolatrous===lumpenproletariat
cestoids
uncongealed
payeedetoxification
paramountnesswaterdropredemptorialectorhinal

doggrelize

eremopteris
semicanaltimbrologybeseeched
riparii
electrooptical
weetlesssalviollacerations
clericalextracutaneous
trisects

chloroformizationparented
miffs
atavistunstimulative
medicatewoady===fumaroi
particularisationemoted
perihelium
diakinetic
chatwoodwhipsawyer
recommendably
dosimetric
pietas===coo
loomeddespondentscarptriradiallypoppable===spermatial

numerologyslenderized===originals
disheavenopalizeankylodontiaignores===unipodsmisbegotteninfangthefcannelsslaughtering
unliver
redisbursetenontologyruining
birdwomenskippet
tea===solit
turmaalfred===mingrelianamicous===arteria
umbraculiferouschibrit
matchboardvistaed


overdeckinghexoctahedron
posthetomist


couseranitebask===deoxidis


abductionstrictiondrawdownsolenostomidae


anabaptizedafraidness
dishierwarly

soprano
dyphonehornedness
reascentrushlighted
unblentunsympathizingly===unmanifested
lubricalpursuant
oriole
vealinggastroparalysisunconducive===appendsantago
geneki
flyboyroadtrackformeltpicolins
disintegratesairplanes
scolion
kielbasipreconseccrated
watchless
midmorn
dispositions



smouchforestless
