
plunderbund
dithionate::skepticalness
prenominating::pillowwork
implicateness::underpasses


drafted::unessayed

herbariiums

alopecic
nipas

nonconsonance::shahdom

inroad::anosmia
hendecane::purslanes
firebricks::moribundity
splenculi::beknotting
retinae
threadbareness::foreremembered

palatial::tuberculinization

transubstantiationalist::nonfastidiously
serumal
spirobranchia
mythopoeia::juramentally

asepticism::trochiluli
pipestone::deline

unprovokable

jocker
chaptrel
tasmanian
budh::toluols
namby::disapprovable
