
bunchflower::unfatigue
diethylamine::syncephalus
beignets::dryobalanops
prevalidity


ungenerousness::prov
hexagyn::christologist::congest
deglazed







bitstock::semicotyle

bicolour::clockbird
hemozoon::ablation

convivially::bebaron
monel::ringmaking::sociality
extensors

ferrateen::paragons::hyperemo



stratagematically::perisome


semiordinate::nonidealistically::unvomited

balklines::semichaotic

checkery::symmist::specking



scalars




choirs



positional::bookstall::i
decalcifying::d

outblush::ramanan



bromauric::unswell::penfold

dindymus::pentangle::scotchness
unprosaicness::localizing


