eesome::electroengrave::antigonorrheic::suprastapedial
myelozoa::subplacentas::exoneural::chopa
calanid::freon::sibship::predepartmental
betacismus::hipponous::subdisciplines::hairpins
affixment::canones::heartsoreness::orients
rrhiza::locofoco::junglewards::oenologist
pyralidoidea::scrollwork::primos::overmatching
taster::variables::uninitiate::brieflessness
cryolite::parrotbeak::ramparting::pinion
mellic::quatrefoils::bihamate::justo
allowing
globulariaceous
ventrose::quinisextine::outfrowned::niata
overimpresses::scrithe::accordature::kartvel
protelytropteron
ungirdled::hejira::buzzwigs::revelator
